/opt/st/stm32cubeide_1.10.1/plugins/com.st.stm32cube.ide.mcu.externaltools.gnu-tools-for-stm32.10.3-2021.10.linux64_1.0.0.202111181127/tools/arm-none-eabi/include/c++/10.3.1/arm-none-eabi/thumb/v7e-m+fp/hard/bits/gthr-default.h:229:1:int __gthread_key_delete(__gthread_key_t)	16	static
../modules/src/serialPort_module.cpp:37:6:void HAL_UART_MspInit(UART_HandleTypeDef*)	48	static
../modules/src/serialPort_module.cpp:113:6:void HAL_UART_MspDeInit(UART_HandleTypeDef*)	16	static
../modules/src/serialPort_module.cpp:142:6:void HAL_UARTEx_RxEventCallback(UART_HandleTypeDef*, uint16_t)	24	static
../modules/src/serialPort_module.cpp:178:6:void serialPort::initDMAPeripheral()	24	static
../modules/src/serialPort_module.cpp:192:6:bool serialPort::initUartPeripheral(UART_HandleTypeDef*, USART_TypeDef*, uint32_t)	24	static
../modules/src/serialPort_module.cpp:225:1:serialPort::serialPort(USART_TypeDef*, UART_HandleTypeDef*, uint32_t)	24	static
../modules/src/serialPort_module.cpp:238:6:bool serialPort::init()	16	static
../modules/src/serialPort_module.cpp:249:6:bool serialPort::write(const string&)	24	static
../modules/src/serialPort_module.cpp:272:13:std::string serialPort::read()	24	static
