../modules/src/spi_module.cpp:21:6:void HAL_SPI_MspInit(SPI_HandleTypeDef*)	48	static
/home/renatobarresi/Renato/CESE_fiuba/Tesis/Code/emat/modules/inc/spi_module.h:26:7:SPI::SPI()	16	static
../modules/src/spi_module.cpp:100:6:static SPI& SPI::getInstance()	8	static
../modules/src/spi_module.cpp:110:19:HAL_StatusTypeDef SPI::init()	16	static
../modules/src/spi_module.cpp:141:19:HAL_StatusTypeDef SPI::transmit(uint8_t*, uint16_t)	24	static
../modules/src/spi_module.cpp:146:19:HAL_StatusTypeDef SPI::receive(uint8_t*, uint16_t)	24	static
../modules/src/spi_module.cpp:151:19:HAL_StatusTypeDef SPI::transmitReceive(uint8_t*, uint8_t*, uint16_t)	32	static
../modules/src/spi_module.cpp:156:6:void SPI::csHigh(uint16_t, GPIO_TypeDef*)	24	static
../modules/src/spi_module.cpp:161:6:void SPI::csLow(uint16_t, GPIO_TypeDef*)	24	static
