Archive member included to satisfy reference by file (symbol)

/opt/st/stm32cubeide_1.10.1/plugins/com.st.stm32cube.ide.mcu.externaltools.gnu-tools-for-stm32.10.3-2021.10.linux64_1.0.0.202111181127/tools/bin/../lib/gcc/arm-none-eabi/10.3.1/../../../../arm-none-eabi/lib/thumb/v7e-m+fp/hard/libc_nano.a(lib_a-errno.o)
                              ./Core/Src/syscalls.o (__errno)
/opt/st/stm32cubeide_1.10.1/plugins/com.st.stm32cube.ide.mcu.externaltools.gnu-tools-for-stm32.10.3-2021.10.linux64_1.0.0.202111181127/tools/bin/../lib/gcc/arm-none-eabi/10.3.1/../../../../arm-none-eabi/lib/thumb/v7e-m+fp/hard/libc_nano.a(lib_a-exit.o)
                              /opt/st/stm32cubeide_1.10.1/plugins/com.st.stm32cube.ide.mcu.externaltools.gnu-tools-for-stm32.10.3-2021.10.linux64_1.0.0.202111181127/tools/bin/../lib/gcc/arm-none-eabi/10.3.1/../../../../arm-none-eabi/lib/thumb/v7e-m+fp/hard/crt0.o (exit)
/opt/st/stm32cubeide_1.10.1/plugins/com.st.stm32cube.ide.mcu.externaltools.gnu-tools-for-stm32.10.3-2021.10.linux64_1.0.0.202111181127/tools/bin/../lib/gcc/arm-none-eabi/10.3.1/../../../../arm-none-eabi/lib/thumb/v7e-m+fp/hard/libc_nano.a(lib_a-impure.o)
                              /opt/st/stm32cubeide_1.10.1/plugins/com.st.stm32cube.ide.mcu.externaltools.gnu-tools-for-stm32.10.3-2021.10.linux64_1.0.0.202111181127/tools/bin/../lib/gcc/arm-none-eabi/10.3.1/../../../../arm-none-eabi/lib/thumb/v7e-m+fp/hard/libc_nano.a(lib_a-exit.o) (_global_impure_ptr)
/opt/st/stm32cubeide_1.10.1/plugins/com.st.stm32cube.ide.mcu.externaltools.gnu-tools-for-stm32.10.3-2021.10.linux64_1.0.0.202111181127/tools/bin/../lib/gcc/arm-none-eabi/10.3.1/../../../../arm-none-eabi/lib/thumb/v7e-m+fp/hard/libc_nano.a(lib_a-init.o)
                              /opt/st/stm32cubeide_1.10.1/plugins/com.st.stm32cube.ide.mcu.externaltools.gnu-tools-for-stm32.10.3-2021.10.linux64_1.0.0.202111181127/tools/bin/../lib/gcc/arm-none-eabi/10.3.1/../../../../arm-none-eabi/lib/thumb/v7e-m+fp/hard/crt0.o (__libc_init_array)
/opt/st/stm32cubeide_1.10.1/plugins/com.st.stm32cube.ide.mcu.externaltools.gnu-tools-for-stm32.10.3-2021.10.linux64_1.0.0.202111181127/tools/bin/../lib/gcc/arm-none-eabi/10.3.1/../../../../arm-none-eabi/lib/thumb/v7e-m+fp/hard/libc_nano.a(lib_a-memcmp.o)
                              ./Middleware/FatFS/src/ff.o (memcmp)
/opt/st/stm32cubeide_1.10.1/plugins/com.st.stm32cube.ide.mcu.externaltools.gnu-tools-for-stm32.10.3-2021.10.linux64_1.0.0.202111181127/tools/bin/../lib/gcc/arm-none-eabi/10.3.1/../../../../arm-none-eabi/lib/thumb/v7e-m+fp/hard/libc_nano.a(lib_a-memcpy-stub.o)
                              ./Middleware/FatFS/src/W25Q64_wrapper.o (memcpy)
/opt/st/stm32cubeide_1.10.1/plugins/com.st.stm32cube.ide.mcu.externaltools.gnu-tools-for-stm32.10.3-2021.10.linux64_1.0.0.202111181127/tools/bin/../lib/gcc/arm-none-eabi/10.3.1/../../../../arm-none-eabi/lib/thumb/v7e-m+fp/hard/libc_nano.a(lib_a-memset.o)
                              /opt/st/stm32cubeide_1.10.1/plugins/com.st.stm32cube.ide.mcu.externaltools.gnu-tools-for-stm32.10.3-2021.10.linux64_1.0.0.202111181127/tools/bin/../lib/gcc/arm-none-eabi/10.3.1/../../../../arm-none-eabi/lib/thumb/v7e-m+fp/hard/crt0.o (memset)
/opt/st/stm32cubeide_1.10.1/plugins/com.st.stm32cube.ide.mcu.externaltools.gnu-tools-for-stm32.10.3-2021.10.linux64_1.0.0.202111181127/tools/bin/../lib/gcc/arm-none-eabi/10.3.1/../../../../arm-none-eabi/lib/thumb/v7e-m+fp/hard/libc_nano.a(lib_a-strchr.o)
                              ./Middleware/FatFS/src/ff.o (strchr)
/opt/st/stm32cubeide_1.10.1/plugins/com.st.stm32cube.ide.mcu.externaltools.gnu-tools-for-stm32.10.3-2021.10.linux64_1.0.0.202111181127/tools/bin/../lib/gcc/arm-none-eabi/10.3.1/thumb/v7e-m+fp/hard/libgcc.a(_aeabi_uldivmod.o)
                              ./Drivers/STM32F4xx_HAL_Driver/Src/stm32f4xx_hal_rcc.o (__aeabi_uldivmod)
/opt/st/stm32cubeide_1.10.1/plugins/com.st.stm32cube.ide.mcu.externaltools.gnu-tools-for-stm32.10.3-2021.10.linux64_1.0.0.202111181127/tools/bin/../lib/gcc/arm-none-eabi/10.3.1/thumb/v7e-m+fp/hard/libgcc.a(_udivmoddi4.o)
                              /opt/st/stm32cubeide_1.10.1/plugins/com.st.stm32cube.ide.mcu.externaltools.gnu-tools-for-stm32.10.3-2021.10.linux64_1.0.0.202111181127/tools/bin/../lib/gcc/arm-none-eabi/10.3.1/thumb/v7e-m+fp/hard/libgcc.a(_aeabi_uldivmod.o) (__udivmoddi4)
/opt/st/stm32cubeide_1.10.1/plugins/com.st.stm32cube.ide.mcu.externaltools.gnu-tools-for-stm32.10.3-2021.10.linux64_1.0.0.202111181127/tools/bin/../lib/gcc/arm-none-eabi/10.3.1/thumb/v7e-m+fp/hard/libgcc.a(_dvmd_tls.o)
                              /opt/st/stm32cubeide_1.10.1/plugins/com.st.stm32cube.ide.mcu.externaltools.gnu-tools-for-stm32.10.3-2021.10.linux64_1.0.0.202111181127/tools/bin/../lib/gcc/arm-none-eabi/10.3.1/thumb/v7e-m+fp/hard/libgcc.a(_aeabi_uldivmod.o) (__aeabi_ldiv0)

Discarded input sections

[...]
Memory Configuration

Name             Origin             Length             Attributes
CCMRAM           0x0000000010000000 0x0000000000010000 xrw
RAM              0x0000000020000000 0x0000000000030000 xrw
FLASH            0x0000000008000000 0x0000000000200000 xr
*default*        0x0000000000000000 0xffffffffffffffff

Linker script and memory map

LOAD /opt/st/stm32cubeide_1.10.1/plugins/com.st.stm32cube.ide.mcu.externaltools.gnu-tools-for-stm32.10.3-2021.10.linux64_1.0.0.202111181127/tools/bin/../lib/gcc/arm-none-eabi/10.3.1/thumb/v7e-m+fp/hard/crti.o
LOAD /opt/st/stm32cubeide_1.10.1/plugins/com.st.stm32cube.ide.mcu.externaltools.gnu-tools-for-stm32.10.3-2021.10.linux64_1.0.0.202111181127/tools/bin/../lib/gcc/arm-none-eabi/10.3.1/thumb/v7e-m+fp/hard/crtbegin.o
LOAD /opt/st/stm32cubeide_1.10.1/plugins/com.st.stm32cube.ide.mcu.externaltools.gnu-tools-for-stm32.10.3-2021.10.linux64_1.0.0.202111181127/tools/bin/../lib/gcc/arm-none-eabi/10.3.1/../../../../arm-none-eabi/lib/thumb/v7e-m+fp/hard/crt0.o
LOAD ./Core/Src/main.o
LOAD ./Core/Src/stm32f4xx_hal_msp.o
LOAD ./Core/Src/stm32f4xx_it.o
LOAD ./Core/Src/syscalls.o
LOAD ./Core/Src/sysmem.o
LOAD ./Core/Src/system_stm32f4xx.o
LOAD ./Core/Startup/startup_stm32f429zitx.o
LOAD ./Drivers/STM32F4xx_HAL_Driver/Src/stm32f4xx_hal.o
LOAD ./Drivers/STM32F4xx_HAL_Driver/Src/stm32f4xx_hal_cortex.o
LOAD ./Drivers/STM32F4xx_HAL_Driver/Src/stm32f4xx_hal_dma.o
LOAD ./Drivers/STM32F4xx_HAL_Driver/Src/stm32f4xx_hal_dma_ex.o
LOAD ./Drivers/STM32F4xx_HAL_Driver/Src/stm32f4xx_hal_exti.o
LOAD ./Drivers/STM32F4xx_HAL_Driver/Src/stm32f4xx_hal_flash.o
LOAD ./Drivers/STM32F4xx_HAL_Driver/Src/stm32f4xx_hal_flash_ex.o
LOAD ./Drivers/STM32F4xx_HAL_Driver/Src/stm32f4xx_hal_flash_ramfunc.o
LOAD ./Drivers/STM32F4xx_HAL_Driver/Src/stm32f4xx_hal_gpio.o
LOAD ./Drivers/STM32F4xx_HAL_Driver/Src/stm32f4xx_hal_pwr.o
LOAD ./Drivers/STM32F4xx_HAL_Driver/Src/stm32f4xx_hal_pwr_ex.o
LOAD ./Drivers/STM32F4xx_HAL_Driver/Src/stm32f4xx_hal_rcc.o
LOAD ./Drivers/STM32F4xx_HAL_Driver/Src/stm32f4xx_hal_rcc_ex.o
LOAD ./Drivers/STM32F4xx_HAL_Driver/Src/stm32f4xx_hal_spi.o
LOAD ./Drivers/STM32F4xx_HAL_Driver/Src/stm32f4xx_hal_tim.o
LOAD ./Drivers/STM32F4xx_HAL_Driver/Src/stm32f4xx_hal_tim_ex.o
LOAD ./Drivers/STM32F4xx_HAL_Driver/Src/stm32f4xx_hal_uart.o
LOAD ./Middleware/FatFS/src/W25Q64_wrapper.o
LOAD ./Middleware/FatFS/src/diskio.o
LOAD ./Middleware/FatFS/src/ff.o
LOAD ./Middleware/FatFS/src/ffsystem.o
LOAD ./Middleware/FatFS/src/ffunicode.o
LOAD ./modules/src/W25Qx_module.o
LOAD ./modules/src/spi_module.o
LOAD ./project_cpp/src/project_cpp.o
START GROUP
LOAD /opt/st/stm32cubeide_1.10.1/plugins/com.st.stm32cube.ide.mcu.externaltools.gnu-tools-for-stm32.10.3-2021.10.linux64_1.0.0.202111181127/tools/bin/../lib/gcc/arm-none-eabi/10.3.1/../../../../arm-none-eabi/lib/thumb/v7e-m+fp/hard/libstdc++_nano.a
LOAD /opt/st/stm32cubeide_1.10.1/plugins/com.st.stm32cube.ide.mcu.externaltools.gnu-tools-for-stm32.10.3-2021.10.linux64_1.0.0.202111181127/tools/bin/../lib/gcc/arm-none-eabi/10.3.1/../../../../arm-none-eabi/lib/thumb/v7e-m+fp/hard/libsupc++_nano.a
END GROUP
LOAD /opt/st/stm32cubeide_1.10.1/plugins/com.st.stm32cube.ide.mcu.externaltools.gnu-tools-for-stm32.10.3-2021.10.linux64_1.0.0.202111181127/tools/bin/../lib/gcc/arm-none-eabi/10.3.1/../../../../arm-none-eabi/lib/thumb/v7e-m+fp/hard/libstdc++_nano.a
LOAD /opt/st/stm32cubeide_1.10.1/plugins/com.st.stm32cube.ide.mcu.externaltools.gnu-tools-for-stm32.10.3-2021.10.linux64_1.0.0.202111181127/tools/bin/../lib/gcc/arm-none-eabi/10.3.1/../../../../arm-none-eabi/lib/thumb/v7e-m+fp/hard/libm.a
LOAD /opt/st/stm32cubeide_1.10.1/plugins/com.st.stm32cube.ide.mcu.externaltools.gnu-tools-for-stm32.10.3-2021.10.linux64_1.0.0.202111181127/tools/bin/../lib/gcc/arm-none-eabi/10.3.1/../../../../arm-none-eabi/lib/thumb/v7e-m+fp/hard/libc_nano.a
START GROUP
LOAD /opt/st/stm32cubeide_1.10.1/plugins/com.st.stm32cube.ide.mcu.externaltools.gnu-tools-for-stm32.10.3-2021.10.linux64_1.0.0.202111181127/tools/bin/../lib/gcc/arm-none-eabi/10.3.1/thumb/v7e-m+fp/hard/libgcc.a
LOAD /opt/st/stm32cubeide_1.10.1/plugins/com.st.stm32cube.ide.mcu.externaltools.gnu-tools-for-stm32.10.3-2021.10.linux64_1.0.0.202111181127/tools/bin/../lib/gcc/arm-none-eabi/10.3.1/../../../../arm-none-eabi/lib/thumb/v7e-m+fp/hard/libc_nano.a
END GROUP
START GROUP
LOAD /opt/st/stm32cubeide_1.10.1/plugins/com.st.stm32cube.ide.mcu.externaltools.gnu-tools-for-stm32.10.3-2021.10.linux64_1.0.0.202111181127/tools/bin/../lib/gcc/arm-none-eabi/10.3.1/thumb/v7e-m+fp/hard/libgcc.a
LOAD /opt/st/stm32cubeide_1.10.1/plugins/com.st.stm32cube.ide.mcu.externaltools.gnu-tools-for-stm32.10.3-2021.10.linux64_1.0.0.202111181127/tools/bin/../lib/gcc/arm-none-eabi/10.3.1/../../../../arm-none-eabi/lib/thumb/v7e-m+fp/hard/libc_nano.a
LOAD /opt/st/stm32cubeide_1.10.1/plugins/com.st.stm32cube.ide.mcu.externaltools.gnu-tools-for-stm32.10.3-2021.10.linux64_1.0.0.202111181127/tools/bin/../lib/gcc/arm-none-eabi/10.3.1/../../../../arm-none-eabi/lib/thumb/v7e-m+fp/hard/libnosys.a
END GROUP
START GROUP
LOAD /opt/st/stm32cubeide_1.10.1/plugins/com.st.stm32cube.ide.mcu.externaltools.gnu-tools-for-stm32.10.3-2021.10.linux64_1.0.0.202111181127/tools/bin/../lib/gcc/arm-none-eabi/10.3.1/thumb/v7e-m+fp/hard/libgcc.a
LOAD /opt/st/stm32cubeide_1.10.1/plugins/com.st.stm32cube.ide.mcu.externaltools.gnu-tools-for-stm32.10.3-2021.10.linux64_1.0.0.202111181127/tools/bin/../lib/gcc/arm-none-eabi/10.3.1/../../../../arm-none-eabi/lib/thumb/v7e-m+fp/hard/libc_nano.a
LOAD /opt/st/stm32cubeide_1.10.1/plugins/com.st.stm32cube.ide.mcu.externaltools.gnu-tools-for-stm32.10.3-2021.10.linux64_1.0.0.202111181127/tools/bin/../lib/gcc/arm-none-eabi/10.3.1/../../../../arm-none-eabi/lib/thumb/v7e-m+fp/hard/libnosys.a
END GROUP
LOAD /opt/st/stm32cubeide_1.10.1/plugins/com.st.stm32cube.ide.mcu.externaltools.gnu-tools-for-stm32.10.3-2021.10.linux64_1.0.0.202111181127/tools/bin/../lib/gcc/arm-none-eabi/10.3.1/thumb/v7e-m+fp/hard/crtend.o
LOAD /opt/st/stm32cubeide_1.10.1/plugins/com.st.stm32cube.ide.mcu.externaltools.gnu-tools-for-stm32.10.3-2021.10.linux64_1.0.0.202111181127/tools/bin/../lib/gcc/arm-none-eabi/10.3.1/thumb/v7e-m+fp/hard/crtn.o
                0x0000000020030000                _estack = (ORIGIN (RAM) + LENGTH (RAM))
                0x0000000000000200                _Min_Heap_Size = 0x200
                0x0000000000000400                _Min_Stack_Size = 0x400

.isr_vector     0x0000000008000000      0x1ac
                0x0000000008000000                . = ALIGN (0x4)
 *(.isr_vector)
 .isr_vector    0x0000000008000000      0x1ac ./Core/Startup/startup_stm32f429zitx.o
                0x0000000008000000                g_pfnVectors
                0x00000000080001ac                . = ALIGN (0x4)

.text           0x00000000080001ac     0x3864
                0x00000000080001ac                . = ALIGN (0x4)
 *(.text)
 .text          0x00000000080001ac       0x40 /opt/st/stm32cubeide_1.10.1/plugins/com.st.stm32cube.ide.mcu.externaltools.gnu-tools-for-stm32.10.3-2021.10.linux64_1.0.0.202111181127/tools/bin/../lib/gcc/arm-none-eabi/10.3.1/thumb/v7e-m+fp/hard/crtbegin.o
 .text          0x00000000080001ec       0x30 /opt/st/stm32cubeide_1.10.1/plugins/com.st.stm32cube.ide.mcu.externaltools.gnu-tools-for-stm32.10.3-2021.10.linux64_1.0.0.202111181127/tools/bin/../lib/gcc/arm-none-eabi/10.3.1/thumb/v7e-m+fp/hard/libgcc.a(_aeabi_uldivmod.o)
                0x00000000080001ec                __aeabi_uldivmod
 .text          0x000000000800021c      0x2d0 /opt/st/stm32cubeide_1.10.1/plugins/com.st.stm32cube.ide.mcu.externaltools.gnu-tools-for-stm32.10.3-2021.10.linux64_1.0.0.202111181127/tools/bin/../lib/gcc/arm-none-eabi/10.3.1/thumb/v7e-m+fp/hard/libgcc.a(_udivmoddi4.o)
                0x000000000800021c                __udivmoddi4
 .text          0x00000000080004ec        0x4 /opt/st/stm32cubeide_1.10.1/plugins/com.st.stm32cube.ide.mcu.externaltools.gnu-tools-for-stm32.10.3-2021.10.linux64_1.0.0.202111181127/tools/bin/../lib/gcc/arm-none-eabi/10.3.1/thumb/v7e-m+fp/hard/libgcc.a(_dvmd_tls.o)
                0x00000000080004ec                __aeabi_ldiv0
                0x00000000080004ec                __aeabi_idiv0
 *(.text*)
 .text.main     0x00000000080004f0       0x16 ./Core/Src/main.o
                0x00000000080004f0                main
 *fill*         0x0000000008000506        0x2 
 .text.SystemClock_Config
                0x0000000008000508       0xc0 ./Core/Src/main.o
                0x0000000008000508                SystemClock_Config
 .text.MX_GPIO_Init
                0x00000000080005c8      0x23c ./Core/Src/main.o
 .text.Error_Handler
                0x0000000008000804        0xa ./Core/Src/main.o
                0x0000000008000804                Error_Handler
 *fill*         0x000000000800080e        0x2 
 .text.HAL_MspInit
                0x0000000008000810       0x50 ./Core/Src/stm32f4xx_hal_msp.o
                0x0000000008000810                HAL_MspInit
 .text.NMI_Handler
                0x0000000008000860        0x6 ./Core/Src/stm32f4xx_it.o
                0x0000000008000860                NMI_Handler
 .text.HardFault_Handler
                0x0000000008000866        0x6 ./Core/Src/stm32f4xx_it.o
                0x0000000008000866                HardFault_Handler
 .text.MemManage_Handler
                0x000000000800086c        0x6 ./Core/Src/stm32f4xx_it.o
                0x000000000800086c                MemManage_Handler
 .text.BusFault_Handler
                0x0000000008000872        0x6 ./Core/Src/stm32f4xx_it.o
                0x0000000008000872                BusFault_Handler
 .text.UsageFault_Handler
                0x0000000008000878        0x6 ./Core/Src/stm32f4xx_it.o
                0x0000000008000878                UsageFault_Handler
 .text.SVC_Handler
                0x000000000800087e        0xe ./Core/Src/stm32f4xx_it.o
                0x000000000800087e                SVC_Handler
 .text.DebugMon_Handler
                0x000000000800088c        0xe ./Core/Src/stm32f4xx_it.o
                0x000000000800088c                DebugMon_Handler
 .text.PendSV_Handler
                0x000000000800089a        0xe ./Core/Src/stm32f4xx_it.o
                0x000000000800089a                PendSV_Handler
 .text.SysTick_Handler
                0x00000000080008a8        0xc ./Core/Src/stm32f4xx_it.o
                0x00000000080008a8                SysTick_Handler
 .text.SPI1_IRQHandler
                0x00000000080008b4        0xe ./Core/Src/stm32f4xx_it.o
                0x00000000080008b4                SPI1_IRQHandler
 *fill*         0x00000000080008c2        0x2 
 .text.DMA2_Stream0_IRQHandler
                0x00000000080008c4       0x14 ./Core/Src/stm32f4xx_it.o
                0x00000000080008c4                DMA2_Stream0_IRQHandler
 .text.DMA2_Stream3_IRQHandler
                0x00000000080008d8       0x14 ./Core/Src/stm32f4xx_it.o
                0x00000000080008d8                DMA2_Stream3_IRQHandler
 .text.SystemInit
                0x00000000080008ec       0x24 ./Core/Src/system_stm32f4xx.o
                0x00000000080008ec                SystemInit
 .text.Reset_Handler
                0x0000000008000910       0x50 ./Core/Startup/startup_stm32f429zitx.o
                0x0000000008000910                Reset_Handler
 .text.Default_Handler
                0x0000000008000960        0x2 ./Core/Startup/startup_stm32f429zitx.o
                0x0000000008000960                RTC_Alarm_IRQHandler
                0x0000000008000960                HASH_RNG_IRQHandler
                0x0000000008000960                EXTI2_IRQHandler
                0x0000000008000960                TIM8_CC_IRQHandler
                0x0000000008000960                UART8_IRQHandler
                0x0000000008000960                SPI4_IRQHandler
                0x0000000008000960                TIM1_CC_IRQHandler
                0x0000000008000960                DMA2_Stream5_IRQHandler
                0x0000000008000960                DMA1_Stream5_IRQHandler
                0x0000000008000960                PVD_IRQHandler
                0x0000000008000960                SDIO_IRQHandler
                0x0000000008000960                TAMP_STAMP_IRQHandler
                0x0000000008000960                CAN2_RX1_IRQHandler
                0x0000000008000960                EXTI3_IRQHandler
                0x0000000008000960                TIM8_TRG_COM_TIM14_IRQHandler
                0x0000000008000960                TIM1_UP_TIM10_IRQHandler
                0x0000000008000960                TIM8_UP_TIM13_IRQHandler
                0x0000000008000960                I2C3_ER_IRQHandler
                0x0000000008000960                EXTI0_IRQHandler
                0x0000000008000960                I2C2_EV_IRQHandler
                0x0000000008000960                DMA1_Stream2_IRQHandler
                0x0000000008000960                CAN1_RX0_IRQHandler
                0x0000000008000960                FPU_IRQHandler
                0x0000000008000960                OTG_HS_WKUP_IRQHandler
                0x0000000008000960                LTDC_ER_IRQHandler
                0x0000000008000960                CAN2_SCE_IRQHandler
                0x0000000008000960                DMA2_Stream2_IRQHandler
                0x0000000008000960                TIM6_DAC_IRQHandler
                0x0000000008000960                TIM1_BRK_TIM9_IRQHandler
                0x0000000008000960                DCMI_IRQHandler
                0x0000000008000960                CAN2_RX0_IRQHandler
                0x0000000008000960                USART6_IRQHandler
                0x0000000008000960                USART3_IRQHandler
                0x0000000008000960                CAN1_RX1_IRQHandler
                0x0000000008000960                UART5_IRQHandler
                0x0000000008000960                TIM4_IRQHandler
                0x0000000008000960                I2C1_EV_IRQHandler
                0x0000000008000960                DMA1_Stream6_IRQHandler
                0x0000000008000960                DMA1_Stream1_IRQHandler
                0x0000000008000960                UART4_IRQHandler
                0x0000000008000960                TIM3_IRQHandler
                0x0000000008000960                RCC_IRQHandler
                0x0000000008000960                TIM8_BRK_TIM12_IRQHandler
                0x0000000008000960                Default_Handler
                0x0000000008000960                EXTI15_10_IRQHandler
                0x0000000008000960                ADC_IRQHandler
                0x0000000008000960                DMA1_Stream7_IRQHandler
                0x0000000008000960                SPI5_IRQHandler
                0x0000000008000960                TIM7_IRQHandler
                0x0000000008000960                CAN2_TX_IRQHandler
                0x0000000008000960                TIM5_IRQHandler
                0x0000000008000960                DMA2_Stream7_IRQHandler
                0x0000000008000960                I2C3_EV_IRQHandler
                0x0000000008000960                EXTI9_5_IRQHandler
                0x0000000008000960                RTC_WKUP_IRQHandler
                0x0000000008000960                LTDC_IRQHandler
                0x0000000008000960                ETH_WKUP_IRQHandler
                0x0000000008000960                SPI2_IRQHandler
                0x0000000008000960                OTG_HS_EP1_IN_IRQHandler
                0x0000000008000960                DMA1_Stream0_IRQHandler
                0x0000000008000960                CAN1_TX_IRQHandler
                0x0000000008000960                EXTI4_IRQHandler
                0x0000000008000960                ETH_IRQHandler
                0x0000000008000960                OTG_HS_EP1_OUT_IRQHandler
                0x0000000008000960                WWDG_IRQHandler
                0x0000000008000960                SPI6_IRQHandler
                0x0000000008000960                TIM2_IRQHandler
                0x0000000008000960                OTG_FS_WKUP_IRQHandler
                0x0000000008000960                TIM1_TRG_COM_TIM11_IRQHandler
                0x0000000008000960                OTG_HS_IRQHandler
                0x0000000008000960                DMA2D_IRQHandler
                0x0000000008000960                EXTI1_IRQHandler
                0x0000000008000960                UART7_IRQHandler
                0x0000000008000960                USART2_IRQHandler
                0x0000000008000960                I2C2_ER_IRQHandler
                0x0000000008000960                DMA2_Stream1_IRQHandler
                0x0000000008000960                CAN1_SCE_IRQHandler
                0x0000000008000960                FLASH_IRQHandler
                0x0000000008000960                DMA2_Stream4_IRQHandler
                0x0000000008000960                USART1_IRQHandler
                0x0000000008000960                OTG_FS_IRQHandler
                0x0000000008000960                SPI3_IRQHandler
                0x0000000008000960                DMA1_Stream4_IRQHandler
                0x0000000008000960                I2C1_ER_IRQHandler
                0x0000000008000960                FMC_IRQHandler
                0x0000000008000960                DMA2_Stream6_IRQHandler
                0x0000000008000960                SAI1_IRQHandler
                0x0000000008000960                DMA1_Stream3_IRQHandler
 *fill*         0x0000000008000962        0x2 
 .text.HAL_Init
                0x0000000008000964       0x44 ./Drivers/STM32F4xx_HAL_Driver/Src/stm32f4xx_hal.o
                0x0000000008000964                HAL_Init
 .text.HAL_InitTick
                0x00000000080009a8       0x60 ./Drivers/STM32F4xx_HAL_Driver/Src/stm32f4xx_hal.o
                0x00000000080009a8                HAL_InitTick
 .text.HAL_IncTick
                0x0000000008000a08       0x28 ./Drivers/STM32F4xx_HAL_Driver/Src/stm32f4xx_hal.o
                0x0000000008000a08                HAL_IncTick
 .text.HAL_GetTick
                0x0000000008000a30       0x18 ./Drivers/STM32F4xx_HAL_Driver/Src/stm32f4xx_hal.o
                0x0000000008000a30                HAL_GetTick
 .text.__NVIC_SetPriorityGrouping
                0x0000000008000a48       0x48 ./Drivers/STM32F4xx_HAL_Driver/Src/stm32f4xx_hal_cortex.o
 .text.__NVIC_GetPriorityGrouping
                0x0000000008000a90       0x1c ./Drivers/STM32F4xx_HAL_Driver/Src/stm32f4xx_hal_cortex.o
 .text.__NVIC_SetPriority
                0x0000000008000aac       0x54 ./Drivers/STM32F4xx_HAL_Driver/Src/stm32f4xx_hal_cortex.o
 .text.NVIC_EncodePriority
                0x0000000008000b00       0x66 ./Drivers/STM32F4xx_HAL_Driver/Src/stm32f4xx_hal_cortex.o
 *fill*         0x0000000008000b66        0x2 
 .text.SysTick_Config
                0x0000000008000b68       0x44 ./Drivers/STM32F4xx_HAL_Driver/Src/stm32f4xx_hal_cortex.o
 .text.HAL_NVIC_SetPriorityGrouping
                0x0000000008000bac       0x16 ./Drivers/STM32F4xx_HAL_Driver/Src/stm32f4xx_hal_cortex.o
                0x0000000008000bac                HAL_NVIC_SetPriorityGrouping
 .text.HAL_NVIC_SetPriority
                0x0000000008000bc2       0x38 ./Drivers/STM32F4xx_HAL_Driver/Src/stm32f4xx_hal_cortex.o
                0x0000000008000bc2                HAL_NVIC_SetPriority
 .text.HAL_SYSTICK_Config
                0x0000000008000bfa       0x18 ./Drivers/STM32F4xx_HAL_Driver/Src/stm32f4xx_hal_cortex.o
                0x0000000008000bfa                HAL_SYSTICK_Config
 *fill*         0x0000000008000c12        0x2 
 .text.HAL_DMA_IRQHandler
                0x0000000008000c14      0x314 ./Drivers/STM32F4xx_HAL_Driver/Src/stm32f4xx_hal_dma.o
                0x0000000008000c14                HAL_DMA_IRQHandler
 .text.HAL_GPIO_Init
                0x0000000008000f28      0x358 ./Drivers/STM32F4xx_HAL_Driver/Src/stm32f4xx_hal_gpio.o
                0x0000000008000f28                HAL_GPIO_Init
 .text.HAL_GPIO_WritePin
                0x0000000008001280       0x32 ./Drivers/STM32F4xx_HAL_Driver/Src/stm32f4xx_hal_gpio.o
                0x0000000008001280                HAL_GPIO_WritePin
 *fill*         0x00000000080012b2        0x2 
 .text.HAL_RCC_OscConfig
                0x00000000080012b4      0x4f0 ./Drivers/STM32F4xx_HAL_Driver/Src/stm32f4xx_hal_rcc.o
                0x00000000080012b4                HAL_RCC_OscConfig
 .text.HAL_RCC_ClockConfig
                0x00000000080017a4      0x1cc ./Drivers/STM32F4xx_HAL_Driver/Src/stm32f4xx_hal_rcc.o
                0x00000000080017a4                HAL_RCC_ClockConfig
 .text.HAL_RCC_GetSysClockFreq
                0x0000000008001970      0x20c ./Drivers/STM32F4xx_HAL_Driver/Src/stm32f4xx_hal_rcc.o
                0x0000000008001970                HAL_RCC_GetSysClockFreq
 .text.HAL_SPI_Init
                0x0000000008001b7c      0x112 ./Drivers/STM32F4xx_HAL_Driver/Src/stm32f4xx_hal_spi.o
                0x0000000008001b7c                HAL_SPI_Init
 .text.HAL_SPI_Transmit
                0x0000000008001c8e      0x278 ./Drivers/STM32F4xx_HAL_Driver/Src/stm32f4xx_hal_spi.o
                0x0000000008001c8e                HAL_SPI_Transmit
 .text.HAL_SPI_Receive
                0x0000000008001f06      0x222 ./Drivers/STM32F4xx_HAL_Driver/Src/stm32f4xx_hal_spi.o
                0x0000000008001f06                HAL_SPI_Receive
 .text.HAL_SPI_TransmitReceive
                0x0000000008002128      0x344 ./Drivers/STM32F4xx_HAL_Driver/Src/stm32f4xx_hal_spi.o
                0x0000000008002128                HAL_SPI_TransmitReceive
 .text.SPI_WaitFlagStateUntilTimeout
                0x000000000800246c      0x110 ./Drivers/STM32F4xx_HAL_Driver/Src/stm32f4xx_hal_spi.o
 .text.SPI_EndRxTransaction
                0x000000000800257c       0xca ./Drivers/STM32F4xx_HAL_Driver/Src/stm32f4xx_hal_spi.o
 *fill*         0x0000000008002646        0x2 
 .text.SPI_EndRxTxTransaction
                0x0000000008002648       0x84 ./Drivers/STM32F4xx_HAL_Driver/Src/stm32f4xx_hal_spi.o
 .text.W25Q64Init
                0x00000000080026cc       0x30 ./Middleware/FatFS/src/W25Q64_wrapper.o
                0x00000000080026cc                W25Q64Init
 .text.W25Q64Write
                0x00000000080026fc       0xb4 ./Middleware/FatFS/src/W25Q64_wrapper.o
                0x00000000080026fc                W25Q64Write
 .text.W25Q64DiskIoctl
                0x00000000080027b0       0x64 ./Middleware/FatFS/src/W25Q64_wrapper.o
                0x00000000080027b0                W25Q64DiskIoctl
 .text._Z41__static_initialization_and_destruction_0ii
                0x0000000008002814       0x3c ./Middleware/FatFS/src/W25Q64_wrapper.o
 .text._GLOBAL__sub_I_hspi1
                0x0000000008002850       0x10 ./Middleware/FatFS/src/W25Q64_wrapper.o
 .text.disk_initialize
                0x0000000008002860       0x3c ./Middleware/FatFS/src/diskio.o
                0x0000000008002860                disk_initialize
 .text.disk_write
                0x000000000800289c       0x48 ./Middleware/FatFS/src/diskio.o
                0x000000000800289c                disk_write
 .text.disk_ioctl
                0x00000000080028e4       0x48 ./Middleware/FatFS/src/diskio.o
                0x00000000080028e4                disk_ioctl
 .text.st_word  0x000000000800292c       0x36 ./Middleware/FatFS/src/ff.o
 .text.st_dword
                0x0000000008002962       0x58 ./Middleware/FatFS/src/ff.o
 .text.get_ldnumber
                0x00000000080029ba       0x8a ./Middleware/FatFS/src/ff.o
 .text.create_partition
                0x0000000008002a44      0x248 ./Middleware/FatFS/src/ff.o
 .text.f_mkfs   0x0000000008002c8c      0x878 ./Middleware/FatFS/src/ff.o
                0x0000000008002c8c                f_mkfs
 .text._ZN6W25Q64C2EP19__SPI_HandleTypeDefP12GPIO_TypeDeft
                0x0000000008003504       0x3a ./modules/src/W25Qx_module.o
                0x0000000008003504                W25Q64::W25Q64(__SPI_HandleTypeDef*, GPIO_TypeDef*, unsigned short)
                0x0000000008003504                W25Q64::W25Q64(__SPI_HandleTypeDef*, GPIO_TypeDef*, unsigned short)
 .text._ZN6W25Q644initEv
                0x000000000800353e       0x1c ./modules/src/W25Qx_module.o
                0x000000000800353e                W25Q64::init()
 *fill*         0x000000000800355a        0x2 
 .text._ZN6W25Q6412write_enableEv
                0x000000000800355c       0x30 ./modules/src/W25Qx_module.o
                0x000000000800355c                W25Q64::write_enable()
 .text._ZN6W25Q6420read_status_registerEv
                0x000000000800358c       0x40 ./modules/src/W25Qx_module.o
                0x000000000800358c                W25Q64::read_status_register()
 .text._ZN6W25Q6412page_programEmPht
                0x00000000080035cc       0x74 ./modules/src/W25Qx_module.o
                0x00000000080035cc                W25Q64::page_program(unsigned long, unsigned char*, unsigned short)
 .text._ZN6W25Q6416wait_until_readyEv
                0x0000000008003640       0x26 ./modules/src/W25Qx_module.o
                0x0000000008003640                W25Q64::wait_until_ready()
 .text._ZN6W25Q649cs_selectEv
                0x0000000008003666       0x1a ./modules/src/W25Qx_module.o
                0x0000000008003666                W25Q64::cs_select()
 .text._ZN6W25Q6411cs_deselectEv
                0x0000000008003680       0x1a ./modules/src/W25Qx_module.o
                0x0000000008003680                W25Q64::cs_deselect()
 .text._ZN6W25Q644syncEv
                0x000000000800369a       0x4c ./modules/src/W25Qx_module.o
                0x000000000800369a                W25Q64::sync()
 *fill*         0x00000000080036e6        0x2 
 .text.HAL_SPI_MspInit
                0x00000000080036e8       0xd0 ./modules/src/spi_module.o
                0x00000000080036e8                HAL_SPI_MspInit
 .text._ZN3SPIC2EP19__SPI_HandleTypeDeftP12GPIO_TypeDef
                0x00000000080037b8       0x30 ./modules/src/spi_module.o
                0x00000000080037b8                SPI::SPI(__SPI_HandleTypeDef*, unsigned short, GPIO_TypeDef*)
                0x00000000080037b8                SPI::SPI(__SPI_HandleTypeDef*, unsigned short, GPIO_TypeDef*)
 .text._ZN3SPI4initEv
                0x00000000080037e8       0xe8 ./modules/src/spi_module.o
                0x00000000080037e8                SPI::init()
 .text._ZN3SPI8transmitEPht
                0x00000000080038d0       0x28 ./modules/src/spi_module.o
                0x00000000080038d0                SPI::transmit(unsigned char*, unsigned short)
 .text._ZN3SPI7receiveEPht
                0x00000000080038f8       0x28 ./modules/src/spi_module.o
                0x00000000080038f8                SPI::receive(unsigned char*, unsigned short)
 .text._ZN3SPI6csHighEv
                0x0000000008003920       0x20 ./modules/src/spi_module.o
                0x0000000008003920                SPI::csHigh()
 .text._ZN3SPI5csLowEv
                0x0000000008003940       0x20 ./modules/src/spi_module.o
                0x0000000008003940                SPI::csLow()
 .text.main_cpp
                0x0000000008003960       0x24 ./project_cpp/src/project_cpp.o
                0x0000000008003960                main_cpp
 .text.__libc_init_array
                0x0000000008003984       0x48 /opt/st/stm32cubeide_1.10.1/plugins/com.st.stm32cube.ide.mcu.externaltools.gnu-tools-for-stm32.10.3-2021.10.linux64_1.0.0.202111181127/tools/bin/../lib/gcc/arm-none-eabi/10.3.1/../../../../arm-none-eabi/lib/thumb/v7e-m+fp/hard/libc_nano.a(lib_a-init.o)
                0x0000000008003984                __libc_init_array
 .text.memcpy   0x00000000080039cc       0x1c /opt/st/stm32cubeide_1.10.1/plugins/com.st.stm32cube.ide.mcu.externaltools.gnu-tools-for-stm32.10.3-2021.10.linux64_1.0.0.202111181127/tools/bin/../lib/gcc/arm-none-eabi/10.3.1/../../../../arm-none-eabi/lib/thumb/v7e-m+fp/hard/libc_nano.a(lib_a-memcpy-stub.o)
                0x00000000080039cc                memcpy
 .text.memset   0x00000000080039e8       0x10 /opt/st/stm32cubeide_1.10.1/plugins/com.st.stm32cube.ide.mcu.externaltools.gnu-tools-for-stm32.10.3-2021.10.linux64_1.0.0.202111181127/tools/bin/../lib/gcc/arm-none-eabi/10.3.1/../../../../arm-none-eabi/lib/thumb/v7e-m+fp/hard/libc_nano.a(lib_a-memset.o)
                0x00000000080039e8                memset
 *(.glue_7)
 .glue_7        0x00000000080039f8        0x0 linker stubs
 *(.glue_7t)
 .glue_7t       0x00000000080039f8        0x0 linker stubs
 *(.eh_frame)
 .eh_frame      0x00000000080039f8        0x0 /opt/st/stm32cubeide_1.10.1/plugins/com.st.stm32cube.ide.mcu.externaltools.gnu-tools-for-stm32.10.3-2021.10.linux64_1.0.0.202111181127/tools/bin/../lib/gcc/arm-none-eabi/10.3.1/thumb/v7e-m+fp/hard/crtbegin.o
 *(.init)
 .init          0x00000000080039f8        0x4 /opt/st/stm32cubeide_1.10.1/plugins/com.st.stm32cube.ide.mcu.externaltools.gnu-tools-for-stm32.10.3-2021.10.linux64_1.0.0.202111181127/tools/bin/../lib/gcc/arm-none-eabi/10.3.1/thumb/v7e-m+fp/hard/crti.o
                0x00000000080039f8                _init
 .init          0x00000000080039fc        0x8 /opt/st/stm32cubeide_1.10.1/plugins/com.st.stm32cube.ide.mcu.externaltools.gnu-tools-for-stm32.10.3-2021.10.linux64_1.0.0.202111181127/tools/bin/../lib/gcc/arm-none-eabi/10.3.1/thumb/v7e-m+fp/hard/crtn.o
 *(.fini)
 .fini          0x0000000008003a04        0x4 /opt/st/stm32cubeide_1.10.1/plugins/com.st.stm32cube.ide.mcu.externaltools.gnu-tools-for-stm32.10.3-2021.10.linux64_1.0.0.202111181127/tools/bin/../lib/gcc/arm-none-eabi/10.3.1/thumb/v7e-m+fp/hard/crti.o
                0x0000000008003a04                _fini
 .fini          0x0000000008003a08        0x8 /opt/st/stm32cubeide_1.10.1/plugins/com.st.stm32cube.ide.mcu.externaltools.gnu-tools-for-stm32.10.3-2021.10.linux64_1.0.0.202111181127/tools/bin/../lib/gcc/arm-none-eabi/10.3.1/thumb/v7e-m+fp/hard/crtn.o
                0x0000000008003a10                . = ALIGN (0x4)
                0x0000000008003a10                _etext = .

.vfp11_veneer   0x0000000008003a10        0x0
 .vfp11_veneer  0x0000000008003a10        0x0 linker stubs

.v4_bx          0x0000000008003a10        0x0
 .v4_bx         0x0000000008003a10        0x0 linker stubs

.iplt           0x0000000008003a10        0x0
 .iplt          0x0000000008003a10        0x0 /opt/st/stm32cubeide_1.10.1/plugins/com.st.stm32cube.ide.mcu.externaltools.gnu-tools-for-stm32.10.3-2021.10.linux64_1.0.0.202111181127/tools/bin/../lib/gcc/arm-none-eabi/10.3.1/thumb/v7e-m+fp/hard/crtbegin.o

.rodata         0x0000000008003a10       0x94
                0x0000000008003a10                . = ALIGN (0x4)
 *(.rodata)
 .rodata        0x0000000008003a10       0x50 ./Middleware/FatFS/src/ff.o
 .rodata        0x0000000008003a60        0x1 ./project_cpp/src/project_cpp.o
 *(.rodata*)
 *fill*         0x0000000008003a61        0x3 
 .rodata.AHBPrescTable
                0x0000000008003a64       0x10 ./Core/Src/system_stm32f4xx.o
                0x0000000008003a64                AHBPrescTable
 .rodata.defopt.2
                0x0000000008003a74       0x10 ./Middleware/FatFS/src/ff.o
 .rodata.cst32.1
                0x0000000008003a84        0xe ./Middleware/FatFS/src/ff.o
 *fill*         0x0000000008003a92        0x2 
 .rodata.cst.0  0x0000000008003a94        0xe ./Middleware/FatFS/src/ff.o
 .rodata._ZL16CMD_WRITE_ENABLE
                0x0000000008003aa2        0x1 ./modules/src/W25Qx_module.o
 .rodata._ZL19CMD_READ_STATUS_REG
                0x0000000008003aa3        0x1 ./modules/src/W25Qx_module.o
                0x0000000008003aa4                . = ALIGN (0x4)

.ARM.extab      0x0000000008003aa4        0x0
                0x0000000008003aa4                . = ALIGN (0x4)
 *(.ARM.extab* .gnu.linkonce.armextab.*)
                0x0000000008003aa4                . = ALIGN (0x4)

.ARM            0x0000000008003aa4        0x8
                0x0000000008003aa4                . = ALIGN (0x4)
                0x0000000008003aa4                __exidx_start = .
 *(.ARM.exidx*)
 .ARM.exidx     0x0000000008003aa4        0x8 /opt/st/stm32cubeide_1.10.1/plugins/com.st.stm32cube.ide.mcu.externaltools.gnu-tools-for-stm32.10.3-2021.10.linux64_1.0.0.202111181127/tools/bin/../lib/gcc/arm-none-eabi/10.3.1/thumb/v7e-m+fp/hard/libgcc.a(_udivmoddi4.o)
                0x0000000008003aac                __exidx_end = .
                0x0000000008003aac                . = ALIGN (0x4)

.rel.dyn        0x0000000008003aac        0x0
 .rel.iplt      0x0000000008003aac        0x0 /opt/st/stm32cubeide_1.10.1/plugins/com.st.stm32cube.ide.mcu.externaltools.gnu-tools-for-stm32.10.3-2021.10.linux64_1.0.0.202111181127/tools/bin/../lib/gcc/arm-none-eabi/10.3.1/thumb/v7e-m+fp/hard/crtbegin.o

.preinit_array  0x0000000008003aac        0x0
                0x0000000008003aac                . = ALIGN (0x4)
                0x0000000008003aac                PROVIDE (__preinit_array_start = .)
 *(.preinit_array*)
                0x0000000008003aac                PROVIDE (__preinit_array_end = .)
                0x0000000008003aac                . = ALIGN (0x4)

.init_array     0x0000000008003aac        0x8
                0x0000000008003aac                . = ALIGN (0x4)
                0x0000000008003aac                PROVIDE (__init_array_start = .)
 *(SORT_BY_NAME(.init_array.*))
 *(.init_array*)
 .init_array    0x0000000008003aac        0x4 /opt/st/stm32cubeide_1.10.1/plugins/com.st.stm32cube.ide.mcu.externaltools.gnu-tools-for-stm32.10.3-2021.10.linux64_1.0.0.202111181127/tools/bin/../lib/gcc/arm-none-eabi/10.3.1/thumb/v7e-m+fp/hard/crtbegin.o
 .init_array    0x0000000008003ab0        0x4 ./Middleware/FatFS/src/W25Q64_wrapper.o
                0x0000000008003ab4                PROVIDE (__init_array_end = .)
                0x0000000008003ab4                . = ALIGN (0x4)

.fini_array     0x0000000008003ab4        0x4
                0x0000000008003ab4                . = ALIGN (0x4)
                [!provide]                        PROVIDE (__fini_array_start = .)
 *(SORT_BY_NAME(.fini_array.*))
 *(.fini_array*)
 .fini_array    0x0000000008003ab4        0x4 /opt/st/stm32cubeide_1.10.1/plugins/com.st.stm32cube.ide.mcu.externaltools.gnu-tools-for-stm32.10.3-2021.10.linux64_1.0.0.202111181127/tools/bin/../lib/gcc/arm-none-eabi/10.3.1/thumb/v7e-m+fp/hard/crtbegin.o
                [!provide]                        PROVIDE (__fini_array_end = .)
                0x0000000008003ab8                . = ALIGN (0x4)
                0x0000000008003ab8                _sidata = LOADADDR (.data)

.data           0x0000000020000000        0xc load address 0x0000000008003ab8
                0x0000000020000000                . = ALIGN (0x4)
                0x0000000020000000                _sdata = .
 *(.data)
 *(.data*)
 .data.SystemCoreClock
                0x0000000020000000        0x4 ./Core/Src/system_stm32f4xx.o
                0x0000000020000000                SystemCoreClock
 .data.uwTickPrio
                0x0000000020000004        0x4 ./Drivers/STM32F4xx_HAL_Driver/Src/stm32f4xx_hal.o
                0x0000000020000004                uwTickPrio
 .data.uwTickFreq
                0x0000000020000008        0x1 ./Drivers/STM32F4xx_HAL_Driver/Src/stm32f4xx_hal.o
                0x0000000020000008                uwTickFreq
 *(.RamFunc)
 *(.RamFunc*)
                0x000000002000000c                . = ALIGN (0x4)
 *fill*         0x0000000020000009        0x3 
                0x000000002000000c                _edata = .
                0x0000000008003ac4                _siccmram = LOADADDR (.ccmram)

.igot.plt       0x000000002000000c        0x0 load address 0x0000000008003ac4
 .igot.plt      0x000000002000000c        0x0 /opt/st/stm32cubeide_1.10.1/plugins/com.st.stm32cube.ide.mcu.externaltools.gnu-tools-for-stm32.10.3-2021.10.linux64_1.0.0.202111181127/tools/bin/../lib/gcc/arm-none-eabi/10.3.1/thumb/v7e-m+fp/hard/crtbegin.o

.ccmram         0x0000000010000000        0x0 load address 0x0000000008003ac4
                0x0000000010000000                . = ALIGN (0x4)
                0x0000000010000000                _sccmram = .
 *(.ccmram)
 *(.ccmram*)
                0x0000000010000000                . = ALIGN (0x4)
                0x0000000010000000                _eccmram = .
                0x0000000010000000                . = ALIGN (0x4)

.bss            0x000000002000000c     0x1158
                0x000000002000000c                _sbss = .
                0x000000002000000c                __bss_start__ = _sbss
 *(.bss)
 .bss           0x000000002000000c       0x1c /opt/st/stm32cubeide_1.10.1/plugins/com.st.stm32cube.ide.mcu.externaltools.gnu-tools-for-stm32.10.3-2021.10.linux64_1.0.0.202111181127/tools/bin/../lib/gcc/arm-none-eabi/10.3.1/thumb/v7e-m+fp/hard/crtbegin.o
 *(.bss*)
 .bss.uwTick    0x0000000020000028        0x4 ./Drivers/STM32F4xx_HAL_Driver/Src/stm32f4xx_hal.o
                0x0000000020000028                uwTick
 .bss._ZL12write_buffer
                0x000000002000002c     0x1000 ./Middleware/FatFS/src/W25Q64_wrapper.o
 .bss.hspi1     0x000000002000102c       0x58 ./Middleware/FatFS/src/W25Q64_wrapper.o
                0x000000002000102c                hspi1
 .bss.myFlash   0x0000000020001084       0x18 ./Middleware/FatFS/src/W25Q64_wrapper.o
                0x0000000020001084                myFlash
 .bss.is_initialized
                0x000000002000109c        0x1 ./Middleware/FatFS/src/W25Q64_wrapper.o
                0x000000002000109c                is_initialized
 *fill*         0x000000002000109d        0x3 
 .bss.FatFs     0x00000000200010a0        0x4 ./Middleware/FatFS/src/ff.o
 .bss.hdma_spi1_rx
                0x00000000200010a4       0x60 ./modules/src/spi_module.o
                0x00000000200010a4                hdma_spi1_rx
 .bss.hdma_spi1_tx
                0x0000000020001104       0x60 ./modules/src/spi_module.o
                0x0000000020001104                hdma_spi1_tx
 *(COMMON)
                0x0000000020001164                . = ALIGN (0x4)
                0x0000000020001164                _ebss = .
                0x0000000020001164                __bss_end__ = _ebss

._user_heap_stack
                0x0000000020001164      0x604
                0x0000000020001168                . = ALIGN (0x8)
 *fill*         0x0000000020001164        0x4 
                [!provide]                        PROVIDE (end = .)
                0x0000000020001168                PROVIDE (_end = .)
                0x0000000020001368                . = (. + _Min_Heap_Size)
 *fill*         0x0000000020001168      0x200 
                0x0000000020001768                . = (. + _Min_Stack_Size)
 *fill*         0x0000000020001368      0x400 
                0x0000000020001768                . = ALIGN (0x8)

/DISCARD/
 libc.a(*)
 libm.a(*)
 libgcc.a(*)

.ARM.attributes
                0x0000000000000000       0x30
 *(.ARM.attributes)
 .ARM.attributes
                0x0000000000000000       0x1e /opt/st/stm32cubeide_1.10.1/plugins/com.st.stm32cube.ide.mcu.externaltools.gnu-tools-for-stm32.10.3-2021.10.linux64_1.0.0.202111181127/tools/bin/../lib/gcc/arm-none-eabi/10.3.1/thumb/v7e-m+fp/hard/crti.o
 .ARM.attributes
                0x000000000000001e       0x34 /opt/st/stm32cubeide_1.10.1/plugins/com.st.stm32cube.ide.mcu.externaltools.gnu-tools-for-stm32.10.3-2021.10.linux64_1.0.0.202111181127/tools/bin/../lib/gcc/arm-none-eabi/10.3.1/thumb/v7e-m+fp/hard/crtbegin.o
 .ARM.attributes
                0x0000000000000052       0x34 ./Core/Src/main.o
 .ARM.attributes
                0x0000000000000086       0x34 ./Core/Src/stm32f4xx_hal_msp.o
 .ARM.attributes
                0x00000000000000ba       0x34 ./Core/Src/stm32f4xx_it.o
 .ARM.attributes
                0x00000000000000ee       0x34 ./Core/Src/system_stm32f4xx.o
 .ARM.attributes
                0x0000000000000122       0x21 ./Core/Startup/startup_stm32f429zitx.o
 .ARM.attributes
                0x0000000000000143       0x34 ./Drivers/STM32F4xx_HAL_Driver/Src/stm32f4xx_hal.o
 .ARM.attributes
                0x0000000000000177       0x34 ./Drivers/STM32F4xx_HAL_Driver/Src/stm32f4xx_hal_cortex.o
 .ARM.attributes
                0x00000000000001ab       0x34 ./Drivers/STM32F4xx_HAL_Driver/Src/stm32f4xx_hal_dma.o
 .ARM.attributes
                0x00000000000001df       0x34 ./Drivers/STM32F4xx_HAL_Driver/Src/stm32f4xx_hal_gpio.o
 .ARM.attributes
                0x0000000000000213       0x34 ./Drivers/STM32F4xx_HAL_Driver/Src/stm32f4xx_hal_rcc.o
 .ARM.attributes
                0x0000000000000247       0x34 ./Drivers/STM32F4xx_HAL_Driver/Src/stm32f4xx_hal_spi.o
 .ARM.attributes
                0x000000000000027b       0x34 ./Middleware/FatFS/src/W25Q64_wrapper.o
 .ARM.attributes
                0x00000000000002af       0x34 ./Middleware/FatFS/src/diskio.o
 .ARM.attributes
                0x00000000000002e3       0x34 ./Middleware/FatFS/src/ff.o
 .ARM.attributes
                0x0000000000000317       0x34 ./modules/src/W25Qx_module.o
 .ARM.attributes
                0x000000000000034b       0x34 ./modules/src/spi_module.o
 .ARM.attributes
                0x000000000000037f       0x34 ./project_cpp/src/project_cpp.o
 .ARM.attributes
                0x00000000000003b3       0x34 /opt/st/stm32cubeide_1.10.1/plugins/com.st.stm32cube.ide.mcu.externaltools.gnu-tools-for-stm32.10.3-2021.10.linux64_1.0.0.202111181127/tools/bin/../lib/gcc/arm-none-eabi/10.3.1/../../../../arm-none-eabi/lib/thumb/v7e-m+fp/hard/libc_nano.a(lib_a-init.o)
 .ARM.attributes
                0x00000000000003e7       0x34 /opt/st/stm32cubeide_1.10.1/plugins/com.st.stm32cube.ide.mcu.externaltools.gnu-tools-for-stm32.10.3-2021.10.linux64_1.0.0.202111181127/tools/bin/../lib/gcc/arm-none-eabi/10.3.1/../../../../arm-none-eabi/lib/thumb/v7e-m+fp/hard/libc_nano.a(lib_a-memcpy-stub.o)
 .ARM.attributes
                0x000000000000041b       0x34 /opt/st/stm32cubeide_1.10.1/plugins/com.st.stm32cube.ide.mcu.externaltools.gnu-tools-for-stm32.10.3-2021.10.linux64_1.0.0.202111181127/tools/bin/../lib/gcc/arm-none-eabi/10.3.1/../../../../arm-none-eabi/lib/thumb/v7e-m+fp/hard/libc_nano.a(lib_a-memset.o)
 .ARM.attributes
                0x000000000000044f       0x1e /opt/st/stm32cubeide_1.10.1/plugins/com.st.stm32cube.ide.mcu.externaltools.gnu-tools-for-stm32.10.3-2021.10.linux64_1.0.0.202111181127/tools/bin/../lib/gcc/arm-none-eabi/10.3.1/thumb/v7e-m+fp/hard/libgcc.a(_aeabi_uldivmod.o)
 .ARM.attributes
                0x000000000000046d       0x34 /opt/st/stm32cubeide_1.10.1/plugins/com.st.stm32cube.ide.mcu.externaltools.gnu-tools-for-stm32.10.3-2021.10.linux64_1.0.0.202111181127/tools/bin/../lib/gcc/arm-none-eabi/10.3.1/thumb/v7e-m+fp/hard/libgcc.a(_udivmoddi4.o)
 .ARM.attributes
                0x00000000000004a1       0x1e /opt/st/stm32cubeide_1.10.1/plugins/com.st.stm32cube.ide.mcu.externaltools.gnu-tools-for-stm32.10.3-2021.10.linux64_1.0.0.202111181127/tools/bin/../lib/gcc/arm-none-eabi/10.3.1/thumb/v7e-m+fp/hard/libgcc.a(_dvmd_tls.o)
 .ARM.attributes
                0x00000000000004bf       0x1e /opt/st/stm32cubeide_1.10.1/plugins/com.st.stm32cube.ide.mcu.externaltools.gnu-tools-for-stm32.10.3-2021.10.linux64_1.0.0.202111181127/tools/bin/../lib/gcc/arm-none-eabi/10.3.1/thumb/v7e-m+fp/hard/crtn.o
OUTPUT(fatFs_module.elf elf32-littlearm)
LOAD linker stubs
LOAD /opt/st/stm32cubeide_1.10.1/plugins/com.st.stm32cube.ide.mcu.externaltools.gnu-tools-for-stm32.10.3-2021.10.linux64_1.0.0.202111181127/tools/bin/../lib/gcc/arm-none-eabi/10.3.1/../../../../arm-none-eabi/lib/thumb/v7e-m+fp/hard/libc.a
LOAD /opt/st/stm32cubeide_1.10.1/plugins/com.st.stm32cube.ide.mcu.externaltools.gnu-tools-for-stm32.10.3-2021.10.linux64_1.0.0.202111181127/tools/bin/../lib/gcc/arm-none-eabi/10.3.1/../../../../arm-none-eabi/lib/thumb/v7e-m+fp/hard/libm.a
LOAD /opt/st/stm32cubeide_1.10.1/plugins/com.st.stm32cube.ide.mcu.externaltools.gnu-tools-for-stm32.10.3-2021.10.linux64_1.0.0.202111181127/tools/bin/../lib/gcc/arm-none-eabi/10.3.1/thumb/v7e-m+fp/hard/libgcc.a

.debug_info     0x0000000000000000     0xbf60
 .debug_info    0x0000000000000000      0xf80 ./Core/Src/main.o
 .debug_info    0x0000000000000f80      0x987 ./Core/Src/stm32f4xx_hal_msp.o
 .debug_info    0x0000000000001907      0x41c ./Core/Src/stm32f4xx_it.o
 .debug_info    0x0000000000001d23      0x53f ./Core/Src/system_stm32f4xx.o
 .debug_info    0x0000000000002262       0x22 ./Core/Startup/startup_stm32f429zitx.o
 .debug_info    0x0000000000002284      0x9f4 ./Drivers/STM32F4xx_HAL_Driver/Src/stm32f4xx_hal.o
 .debug_info    0x0000000000002c78      0xe51 ./Drivers/STM32F4xx_HAL_Driver/Src/stm32f4xx_hal_cortex.o
 .debug_info    0x0000000000003ac9      0x94f ./Drivers/STM32F4xx_HAL_Driver/Src/stm32f4xx_hal_dma.o
 .debug_info    0x0000000000004418      0x786 ./Drivers/STM32F4xx_HAL_Driver/Src/stm32f4xx_hal_gpio.o
 .debug_info    0x0000000000004b9e      0x982 ./Drivers/STM32F4xx_HAL_Driver/Src/stm32f4xx_hal_rcc.o
 .debug_info    0x0000000000005520     0x1758 ./Drivers/STM32F4xx_HAL_Driver/Src/stm32f4xx_hal_spi.o
 .debug_info    0x0000000000006c78      0xe6f ./Middleware/FatFS/src/W25Q64_wrapper.o
 .debug_info    0x0000000000007ae7      0x386 ./Middleware/FatFS/src/diskio.o
 .debug_info    0x0000000000007e6d     0x1f80 ./Middleware/FatFS/src/ff.o
 .debug_info    0x0000000000009ded     0x1049 ./modules/src/W25Qx_module.o
 .debug_info    0x000000000000ae36      0xeaf ./modules/src/spi_module.o
 .debug_info    0x000000000000bce5      0x27b ./project_cpp/src/project_cpp.o

.debug_abbrev   0x0000000000000000     0x225b
 .debug_abbrev  0x0000000000000000      0x288 ./Core/Src/main.o
 .debug_abbrev  0x0000000000000288      0x19b ./Core/Src/stm32f4xx_hal_msp.o
 .debug_abbrev  0x0000000000000423      0x15f ./Core/Src/stm32f4xx_it.o
 .debug_abbrev  0x0000000000000582      0x116 ./Core/Src/system_stm32f4xx.o
 .debug_abbrev  0x0000000000000698       0x12 ./Core/Startup/startup_stm32f429zitx.o
 .debug_abbrev  0x00000000000006aa      0x20d ./Drivers/STM32F4xx_HAL_Driver/Src/stm32f4xx_hal.o
 .debug_abbrev  0x00000000000008b7      0x316 ./Drivers/STM32F4xx_HAL_Driver/Src/stm32f4xx_hal_cortex.o
 .debug_abbrev  0x0000000000000bcd      0x25b ./Drivers/STM32F4xx_HAL_Driver/Src/stm32f4xx_hal_dma.o
 .debug_abbrev  0x0000000000000e28      0x1c4 ./Drivers/STM32F4xx_HAL_Driver/Src/stm32f4xx_hal_gpio.o
 .debug_abbrev  0x0000000000000fec      0x2aa ./Drivers/STM32F4xx_HAL_Driver/Src/stm32f4xx_hal_rcc.o
 .debug_abbrev  0x0000000000001296      0x26e ./Drivers/STM32F4xx_HAL_Driver/Src/stm32f4xx_hal_spi.o
 .debug_abbrev  0x0000000000001504      0x30e ./Middleware/FatFS/src/W25Q64_wrapper.o
 .debug_abbrev  0x0000000000001812      0x132 ./Middleware/FatFS/src/diskio.o
 .debug_abbrev  0x0000000000001944      0x246 ./Middleware/FatFS/src/ff.o
 .debug_abbrev  0x0000000000001b8a      0x2c9 ./modules/src/W25Qx_module.o
 .debug_abbrev  0x0000000000001e53      0x2b9 ./modules/src/spi_module.o
 .debug_abbrev  0x000000000000210c      0x14f ./project_cpp/src/project_cpp.o

.debug_aranges  0x0000000000000000      0x9f8
 .debug_aranges
                0x0000000000000000       0x48 ./Core/Src/main.o
 .debug_aranges
                0x0000000000000048       0x30 ./Core/Src/stm32f4xx_hal_msp.o
 .debug_aranges
                0x0000000000000078       0x78 ./Core/Src/stm32f4xx_it.o
 .debug_aranges
                0x00000000000000f0       0x28 ./Core/Src/system_stm32f4xx.o
 .debug_aranges
                0x0000000000000118       0x28 ./Core/Startup/startup_stm32f429zitx.o
 .debug_aranges
                0x0000000000000140      0x100 ./Drivers/STM32F4xx_HAL_Driver/Src/stm32f4xx_hal.o
 .debug_aranges
                0x0000000000000240      0x118 ./Drivers/STM32F4xx_HAL_Driver/Src/stm32f4xx_hal_cortex.o
 .debug_aranges
                0x0000000000000358       0x90 ./Drivers/STM32F4xx_HAL_Driver/Src/stm32f4xx_hal_dma.o
 .debug_aranges
                0x00000000000003e8       0x58 ./Drivers/STM32F4xx_HAL_Driver/Src/stm32f4xx_hal_gpio.o
 .debug_aranges
                0x0000000000000440       0x88 ./Drivers/STM32F4xx_HAL_Driver/Src/stm32f4xx_hal_rcc.o
 .debug_aranges
                0x00000000000004c8      0x1d0 ./Drivers/STM32F4xx_HAL_Driver/Src/stm32f4xx_hal_spi.o
 .debug_aranges
                0x0000000000000698       0x60 ./Middleware/FatFS/src/W25Q64_wrapper.o
 .debug_aranges
                0x00000000000006f8       0x40 ./Middleware/FatFS/src/diskio.o
 .debug_aranges
                0x0000000000000738      0x1a8 ./Middleware/FatFS/src/ff.o
 .debug_aranges
                0x00000000000008e0       0x98 ./modules/src/W25Qx_module.o
 .debug_aranges
                0x0000000000000978       0x58 ./modules/src/spi_module.o
 .debug_aranges
                0x00000000000009d0       0x28 ./project_cpp/src/project_cpp.o

.debug_ranges   0x0000000000000000      0x8f0
 .debug_ranges  0x0000000000000000       0x38 ./Core/Src/main.o
 .debug_ranges  0x0000000000000038       0x20 ./Core/Src/stm32f4xx_hal_msp.o
 .debug_ranges  0x0000000000000058       0x68 ./Core/Src/stm32f4xx_it.o
 .debug_ranges  0x00000000000000c0       0x18 ./Core/Src/system_stm32f4xx.o
 .debug_ranges  0x00000000000000d8       0x20 ./Core/Startup/startup_stm32f429zitx.o
 .debug_ranges  0x00000000000000f8       0xf0 ./Drivers/STM32F4xx_HAL_Driver/Src/stm32f4xx_hal.o
 .debug_ranges  0x00000000000001e8      0x108 ./Drivers/STM32F4xx_HAL_Driver/Src/stm32f4xx_hal_cortex.o
 .debug_ranges  0x00000000000002f0       0x80 ./Drivers/STM32F4xx_HAL_Driver/Src/stm32f4xx_hal_dma.o
 .debug_ranges  0x0000000000000370       0x48 ./Drivers/STM32F4xx_HAL_Driver/Src/stm32f4xx_hal_gpio.o
 .debug_ranges  0x00000000000003b8       0x78 ./Drivers/STM32F4xx_HAL_Driver/Src/stm32f4xx_hal_rcc.o
 .debug_ranges  0x0000000000000430      0x1c0 ./Drivers/STM32F4xx_HAL_Driver/Src/stm32f4xx_hal_spi.o
 .debug_ranges  0x00000000000005f0       0x50 ./Middleware/FatFS/src/W25Q64_wrapper.o
 .debug_ranges  0x0000000000000640       0x30 ./Middleware/FatFS/src/diskio.o
 .debug_ranges  0x0000000000000670      0x198 ./Middleware/FatFS/src/ff.o
 .debug_ranges  0x0000000000000808       0x88 ./modules/src/W25Qx_module.o
 .debug_ranges  0x0000000000000890       0x48 ./modules/src/spi_module.o
 .debug_ranges  0x00000000000008d8       0x18 ./project_cpp/src/project_cpp.o

.debug_macro    0x0000000000000000    0x25532
 .debug_macro   0x0000000000000000      0x1d7 ./Core/Src/main.o
 .debug_macro   0x00000000000001d7      0xa78 ./Core/Src/main.o
 .debug_macro   0x0000000000000c4f      0x29b ./Core/Src/main.o
 .debug_macro   0x0000000000000eea       0x2e ./Core/Src/main.o
 .debug_macro   0x0000000000000f18       0x28 ./Core/Src/main.o
 .debug_macro   0x0000000000000f40       0x22 ./Core/Src/main.o
 .debug_macro   0x0000000000000f62       0x8e ./Core/Src/main.o
 .debug_macro   0x0000000000000ff0       0x51 ./Core/Src/main.o
 .debug_macro   0x0000000000001041      0x103 ./Core/Src/main.o
 .debug_macro   0x0000000000001144       0x6a ./Core/Src/main.o
 .debug_macro   0x00000000000011ae      0x1df ./Core/Src/main.o
 .debug_macro   0x000000000000138d       0x1c ./Core/Src/main.o
 .debug_macro   0x00000000000013a9       0x22 ./Core/Src/main.o
 .debug_macro   0x00000000000013cb       0xd9 ./Core/Src/main.o
 .debug_macro   0x00000000000014a4     0x102d ./Core/Src/main.o
 .debug_macro   0x00000000000024d1      0x11f ./Core/Src/main.o
 .debug_macro   0x00000000000025f0    0x17fc0 ./Core/Src/main.o
 .debug_macro   0x000000000001a5b0       0x6d ./Core/Src/main.o
 .debug_macro   0x000000000001a61d     0x36f5 ./Core/Src/main.o
 .debug_macro   0x000000000001dd12      0x174 ./Core/Src/main.o
 .debug_macro   0x000000000001de86       0x5c ./Core/Src/main.o
 .debug_macro   0x000000000001dee2      0xca5 ./Core/Src/main.o
 .debug_macro   0x000000000001eb87      0x9fe ./Core/Src/main.o
 .debug_macro   0x000000000001f585      0x115 ./Core/Src/main.o
 .debug_macro   0x000000000001f69a      0x156 ./Core/Src/main.o
 .debug_macro   0x000000000001f7f0       0xa5 ./Core/Src/main.o
 .debug_macro   0x000000000001f895      0x182 ./Core/Src/main.o
 .debug_macro   0x000000000001fa17      0x287 ./Core/Src/main.o
 .debug_macro   0x000000000001fc9e       0x5f ./Core/Src/main.o
 .debug_macro   0x000000000001fcfd      0x236 ./Core/Src/main.o
 .debug_macro   0x000000000001ff33      0x132 ./Core/Src/main.o
 .debug_macro   0x0000000000020065      0x41d ./Core/Src/main.o
 .debug_macro   0x0000000000020482       0x2e ./Core/Src/main.o
 .debug_macro   0x00000000000204b0      0x11a ./Core/Src/main.o
 .debug_macro   0x00000000000205ca       0xe2 ./Core/Src/main.o
 .debug_macro   0x00000000000206ac       0x89 ./Core/Src/main.o
 .debug_macro   0x0000000000020735      0x225 ./Core/Src/main.o
 .debug_macro   0x000000000002095a      0x295 ./Core/Src/main.o
 .debug_macro   0x0000000000020bef      0x134 ./Core/Src/main.o
 .debug_macro   0x0000000000020d23      0x124 ./Core/Src/main.o
 .debug_macro   0x0000000000020e47      0x1d3 ./Core/Src/stm32f4xx_hal_msp.o
 .debug_macro   0x000000000002101a      0x1dd ./Core/Src/stm32f4xx_it.o
 .debug_macro   0x00000000000211f7      0x1c4 ./Core/Src/system_stm32f4xx.o
 .debug_macro   0x00000000000213bb      0x224 ./Drivers/STM32F4xx_HAL_Driver/Src/stm32f4xx_hal.o
 .debug_macro   0x00000000000215df      0x1c4 ./Drivers/STM32F4xx_HAL_Driver/Src/stm32f4xx_hal_cortex.o
 .debug_macro   0x00000000000217a3      0x1ca ./Drivers/STM32F4xx_HAL_Driver/Src/stm32f4xx_hal_dma.o
 .debug_macro   0x000000000002196d      0x1ca ./Drivers/STM32F4xx_HAL_Driver/Src/stm32f4xx_hal_gpio.o
 .debug_macro   0x0000000000021b37      0x1e8 ./Drivers/STM32F4xx_HAL_Driver/Src/stm32f4xx_hal_rcc.o
 .debug_macro   0x0000000000021d1f      0x1d3 ./Drivers/STM32F4xx_HAL_Driver/Src/stm32f4xx_hal_spi.o
 .debug_macro   0x0000000000021ef2      0x2ca ./Middleware/FatFS/src/W25Q64_wrapper.o
 .debug_macro   0x00000000000221bc      0xb50 ./Middleware/FatFS/src/W25Q64_wrapper.o
 .debug_macro   0x0000000000022d0c       0x1c ./Middleware/FatFS/src/W25Q64_wrapper.o
 .debug_macro   0x0000000000022d28      0x10b ./Middleware/FatFS/src/W25Q64_wrapper.o
 .debug_macro   0x0000000000022e33       0xe8 ./Middleware/FatFS/src/W25Q64_wrapper.o
 .debug_macro   0x0000000000022f1b       0x94 ./Middleware/FatFS/src/W25Q64_wrapper.o
 .debug_macro   0x0000000000022faf     0x102d ./Middleware/FatFS/src/W25Q64_wrapper.o
 .debug_macro   0x0000000000023fdc      0x17b ./Middleware/FatFS/src/W25Q64_wrapper.o
 .debug_macro   0x0000000000024157       0x52 ./Middleware/FatFS/src/W25Q64_wrapper.o
 .debug_macro   0x00000000000241a9       0x34 ./Middleware/FatFS/src/W25Q64_wrapper.o
 .debug_macro   0x00000000000241dd       0x43 ./Middleware/FatFS/src/W25Q64_wrapper.o
 .debug_macro   0x0000000000024220       0x16 ./Middleware/FatFS/src/W25Q64_wrapper.o
 .debug_macro   0x0000000000024236      0x364 ./Middleware/FatFS/src/W25Q64_wrapper.o
 .debug_macro   0x000000000002459a       0x10 ./Middleware/FatFS/src/W25Q64_wrapper.o
 .debug_macro   0x00000000000245aa       0x35 ./Middleware/FatFS/src/W25Q64_wrapper.o
 .debug_macro   0x00000000000245df       0x20 ./Middleware/FatFS/src/W25Q64_wrapper.o
 .debug_macro   0x00000000000245ff       0xa8 ./Middleware/FatFS/src/diskio.o
 .debug_macro   0x00000000000246a7       0xe2 ./Middleware/FatFS/src/diskio.o
 .debug_macro   0x0000000000024789      0x6a7 ./Middleware/FatFS/src/ff.o
 .debug_macro   0x0000000000024e30      0x1d1 ./modules/src/W25Qx_module.o
 .debug_macro   0x0000000000025001      0x1cd ./modules/src/spi_module.o
 .debug_macro   0x00000000000251ce      0x22d ./project_cpp/src/project_cpp.o
 .debug_macro   0x00000000000253fb      0x137 ./project_cpp/src/project_cpp.o

.debug_line     0x0000000000000000     0xc90d
 .debug_line    0x0000000000000000      0x846 ./Core/Src/main.o
 .debug_line    0x0000000000000846      0x6cb ./Core/Src/stm32f4xx_hal_msp.o
 .debug_line    0x0000000000000f11      0x783 ./Core/Src/stm32f4xx_it.o
 .debug_line    0x0000000000001694      0x6ff ./Core/Src/system_stm32f4xx.o
 .debug_line    0x0000000000001d93       0x88 ./Core/Startup/startup_stm32f429zitx.o
 .debug_line    0x0000000000001e1b      0x99b ./Drivers/STM32F4xx_HAL_Driver/Src/stm32f4xx_hal.o
 .debug_line    0x00000000000027b6      0xc14 ./Drivers/STM32F4xx_HAL_Driver/Src/stm32f4xx_hal_cortex.o
 .debug_line    0x00000000000033ca      0xec9 ./Drivers/STM32F4xx_HAL_Driver/Src/stm32f4xx_hal_dma.o
 .debug_line    0x0000000000004293      0xb01 ./Drivers/STM32F4xx_HAL_Driver/Src/stm32f4xx_hal_gpio.o
 .debug_line    0x0000000000004d94      0xce1 ./Drivers/STM32F4xx_HAL_Driver/Src/stm32f4xx_hal_rcc.o
 .debug_line    0x0000000000005a75     0x1bef ./Drivers/STM32F4xx_HAL_Driver/Src/stm32f4xx_hal_spi.o
 .debug_line    0x0000000000007664      0xa36 ./Middleware/FatFS/src/W25Q64_wrapper.o
 .debug_line    0x000000000000809a      0x494 ./Middleware/FatFS/src/diskio.o
 .debug_line    0x000000000000852e     0x2c47 ./Middleware/FatFS/src/ff.o
 .debug_line    0x000000000000b175      0x915 ./modules/src/W25Qx_module.o
 .debug_line    0x000000000000ba8a      0x806 ./modules/src/spi_module.o
 .debug_line    0x000000000000c290      0x67d ./project_cpp/src/project_cpp.o

.debug_str      0x0000000000000000    0xd866c
 .debug_str     0x0000000000000000    0xcd953 ./Core/Src/main.o
                                      0xcdcd8 (size before relaxing)
 .debug_str     0x00000000000cd953       0x66 ./Core/Src/stm32f4xx_hal_msp.o
                                      0xcd56b (size before relaxing)
 .debug_str     0x00000000000cd9b9      0x136 ./Core/Src/stm32f4xx_it.o
                                      0xcd2b4 (size before relaxing)
 .debug_str     0x00000000000cdaef       0xdb ./Core/Src/system_stm32f4xx.o
                                      0xccc9a (size before relaxing)
 .debug_str     0x00000000000cdbca       0x36 ./Core/Startup/startup_stm32f429zitx.o
                                         0x7a (size before relaxing)
 .debug_str     0x00000000000cdc00      0x634 ./Drivers/STM32F4xx_HAL_Driver/Src/stm32f4xx_hal.o
                                      0xcd8bd (size before relaxing)
 .debug_str     0x00000000000ce234      0x338 ./Drivers/STM32F4xx_HAL_Driver/Src/stm32f4xx_hal_cortex.o
                                      0xcd5a2 (size before relaxing)
 .debug_str     0x00000000000ce56c      0x307 ./Drivers/STM32F4xx_HAL_Driver/Src/stm32f4xx_hal_dma.o
                                      0xcd0a1 (size before relaxing)
 .debug_str     0x00000000000ce873      0x121 ./Drivers/STM32F4xx_HAL_Driver/Src/stm32f4xx_hal_gpio.o
                                      0xcce15 (size before relaxing)
 .debug_str     0x00000000000ce994      0x228 ./Drivers/STM32F4xx_HAL_Driver/Src/stm32f4xx_hal_rcc.o
                                      0xcd0ce (size before relaxing)
 .debug_str     0x00000000000cebbc      0x6e0 ./Drivers/STM32F4xx_HAL_Driver/Src/stm32f4xx_hal_spi.o
                                      0xcd54b (size before relaxing)
 .debug_str     0x00000000000cf29c     0x420c ./Middleware/FatFS/src/W25Q64_wrapper.o
                                      0xd1073 (size before relaxing)
 .debug_str     0x00000000000d34a8       0x87 ./Middleware/FatFS/src/diskio.o
                                       0x43c4 (size before relaxing)
 .debug_str     0x00000000000d352f     0x3fd1 ./Middleware/FatFS/src/ff.o
                                       0xb411 (size before relaxing)
 .debug_str     0x00000000000d7500      0x145 ./modules/src/W25Qx_module.o
                                      0xcda8b (size before relaxing)
 .debug_str     0x00000000000d7645       0x80 ./modules/src/spi_module.o
                                      0xcd921 (size before relaxing)
 .debug_str     0x00000000000d76c5      0xfa7 ./project_cpp/src/project_cpp.o
                                       0x8a1b (size before relaxing)

.comment        0x0000000000000000       0x50
 .comment       0x0000000000000000       0x50 ./Core/Src/main.o
                                         0x51 (size before relaxing)
 .comment       0x0000000000000050       0x51 ./Core/Src/stm32f4xx_hal_msp.o
 .comment       0x0000000000000050       0x51 ./Core/Src/stm32f4xx_it.o
 .comment       0x0000000000000050       0x51 ./Core/Src/system_stm32f4xx.o
 .comment       0x0000000000000050       0x51 ./Drivers/STM32F4xx_HAL_Driver/Src/stm32f4xx_hal.o
 .comment       0x0000000000000050       0x51 ./Drivers/STM32F4xx_HAL_Driver/Src/stm32f4xx_hal_cortex.o
 .comment       0x0000000000000050       0x51 ./Drivers/STM32F4xx_HAL_Driver/Src/stm32f4xx_hal_dma.o
 .comment       0x0000000000000050       0x51 ./Drivers/STM32F4xx_HAL_Driver/Src/stm32f4xx_hal_gpio.o
 .comment       0x0000000000000050       0x51 ./Drivers/STM32F4xx_HAL_Driver/Src/stm32f4xx_hal_rcc.o
 .comment       0x0000000000000050       0x51 ./Drivers/STM32F4xx_HAL_Driver/Src/stm32f4xx_hal_spi.o
 .comment       0x0000000000000050       0x51 ./Middleware/FatFS/src/W25Q64_wrapper.o
 .comment       0x0000000000000050       0x51 ./Middleware/FatFS/src/diskio.o
 .comment       0x0000000000000050       0x51 ./Middleware/FatFS/src/ff.o
 .comment       0x0000000000000050       0x51 ./modules/src/W25Qx_module.o
 .comment       0x0000000000000050       0x51 ./modules/src/spi_module.o
 .comment       0x0000000000000050       0x51 ./project_cpp/src/project_cpp.o

.debug_frame    0x0000000000000000     0x2718
 .debug_frame   0x0000000000000000       0xd0 ./Core/Src/main.o
 .debug_frame   0x00000000000000d0       0x80 ./Core/Src/stm32f4xx_hal_msp.o
 .debug_frame   0x0000000000000150      0x15c ./Core/Src/stm32f4xx_it.o
 .debug_frame   0x00000000000002ac       0x58 ./Core/Src/system_stm32f4xx.o
 .debug_frame   0x0000000000000304      0x3b4 ./Drivers/STM32F4xx_HAL_Driver/Src/stm32f4xx_hal.o
 .debug_frame   0x00000000000006b8      0x498 ./Drivers/STM32F4xx_HAL_Driver/Src/stm32f4xx_hal_cortex.o
 .debug_frame   0x0000000000000b50      0x250 ./Drivers/STM32F4xx_HAL_Driver/Src/stm32f4xx_hal_dma.o
 .debug_frame   0x0000000000000da0      0x14c ./Drivers/STM32F4xx_HAL_Driver/Src/stm32f4xx_hal_gpio.o
 .debug_frame   0x0000000000000eec      0x1f4 ./Drivers/STM32F4xx_HAL_Driver/Src/stm32f4xx_hal_rcc.o
 .debug_frame   0x00000000000010e0      0x824 ./Drivers/STM32F4xx_HAL_Driver/Src/stm32f4xx_hal_spi.o
 .debug_frame   0x0000000000001904      0x140 ./Middleware/FatFS/src/W25Q64_wrapper.o
 .debug_frame   0x0000000000001a44       0xc4 ./Middleware/FatFS/src/diskio.o
 .debug_frame   0x0000000000001b08      0x760 ./Middleware/FatFS/src/ff.o
 .debug_frame   0x0000000000002268      0x250 ./modules/src/W25Qx_module.o
 .debug_frame   0x00000000000024b8      0x134 ./modules/src/spi_module.o
 .debug_frame   0x00000000000025ec       0x58 ./project_cpp/src/project_cpp.o
 .debug_frame   0x0000000000002644       0x2c /opt/st/stm32cubeide_1.10.1/plugins/com.st.stm32cube.ide.mcu.externaltools.gnu-tools-for-stm32.10.3-2021.10.linux64_1.0.0.202111181127/tools/bin/../lib/gcc/arm-none-eabi/10.3.1/../../../../arm-none-eabi/lib/thumb/v7e-m+fp/hard/libc_nano.a(lib_a-init.o)
 .debug_frame   0x0000000000002670       0x28 /opt/st/stm32cubeide_1.10.1/plugins/com.st.stm32cube.ide.mcu.externaltools.gnu-tools-for-stm32.10.3-2021.10.linux64_1.0.0.202111181127/tools/bin/../lib/gcc/arm-none-eabi/10.3.1/../../../../arm-none-eabi/lib/thumb/v7e-m+fp/hard/libc_nano.a(lib_a-memcpy-stub.o)
 .debug_frame   0x0000000000002698       0x20 /opt/st/stm32cubeide_1.10.1/plugins/com.st.stm32cube.ide.mcu.externaltools.gnu-tools-for-stm32.10.3-2021.10.linux64_1.0.0.202111181127/tools/bin/../lib/gcc/arm-none-eabi/10.3.1/../../../../arm-none-eabi/lib/thumb/v7e-m+fp/hard/libc_nano.a(lib_a-memset.o)
 .debug_frame   0x00000000000026b8       0x2c /opt/st/stm32cubeide_1.10.1/plugins/com.st.stm32cube.ide.mcu.externaltools.gnu-tools-for-stm32.10.3-2021.10.linux64_1.0.0.202111181127/tools/bin/../lib/gcc/arm-none-eabi/10.3.1/thumb/v7e-m+fp/hard/libgcc.a(_aeabi_uldivmod.o)
 .debug_frame   0x00000000000026e4       0x34 /opt/st/stm32cubeide_1.10.1/plugins/com.st.stm32cube.ide.mcu.externaltools.gnu-tools-for-stm32.10.3-2021.10.linux64_1.0.0.202111181127/tools/bin/../lib/gcc/arm-none-eabi/10.3.1/thumb/v7e-m+fp/hard/libgcc.a(_udivmoddi4.o)
