Archive member included to satisfy reference by file (symbol)

/opt/st/stm32cubeide_1.10.1/plugins/com.st.stm32cube.ide.mcu.externaltools.gnu-tools-for-stm32.10.3-2021.10.linux64_1.0.0.202111181127/tools/bin/../lib/gcc/arm-none-eabi/10.3.1/../../../../arm-none-eabi/lib/thumb/v7e-m+fp/hard/libc_nano.a(lib_a-assert.o)
                              ./Middleware/littleFS/src/lfs.o (__assert_func)
/opt/st/stm32cubeide_1.10.1/plugins/com.st.stm32cube.ide.mcu.externaltools.gnu-tools-for-stm32.10.3-2021.10.linux64_1.0.0.202111181127/tools/bin/../lib/gcc/arm-none-eabi/10.3.1/../../../../arm-none-eabi/lib/thumb/v7e-m+fp/hard/libc_nano.a(lib_a-errno.o)
                              ./Core/Src/syscalls.o (__errno)
/opt/st/stm32cubeide_1.10.1/plugins/com.st.stm32cube.ide.mcu.externaltools.gnu-tools-for-stm32.10.3-2021.10.linux64_1.0.0.202111181127/tools/bin/../lib/gcc/arm-none-eabi/10.3.1/../../../../arm-none-eabi/lib/thumb/v7e-m+fp/hard/libc_nano.a(lib_a-exit.o)
                              /opt/st/stm32cubeide_1.10.1/plugins/com.st.stm32cube.ide.mcu.externaltools.gnu-tools-for-stm32.10.3-2021.10.linux64_1.0.0.202111181127/tools/bin/../lib/gcc/arm-none-eabi/10.3.1/../../../../arm-none-eabi/lib/thumb/v7e-m+fp/hard/crt0.o (exit)
/opt/st/stm32cubeide_1.10.1/plugins/com.st.stm32cube.ide.mcu.externaltools.gnu-tools-for-stm32.10.3-2021.10.linux64_1.0.0.202111181127/tools/bin/../lib/gcc/arm-none-eabi/10.3.1/../../../../arm-none-eabi/lib/thumb/v7e-m+fp/hard/libc_nano.a(lib_a-fprintf.o)
                              /opt/st/stm32cubeide_1.10.1/plugins/com.st.stm32cube.ide.mcu.externaltools.gnu-tools-for-stm32.10.3-2021.10.linux64_1.0.0.202111181127/tools/bin/../lib/gcc/arm-none-eabi/10.3.1/../../../../arm-none-eabi/lib/thumb/v7e-m+fp/hard/libc_nano.a(lib_a-assert.o) (fiprintf)
/opt/st/stm32cubeide_1.10.1/plugins/com.st.stm32cube.ide.mcu.externaltools.gnu-tools-for-stm32.10.3-2021.10.linux64_1.0.0.202111181127/tools/bin/../lib/gcc/arm-none-eabi/10.3.1/../../../../arm-none-eabi/lib/thumb/v7e-m+fp/hard/libc_nano.a(lib_a-impure.o)
                              /opt/st/stm32cubeide_1.10.1/plugins/com.st.stm32cube.ide.mcu.externaltools.gnu-tools-for-stm32.10.3-2021.10.linux64_1.0.0.202111181127/tools/bin/../lib/gcc/arm-none-eabi/10.3.1/../../../../arm-none-eabi/lib/thumb/v7e-m+fp/hard/libc_nano.a(lib_a-exit.o) (_global_impure_ptr)
/opt/st/stm32cubeide_1.10.1/plugins/com.st.stm32cube.ide.mcu.externaltools.gnu-tools-for-stm32.10.3-2021.10.linux64_1.0.0.202111181127/tools/bin/../lib/gcc/arm-none-eabi/10.3.1/../../../../arm-none-eabi/lib/thumb/v7e-m+fp/hard/libc_nano.a(lib_a-init.o)
                              /opt/st/stm32cubeide_1.10.1/plugins/com.st.stm32cube.ide.mcu.externaltools.gnu-tools-for-stm32.10.3-2021.10.linux64_1.0.0.202111181127/tools/bin/../lib/gcc/arm-none-eabi/10.3.1/../../../../arm-none-eabi/lib/thumb/v7e-m+fp/hard/crt0.o (__libc_init_array)
/opt/st/stm32cubeide_1.10.1/plugins/com.st.stm32cube.ide.mcu.externaltools.gnu-tools-for-stm32.10.3-2021.10.linux64_1.0.0.202111181127/tools/bin/../lib/gcc/arm-none-eabi/10.3.1/../../../../arm-none-eabi/lib/thumb/v7e-m+fp/hard/libc_nano.a(lib_a-malloc.o)
                              ./Middleware/littleFS/src/lfs.o (malloc)
/opt/st/stm32cubeide_1.10.1/plugins/com.st.stm32cube.ide.mcu.externaltools.gnu-tools-for-stm32.10.3-2021.10.linux64_1.0.0.202111181127/tools/bin/../lib/gcc/arm-none-eabi/10.3.1/../../../../arm-none-eabi/lib/thumb/v7e-m+fp/hard/libc_nano.a(lib_a-memcmp.o)
                              ./Middleware/littleFS/src/lfs.o (memcmp)
/opt/st/stm32cubeide_1.10.1/plugins/com.st.stm32cube.ide.mcu.externaltools.gnu-tools-for-stm32.10.3-2021.10.linux64_1.0.0.202111181127/tools/bin/../lib/gcc/arm-none-eabi/10.3.1/../../../../arm-none-eabi/lib/thumb/v7e-m+fp/hard/libc_nano.a(lib_a-memcpy-stub.o)
                              ./Middleware/littleFS/src/lfs.o (memcpy)
/opt/st/stm32cubeide_1.10.1/plugins/com.st.stm32cube.ide.mcu.externaltools.gnu-tools-for-stm32.10.3-2021.10.linux64_1.0.0.202111181127/tools/bin/../lib/gcc/arm-none-eabi/10.3.1/../../../../arm-none-eabi/lib/thumb/v7e-m+fp/hard/libc_nano.a(lib_a-memset.o)
                              /opt/st/stm32cubeide_1.10.1/plugins/com.st.stm32cube.ide.mcu.externaltools.gnu-tools-for-stm32.10.3-2021.10.linux64_1.0.0.202111181127/tools/bin/../lib/gcc/arm-none-eabi/10.3.1/../../../../arm-none-eabi/lib/thumb/v7e-m+fp/hard/crt0.o (memset)
/opt/st/stm32cubeide_1.10.1/plugins/com.st.stm32cube.ide.mcu.externaltools.gnu-tools-for-stm32.10.3-2021.10.linux64_1.0.0.202111181127/tools/bin/../lib/gcc/arm-none-eabi/10.3.1/../../../../arm-none-eabi/lib/thumb/v7e-m+fp/hard/libc_nano.a(lib_a-nano-freer.o)
                              /opt/st/stm32cubeide_1.10.1/plugins/com.st.stm32cube.ide.mcu.externaltools.gnu-tools-for-stm32.10.3-2021.10.linux64_1.0.0.202111181127/tools/bin/../lib/gcc/arm-none-eabi/10.3.1/../../../../arm-none-eabi/lib/thumb/v7e-m+fp/hard/libc_nano.a(lib_a-malloc.o) (_free_r)
[...]
Memory Configuration

Name             Origin             Length             Attributes
CCMRAM           0x0000000010000000 0x0000000000010000 xrw
RAM              0x0000000020000000 0x0000000000030000 xrw
FLASH            0x0000000008000000 0x0000000000200000 xr
*default*        0x0000000000000000 0xffffffffffffffff

Linker script and memory map

LOAD /opt/st/stm32cubeide_1.10.1/plugins/com.st.stm32cube.ide.mcu.externaltools.gnu-tools-for-stm32.10.3-2021.10.linux64_1.0.0.202111181127/tools/bin/../lib/gcc/arm-none-eabi/10.3.1/thumb/v7e-m+fp/hard/crti.o
LOAD /opt/st/stm32cubeide_1.10.1/plugins/com.st.stm32cube.ide.mcu.externaltools.gnu-tools-for-stm32.10.3-2021.10.linux64_1.0.0.202111181127/tools/bin/../lib/gcc/arm-none-eabi/10.3.1/thumb/v7e-m+fp/hard/crtbegin.o
LOAD /opt/st/stm32cubeide_1.10.1/plugins/com.st.stm32cube.ide.mcu.externaltools.gnu-tools-for-stm32.10.3-2021.10.linux64_1.0.0.202111181127/tools/bin/../lib/gcc/arm-none-eabi/10.3.1/../../../../arm-none-eabi/lib/thumb/v7e-m+fp/hard/crt0.o
LOAD ./Core/Src/main.o
LOAD ./Core/Src/stm32f4xx_hal_msp.o
LOAD ./Core/Src/stm32f4xx_it.o
LOAD ./Core/Src/syscalls.o
LOAD ./Core/Src/sysmem.o
LOAD ./Core/Src/system_stm32f4xx.o
LOAD ./Core/Startup/startup_stm32f429zitx.o
LOAD ./Drivers/STM32F4xx_HAL_Driver/Src/stm32f4xx_hal.o
LOAD ./Drivers/STM32F4xx_HAL_Driver/Src/stm32f4xx_hal_cortex.o
LOAD ./Drivers/STM32F4xx_HAL_Driver/Src/stm32f4xx_hal_dma.o
LOAD ./Drivers/STM32F4xx_HAL_Driver/Src/stm32f4xx_hal_dma_ex.o
LOAD ./Drivers/STM32F4xx_HAL_Driver/Src/stm32f4xx_hal_exti.o
LOAD ./Drivers/STM32F4xx_HAL_Driver/Src/stm32f4xx_hal_flash.o
LOAD ./Drivers/STM32F4xx_HAL_Driver/Src/stm32f4xx_hal_flash_ex.o
LOAD ./Drivers/STM32F4xx_HAL_Driver/Src/stm32f4xx_hal_flash_ramfunc.o
LOAD ./Drivers/STM32F4xx_HAL_Driver/Src/stm32f4xx_hal_gpio.o
LOAD ./Drivers/STM32F4xx_HAL_Driver/Src/stm32f4xx_hal_pwr.o
LOAD ./Drivers/STM32F4xx_HAL_Driver/Src/stm32f4xx_hal_pwr_ex.o
LOAD ./Drivers/STM32F4xx_HAL_Driver/Src/stm32f4xx_hal_rcc.o
LOAD ./Drivers/STM32F4xx_HAL_Driver/Src/stm32f4xx_hal_rcc_ex.o
LOAD ./Drivers/STM32F4xx_HAL_Driver/Src/stm32f4xx_hal_spi.o
LOAD ./Drivers/STM32F4xx_HAL_Driver/Src/stm32f4xx_hal_tim.o
LOAD ./Drivers/STM32F4xx_HAL_Driver/Src/stm32f4xx_hal_tim_ex.o
LOAD ./Drivers/STM32F4xx_HAL_Driver/Src/stm32f4xx_hal_uart.o
LOAD ./Middleware/littleFS/src/lfs.o
LOAD ./Middleware/littleFS/src/lfs_util.o
LOAD ./modules/src/W25Qx_module.o
LOAD ./modules/src/filesystem.o
LOAD ./modules/src/spi_module.o
LOAD ./project_cpp/src/project_cpp.o
START GROUP
LOAD /opt/st/stm32cubeide_1.10.1/plugins/com.st.stm32cube.ide.mcu.externaltools.gnu-tools-for-stm32.10.3-2021.10.linux64_1.0.0.202111181127/tools/bin/../lib/gcc/arm-none-eabi/10.3.1/../../../../arm-none-eabi/lib/thumb/v7e-m+fp/hard/libstdc++_nano.a
LOAD /opt/st/stm32cubeide_1.10.1/plugins/com.st.stm32cube.ide.mcu.externaltools.gnu-tools-for-stm32.10.3-2021.10.linux64_1.0.0.202111181127/tools/bin/../lib/gcc/arm-none-eabi/10.3.1/../../../../arm-none-eabi/lib/thumb/v7e-m+fp/hard/libsupc++_nano.a
END GROUP
LOAD /opt/st/stm32cubeide_1.10.1/plugins/com.st.stm32cube.ide.mcu.externaltools.gnu-tools-for-stm32.10.3-2021.10.linux64_1.0.0.202111181127/tools/bin/../lib/gcc/arm-none-eabi/10.3.1/../../../../arm-none-eabi/lib/thumb/v7e-m+fp/hard/libstdc++_nano.a
LOAD /opt/st/stm32cubeide_1.10.1/plugins/com.st.stm32cube.ide.mcu.externaltools.gnu-tools-for-stm32.10.3-2021.10.linux64_1.0.0.202111181127/tools/bin/../lib/gcc/arm-none-eabi/10.3.1/../../../../arm-none-eabi/lib/thumb/v7e-m+fp/hard/libm.a
LOAD /opt/st/stm32cubeide_1.10.1/plugins/com.st.stm32cube.ide.mcu.externaltools.gnu-tools-for-stm32.10.3-2021.10.linux64_1.0.0.202111181127/tools/bin/../lib/gcc/arm-none-eabi/10.3.1/../../../../arm-none-eabi/lib/thumb/v7e-m+fp/hard/libc_nano.a
START GROUP
LOAD /opt/st/stm32cubeide_1.10.1/plugins/com.st.stm32cube.ide.mcu.externaltools.gnu-tools-for-stm32.10.3-2021.10.linux64_1.0.0.202111181127/tools/bin/../lib/gcc/arm-none-eabi/10.3.1/thumb/v7e-m+fp/hard/libgcc.a
LOAD /opt/st/stm32cubeide_1.10.1/plugins/com.st.stm32cube.ide.mcu.externaltools.gnu-tools-for-stm32.10.3-2021.10.linux64_1.0.0.202111181127/tools/bin/../lib/gcc/arm-none-eabi/10.3.1/../../../../arm-none-eabi/lib/thumb/v7e-m+fp/hard/libc_nano.a
END GROUP
START GROUP
LOAD /opt/st/stm32cubeide_1.10.1/plugins/com.st.stm32cube.ide.mcu.externaltools.gnu-tools-for-stm32.10.3-2021.10.linux64_1.0.0.202111181127/tools/bin/../lib/gcc/arm-none-eabi/10.3.1/thumb/v7e-m+fp/hard/libgcc.a
LOAD /opt/st/stm32cubeide_1.10.1/plugins/com.st.stm32cube.ide.mcu.externaltools.gnu-tools-for-stm32.10.3-2021.10.linux64_1.0.0.202111181127/tools/bin/../lib/gcc/arm-none-eabi/10.3.1/../../../../arm-none-eabi/lib/thumb/v7e-m+fp/hard/libc_nano.a
LOAD /opt/st/stm32cubeide_1.10.1/plugins/com.st.stm32cube.ide.mcu.externaltools.gnu-tools-for-stm32.10.3-2021.10.linux64_1.0.0.202111181127/tools/bin/../lib/gcc/arm-none-eabi/10.3.1/../../../../arm-none-eabi/lib/thumb/v7e-m+fp/hard/libnosys.a
END GROUP
START GROUP
LOAD /opt/st/stm32cubeide_1.10.1/plugins/com.st.stm32cube.ide.mcu.externaltools.gnu-tools-for-stm32.10.3-2021.10.linux64_1.0.0.202111181127/tools/bin/../lib/gcc/arm-none-eabi/10.3.1/thumb/v7e-m+fp/hard/libgcc.a
LOAD /opt/st/stm32cubeide_1.10.1/plugins/com.st.stm32cube.ide.mcu.externaltools.gnu-tools-for-stm32.10.3-2021.10.linux64_1.0.0.202111181127/tools/bin/../lib/gcc/arm-none-eabi/10.3.1/../../../../arm-none-eabi/lib/thumb/v7e-m+fp/hard/libc_nano.a
LOAD /opt/st/stm32cubeide_1.10.1/plugins/com.st.stm32cube.ide.mcu.externaltools.gnu-tools-for-stm32.10.3-2021.10.linux64_1.0.0.202111181127/tools/bin/../lib/gcc/arm-none-eabi/10.3.1/../../../../arm-none-eabi/lib/thumb/v7e-m+fp/hard/libnosys.a
END GROUP
LOAD /opt/st/stm32cubeide_1.10.1/plugins/com.st.stm32cube.ide.mcu.externaltools.gnu-tools-for-stm32.10.3-2021.10.linux64_1.0.0.202111181127/tools/bin/../lib/gcc/arm-none-eabi/10.3.1/thumb/v7e-m+fp/hard/crtend.o
LOAD /opt/st/stm32cubeide_1.10.1/plugins/com.st.stm32cube.ide.mcu.externaltools.gnu-tools-for-stm32.10.3-2021.10.linux64_1.0.0.202111181127/tools/bin/../lib/gcc/arm-none-eabi/10.3.1/thumb/v7e-m+fp/hard/crtn.o
                0x0000000020030000                _estack = (ORIGIN (RAM) + LENGTH (RAM))
                0x0000000000000200                _Min_Heap_Size = 0x200
                0x0000000000000400                _Min_Stack_Size = 0x400

.isr_vector     0x0000000008000000      0x1ac
                0x0000000008000000                . = ALIGN (0x4)
 *(.isr_vector)
 .isr_vector    0x0000000008000000      0x1ac ./Core/Startup/startup_stm32f429zitx.o
                0x0000000008000000                g_pfnVectors
                0x00000000080001ac                . = ALIGN (0x4)

.text           0x00000000080001b0     0xa548
                0x00000000080001b0                . = ALIGN (0x4)
 *(.text)
 .text          0x00000000080001b0       0x40 /opt/st/stm32cubeide_1.10.1/plugins/com.st.stm32cube.ide.mcu.externaltools.gnu-tools-for-stm32.10.3-2021.10.linux64_1.0.0.202111181127/tools/bin/../lib/gcc/arm-none-eabi/10.3.1/thumb/v7e-m+fp/hard/crtbegin.o
 .text          0x00000000080001f0       0x10 /opt/st/stm32cubeide_1.10.1/plugins/com.st.stm32cube.ide.mcu.externaltools.gnu-tools-for-stm32.10.3-2021.10.linux64_1.0.0.202111181127/tools/bin/../lib/gcc/arm-none-eabi/10.3.1/../../../../arm-none-eabi/lib/thumb/v7e-m+fp/hard/libc_nano.a(lib_a-strlen.o)
                0x00000000080001f0                strlen
 .text          0x0000000008000200       0xa0 /opt/st/stm32cubeide_1.10.1/plugins/com.st.stm32cube.ide.mcu.externaltools.gnu-tools-for-stm32.10.3-2021.10.linux64_1.0.0.202111181127/tools/bin/../lib/gcc/arm-none-eabi/10.3.1/../../../../arm-none-eabi/lib/thumb/v7e-m+fp/hard/libc_nano.a(lib_a-memchr.o)
                0x0000000008000200                memchr
 .text          0x00000000080002a0       0x30 /opt/st/stm32cubeide_1.10.1/plugins/com.st.stm32cube.ide.mcu.externaltools.gnu-tools-for-stm32.10.3-2021.10.linux64_1.0.0.202111181127/tools/bin/../lib/gcc/arm-none-eabi/10.3.1/thumb/v7e-m+fp/hard/libgcc.a(_aeabi_uldivmod.o)
                0x00000000080002a0                __aeabi_uldivmod
 .text          0x00000000080002d0       0x28 /opt/st/stm32cubeide_1.10.1/plugins/com.st.stm32cube.ide.mcu.externaltools.gnu-tools-for-stm32.10.3-2021.10.linux64_1.0.0.202111181127/tools/bin/../lib/gcc/arm-none-eabi/10.3.1/thumb/v7e-m+fp/hard/libgcc.a(_popcountsi2.o)
                0x00000000080002d0                __popcountsi2
 .text          0x00000000080002f8      0x2d0 /opt/st/stm32cubeide_1.10.1/plugins/com.st.stm32cube.ide.mcu.externaltools.gnu-tools-for-stm32.10.3-2021.10.linux64_1.0.0.202111181127/tools/bin/../lib/gcc/arm-none-eabi/10.3.1/thumb/v7e-m+fp/hard/libgcc.a(_udivmoddi4.o)
                0x00000000080002f8                __udivmoddi4
 .text          0x00000000080005c8        0x4 /opt/st/stm32cubeide_1.10.1/plugins/com.st.stm32cube.ide.mcu.externaltools.gnu-tools-for-stm32.10.3-2021.10.linux64_1.0.0.202111181127/tools/bin/../lib/gcc/arm-none-eabi/10.3.1/thumb/v7e-m+fp/hard/libgcc.a(_dvmd_tls.o)
                0x00000000080005c8                __aeabi_ldiv0
                0x00000000080005c8                __aeabi_idiv0
 *(.text*)
 .text.main     0x00000000080005cc       0x16 ./Core/Src/main.o
                0x00000000080005cc                main
 *fill*         0x00000000080005e2        0x2 
 .text.SystemClock_Config
                0x00000000080005e4       0xc0 ./Core/Src/main.o
                0x00000000080005e4                SystemClock_Config
 .text.MX_GPIO_Init
                0x00000000080006a4      0x23c ./Core/Src/main.o
 .text.Error_Handler
                0x00000000080008e0        0xa ./Core/Src/main.o
                0x00000000080008e0                Error_Handler
 *fill*         0x00000000080008ea        0x2 
 .text.HAL_MspInit
                0x00000000080008ec       0x50 ./Core/Src/stm32f4xx_hal_msp.o
                0x00000000080008ec                HAL_MspInit
 .text.NMI_Handler
                0x000000000800093c        0x6 ./Core/Src/stm32f4xx_it.o
                0x000000000800093c                NMI_Handler
 .text.HardFault_Handler
                0x0000000008000942        0x6 ./Core/Src/stm32f4xx_it.o
                0x0000000008000942                HardFault_Handler
 .text.MemManage_Handler
                0x0000000008000948        0x6 ./Core/Src/stm32f4xx_it.o
                0x0000000008000948                MemManage_Handler
 .text.BusFault_Handler
                0x000000000800094e        0x6 ./Core/Src/stm32f4xx_it.o
                0x000000000800094e                BusFault_Handler
 .text.UsageFault_Handler
                0x0000000008000954        0x6 ./Core/Src/stm32f4xx_it.o
                0x0000000008000954                UsageFault_Handler
 .text.SVC_Handler
                0x000000000800095a        0xe ./Core/Src/stm32f4xx_it.o
                0x000000000800095a                SVC_Handler
 .text.DebugMon_Handler
                0x0000000008000968        0xe ./Core/Src/stm32f4xx_it.o
                0x0000000008000968                DebugMon_Handler
 .text.PendSV_Handler
                0x0000000008000976        0xe ./Core/Src/stm32f4xx_it.o
                0x0000000008000976                PendSV_Handler
 .text.SysTick_Handler
                0x0000000008000984        0xc ./Core/Src/stm32f4xx_it.o
                0x0000000008000984                SysTick_Handler
 .text.SPI1_IRQHandler
                0x0000000008000990        0xe ./Core/Src/stm32f4xx_it.o
                0x0000000008000990                SPI1_IRQHandler
 *fill*         0x000000000800099e        0x2 
 .text.DMA2_Stream0_IRQHandler
                0x00000000080009a0       0x14 ./Core/Src/stm32f4xx_it.o
                0x00000000080009a0                DMA2_Stream0_IRQHandler
 .text.DMA2_Stream3_IRQHandler
                0x00000000080009b4       0x14 ./Core/Src/stm32f4xx_it.o
                0x00000000080009b4                DMA2_Stream3_IRQHandler
 .text._getpid  0x00000000080009c8       0x10 ./Core/Src/syscalls.o
                0x00000000080009c8                _getpid
 .text._kill    0x00000000080009d8       0x20 ./Core/Src/syscalls.o
                0x00000000080009d8                _kill
 .text._exit    0x00000000080009f8       0x14 ./Core/Src/syscalls.o
                0x00000000080009f8                _exit
 .text._read    0x0000000008000a0c       0x3a ./Core/Src/syscalls.o
                0x0000000008000a0c                _read
 .text._write   0x0000000008000a46       0x38 ./Core/Src/syscalls.o
                0x0000000008000a46                _write
 .text._close   0x0000000008000a7e       0x18 ./Core/Src/syscalls.o
                0x0000000008000a7e                _close
 .text._fstat   0x0000000008000a96       0x20 ./Core/Src/syscalls.o
                0x0000000008000a96                _fstat
 .text._isatty  0x0000000008000ab6       0x16 ./Core/Src/syscalls.o
                0x0000000008000ab6                _isatty
 .text._lseek   0x0000000008000acc       0x1a ./Core/Src/syscalls.o
                0x0000000008000acc                _lseek
 *fill*         0x0000000008000ae6        0x2 
 .text._sbrk    0x0000000008000ae8       0x6c ./Core/Src/sysmem.o
                0x0000000008000ae8                _sbrk
 .text.SystemInit
                0x0000000008000b54       0x24 ./Core/Src/system_stm32f4xx.o
                0x0000000008000b54                SystemInit
 .text.Reset_Handler
                0x0000000008000b78       0x50 ./Core/Startup/startup_stm32f429zitx.o
                0x0000000008000b78                Reset_Handler
 .text.Default_Handler
                0x0000000008000bc8        0x2 ./Core/Startup/startup_stm32f429zitx.o
                0x0000000008000bc8                RTC_Alarm_IRQHandler
                0x0000000008000bc8                HASH_RNG_IRQHandler
                0x0000000008000bc8                EXTI2_IRQHandler
                0x0000000008000bc8                TIM8_CC_IRQHandler
                0x0000000008000bc8                UART8_IRQHandler
                0x0000000008000bc8                SPI4_IRQHandler
                0x0000000008000bc8                TIM1_CC_IRQHandler
                0x0000000008000bc8                DMA2_Stream5_IRQHandler
                0x0000000008000bc8                DMA1_Stream5_IRQHandler
                0x0000000008000bc8                PVD_IRQHandler
                0x0000000008000bc8                SDIO_IRQHandler
                0x0000000008000bc8                TAMP_STAMP_IRQHandler
                0x0000000008000bc8                CAN2_RX1_IRQHandler
                0x0000000008000bc8                EXTI3_IRQHandler
                0x0000000008000bc8                TIM8_TRG_COM_TIM14_IRQHandler
                0x0000000008000bc8                TIM1_UP_TIM10_IRQHandler
                0x0000000008000bc8                TIM8_UP_TIM13_IRQHandler
                0x0000000008000bc8                I2C3_ER_IRQHandler
                0x0000000008000bc8                EXTI0_IRQHandler
                0x0000000008000bc8                I2C2_EV_IRQHandler
                0x0000000008000bc8                DMA1_Stream2_IRQHandler
                0x0000000008000bc8                CAN1_RX0_IRQHandler
                0x0000000008000bc8                FPU_IRQHandler
                0x0000000008000bc8                OTG_HS_WKUP_IRQHandler
                0x0000000008000bc8                LTDC_ER_IRQHandler
                0x0000000008000bc8                CAN2_SCE_IRQHandler
                0x0000000008000bc8                DMA2_Stream2_IRQHandler
                0x0000000008000bc8                TIM6_DAC_IRQHandler
                0x0000000008000bc8                TIM1_BRK_TIM9_IRQHandler
                0x0000000008000bc8                DCMI_IRQHandler
                0x0000000008000bc8                CAN2_RX0_IRQHandler
                0x0000000008000bc8                USART6_IRQHandler
                0x0000000008000bc8                USART3_IRQHandler
                0x0000000008000bc8                CAN1_RX1_IRQHandler
                0x0000000008000bc8                UART5_IRQHandler
                0x0000000008000bc8                TIM4_IRQHandler
                0x0000000008000bc8                I2C1_EV_IRQHandler
                0x0000000008000bc8                DMA1_Stream6_IRQHandler
                0x0000000008000bc8                DMA1_Stream1_IRQHandler
                0x0000000008000bc8                UART4_IRQHandler
                0x0000000008000bc8                TIM3_IRQHandler
                0x0000000008000bc8                RCC_IRQHandler
                0x0000000008000bc8                TIM8_BRK_TIM12_IRQHandler
                0x0000000008000bc8                Default_Handler
                0x0000000008000bc8                EXTI15_10_IRQHandler
                0x0000000008000bc8                ADC_IRQHandler
                0x0000000008000bc8                DMA1_Stream7_IRQHandler
                0x0000000008000bc8                SPI5_IRQHandler
                0x0000000008000bc8                TIM7_IRQHandler
                0x0000000008000bc8                CAN2_TX_IRQHandler
                0x0000000008000bc8                TIM5_IRQHandler
                0x0000000008000bc8                DMA2_Stream7_IRQHandler
                0x0000000008000bc8                I2C3_EV_IRQHandler
                0x0000000008000bc8                EXTI9_5_IRQHandler
                0x0000000008000bc8                RTC_WKUP_IRQHandler
                0x0000000008000bc8                LTDC_IRQHandler
                0x0000000008000bc8                ETH_WKUP_IRQHandler
                0x0000000008000bc8                SPI2_IRQHandler
                0x0000000008000bc8                OTG_HS_EP1_IN_IRQHandler
                0x0000000008000bc8                DMA1_Stream0_IRQHandler
                0x0000000008000bc8                CAN1_TX_IRQHandler
                0x0000000008000bc8                EXTI4_IRQHandler
                0x0000000008000bc8                ETH_IRQHandler
                0x0000000008000bc8                OTG_HS_EP1_OUT_IRQHandler
                0x0000000008000bc8                WWDG_IRQHandler
                0x0000000008000bc8                SPI6_IRQHandler
                0x0000000008000bc8                TIM2_IRQHandler
                0x0000000008000bc8                OTG_FS_WKUP_IRQHandler
                0x0000000008000bc8                TIM1_TRG_COM_TIM11_IRQHandler
                0x0000000008000bc8                OTG_HS_IRQHandler
                0x0000000008000bc8                DMA2D_IRQHandler
                0x0000000008000bc8                EXTI1_IRQHandler
                0x0000000008000bc8                UART7_IRQHandler
                0x0000000008000bc8                USART2_IRQHandler
                0x0000000008000bc8                I2C2_ER_IRQHandler
                0x0000000008000bc8                DMA2_Stream1_IRQHandler
                0x0000000008000bc8                CAN1_SCE_IRQHandler
                0x0000000008000bc8                FLASH_IRQHandler
                0x0000000008000bc8                DMA2_Stream4_IRQHandler
                0x0000000008000bc8                USART1_IRQHandler
                0x0000000008000bc8                OTG_FS_IRQHandler
                0x0000000008000bc8                SPI3_IRQHandler
                0x0000000008000bc8                DMA1_Stream4_IRQHandler
                0x0000000008000bc8                I2C1_ER_IRQHandler
                0x0000000008000bc8                FMC_IRQHandler
                0x0000000008000bc8                DMA2_Stream6_IRQHandler
                0x0000000008000bc8                SAI1_IRQHandler
                0x0000000008000bc8                DMA1_Stream3_IRQHandler
 *fill*         0x0000000008000bca        0x2 
 .text.HAL_Init
                0x0000000008000bcc       0x44 ./Drivers/STM32F4xx_HAL_Driver/Src/stm32f4xx_hal.o
                0x0000000008000bcc                HAL_Init
 .text.HAL_InitTick
                0x0000000008000c10       0x60 ./Drivers/STM32F4xx_HAL_Driver/Src/stm32f4xx_hal.o
                0x0000000008000c10                HAL_InitTick
 .text.HAL_IncTick
                0x0000000008000c70       0x28 ./Drivers/STM32F4xx_HAL_Driver/Src/stm32f4xx_hal.o
                0x0000000008000c70                HAL_IncTick
 .text.HAL_GetTick
                0x0000000008000c98       0x18 ./Drivers/STM32F4xx_HAL_Driver/Src/stm32f4xx_hal.o
                0x0000000008000c98                HAL_GetTick
 .text.__NVIC_SetPriorityGrouping
                0x0000000008000cb0       0x48 ./Drivers/STM32F4xx_HAL_Driver/Src/stm32f4xx_hal_cortex.o
 .text.__NVIC_GetPriorityGrouping
                0x0000000008000cf8       0x1c ./Drivers/STM32F4xx_HAL_Driver/Src/stm32f4xx_hal_cortex.o
 .text.__NVIC_SetPriority
                0x0000000008000d14       0x54 ./Drivers/STM32F4xx_HAL_Driver/Src/stm32f4xx_hal_cortex.o
 .text.NVIC_EncodePriority
                0x0000000008000d68       0x66 ./Drivers/STM32F4xx_HAL_Driver/Src/stm32f4xx_hal_cortex.o
 *fill*         0x0000000008000dce        0x2 
 .text.SysTick_Config
                0x0000000008000dd0       0x44 ./Drivers/STM32F4xx_HAL_Driver/Src/stm32f4xx_hal_cortex.o
 .text.HAL_NVIC_SetPriorityGrouping
                0x0000000008000e14       0x16 ./Drivers/STM32F4xx_HAL_Driver/Src/stm32f4xx_hal_cortex.o
                0x0000000008000e14                HAL_NVIC_SetPriorityGrouping
 .text.HAL_NVIC_SetPriority
                0x0000000008000e2a       0x38 ./Drivers/STM32F4xx_HAL_Driver/Src/stm32f4xx_hal_cortex.o
                0x0000000008000e2a                HAL_NVIC_SetPriority
 .text.HAL_SYSTICK_Config
                0x0000000008000e62       0x18 ./Drivers/STM32F4xx_HAL_Driver/Src/stm32f4xx_hal_cortex.o
                0x0000000008000e62                HAL_SYSTICK_Config
 *fill*         0x0000000008000e7a        0x2 
 .text.HAL_DMA_IRQHandler
                0x0000000008000e7c      0x314 ./Drivers/STM32F4xx_HAL_Driver/Src/stm32f4xx_hal_dma.o
                0x0000000008000e7c                HAL_DMA_IRQHandler
 .text.HAL_GPIO_Init
                0x0000000008001190      0x358 ./Drivers/STM32F4xx_HAL_Driver/Src/stm32f4xx_hal_gpio.o
                0x0000000008001190                HAL_GPIO_Init
 .text.HAL_GPIO_WritePin
                0x00000000080014e8       0x32 ./Drivers/STM32F4xx_HAL_Driver/Src/stm32f4xx_hal_gpio.o
                0x00000000080014e8                HAL_GPIO_WritePin
 *fill*         0x000000000800151a        0x2 
 .text.HAL_RCC_OscConfig
                0x000000000800151c      0x4f0 ./Drivers/STM32F4xx_HAL_Driver/Src/stm32f4xx_hal_rcc.o
                0x000000000800151c                HAL_RCC_OscConfig
 .text.HAL_RCC_ClockConfig
                0x0000000008001a0c      0x1cc ./Drivers/STM32F4xx_HAL_Driver/Src/stm32f4xx_hal_rcc.o
                0x0000000008001a0c                HAL_RCC_ClockConfig
 .text.HAL_RCC_GetSysClockFreq
                0x0000000008001bd8      0x20c ./Drivers/STM32F4xx_HAL_Driver/Src/stm32f4xx_hal_rcc.o
                0x0000000008001bd8                HAL_RCC_GetSysClockFreq
 .text.HAL_SPI_Init
                0x0000000008001de4      0x112 ./Drivers/STM32F4xx_HAL_Driver/Src/stm32f4xx_hal_spi.o
                0x0000000008001de4                HAL_SPI_Init
 .text.HAL_SPI_Transmit
                0x0000000008001ef6      0x278 ./Drivers/STM32F4xx_HAL_Driver/Src/stm32f4xx_hal_spi.o
                0x0000000008001ef6                HAL_SPI_Transmit
 .text.HAL_SPI_Receive
                0x000000000800216e      0x222 ./Drivers/STM32F4xx_HAL_Driver/Src/stm32f4xx_hal_spi.o
                0x000000000800216e                HAL_SPI_Receive
 .text.HAL_SPI_TransmitReceive
                0x0000000008002390      0x344 ./Drivers/STM32F4xx_HAL_Driver/Src/stm32f4xx_hal_spi.o
                0x0000000008002390                HAL_SPI_TransmitReceive
 .text.SPI_WaitFlagStateUntilTimeout
                0x00000000080026d4      0x110 ./Drivers/STM32F4xx_HAL_Driver/Src/stm32f4xx_hal_spi.o
 .text.SPI_EndRxTransaction
                0x00000000080027e4       0xca ./Drivers/STM32F4xx_HAL_Driver/Src/stm32f4xx_hal_spi.o
 *fill*         0x00000000080028ae        0x2 
 .text.SPI_EndRxTxTransaction
                0x00000000080028b0       0x84 ./Drivers/STM32F4xx_HAL_Driver/Src/stm32f4xx_hal_spi.o
 .text.lfs_max  0x0000000008002934       0x20 ./Middleware/littleFS/src/lfs.o
 .text.lfs_min  0x0000000008002954       0x20 ./Middleware/littleFS/src/lfs.o
 .text.lfs_aligndown
                0x0000000008002974       0x2a ./Middleware/littleFS/src/lfs.o
 .text.lfs_alignup
                0x000000000800299e       0x24 ./Middleware/littleFS/src/lfs.o
 .text.lfs_npw2
                0x00000000080029c2       0x20 ./Middleware/littleFS/src/lfs.o
 .text.lfs_ctz  0x00000000080029e2       0x1e ./Middleware/littleFS/src/lfs.o
 .text.lfs_popc
                0x0000000008002a00       0x18 ./Middleware/littleFS/src/lfs.o
 .text.lfs_scmp
                0x0000000008002a18       0x1c ./Middleware/littleFS/src/lfs.o
 .text.lfs_fromle32
                0x0000000008002a34       0x16 ./Middleware/littleFS/src/lfs.o
 .text.lfs_tole32
                0x0000000008002a4a       0x18 ./Middleware/littleFS/src/lfs.o
 .text.lfs_frombe32
                0x0000000008002a62       0x18 ./Middleware/littleFS/src/lfs.o
 .text.lfs_tobe32
                0x0000000008002a7a       0x18 ./Middleware/littleFS/src/lfs.o
 .text.lfs_malloc
                0x0000000008002a92       0x18 ./Middleware/littleFS/src/lfs.o
 .text.lfs_free
                0x0000000008002aaa       0x16 ./Middleware/littleFS/src/lfs.o
 .text.lfs_cache_drop
                0x0000000008002ac0       0x1e ./Middleware/littleFS/src/lfs.o
 .text.lfs_cache_zero
                0x0000000008002ade       0x2c ./Middleware/littleFS/src/lfs.o
 *fill*         0x0000000008002b0a        0x2 
 .text.lfs_bd_read
                0x0000000008002b0c      0x288 ./Middleware/littleFS/src/lfs.o
 .text.lfs_bd_cmp
                0x0000000008002d94       0xa2 ./Middleware/littleFS/src/lfs.o
 *fill*         0x0000000008002e36        0x2 
 .text.lfs_bd_flush
                0x0000000008002e38       0xf8 ./Middleware/littleFS/src/lfs.o
 .text.lfs_bd_sync
                0x0000000008002f30       0x68 ./Middleware/littleFS/src/lfs.o
 .text.lfs_bd_prog
                0x0000000008002f98      0x158 ./Middleware/littleFS/src/lfs.o
 .text.lfs_bd_erase
                0x00000000080030f0       0x64 ./Middleware/littleFS/src/lfs.o
 .text.lfs_pair_swap
                0x0000000008003154       0x2a ./Middleware/littleFS/src/lfs.o
 .text.lfs_pair_isnull
                0x000000000800317e       0x36 ./Middleware/littleFS/src/lfs.o
 .text.lfs_pair_cmp
                0x00000000080031b4       0x54 ./Middleware/littleFS/src/lfs.o
 .text.lfs_pair_sync
                0x0000000008003208       0x5a ./Middleware/littleFS/src/lfs.o
 .text.lfs_pair_fromle32
                0x0000000008003262       0x34 ./Middleware/littleFS/src/lfs.o
 .text.lfs_pair_tole32
                0x0000000008003296       0x34 ./Middleware/littleFS/src/lfs.o
 .text.lfs_tag_isvalid
                0x00000000080032ca       0x1c ./Middleware/littleFS/src/lfs.o
 .text.lfs_tag_isdelete
                0x00000000080032e6       0x26 ./Middleware/littleFS/src/lfs.o
 .text.lfs_tag_type1
                0x000000000800330c       0x20 ./Middleware/littleFS/src/lfs.o
 .text.lfs_tag_type3
                0x000000000800332c       0x20 ./Middleware/littleFS/src/lfs.o
 .text.lfs_tag_chunk
                0x000000000800334c       0x1a ./Middleware/littleFS/src/lfs.o
 .text.lfs_tag_splice
                0x0000000008003366       0x1a ./Middleware/littleFS/src/lfs.o
 .text.lfs_tag_id
                0x0000000008003380       0x20 ./Middleware/littleFS/src/lfs.o
 .text.lfs_tag_size
                0x00000000080033a0       0x1a ./Middleware/littleFS/src/lfs.o
 .text.lfs_tag_dsize
                0x00000000080033ba       0x28 ./Middleware/littleFS/src/lfs.o
 .text.lfs_gstate_xor
                0x00000000080033e2       0x4a ./Middleware/littleFS/src/lfs.o
 .text.lfs_gstate_iszero
                0x000000000800342c       0x3a ./Middleware/littleFS/src/lfs.o
 .text.lfs_gstate_hasorphans
                0x0000000008003466       0x26 ./Middleware/littleFS/src/lfs.o
 .text.lfs_gstate_getorphans
                0x000000000800348c       0x1e ./Middleware/littleFS/src/lfs.o
 .text.lfs_gstate_hasmove
                0x00000000080034aa       0x26 ./Middleware/littleFS/src/lfs.o
 .text.lfs_gstate_hasmovehere
                0x00000000080034d0       0x40 ./Middleware/littleFS/src/lfs.o
 .text.lfs_gstate_fromle32
                0x0000000008003510       0x40 ./Middleware/littleFS/src/lfs.o
 .text.lfs_gstate_tole32
                0x0000000008003550       0x40 ./Middleware/littleFS/src/lfs.o
 .text.lfs_ctz_fromle32
                0x0000000008003590       0x30 ./Middleware/littleFS/src/lfs.o
 .text.lfs_ctz_tole32
                0x00000000080035c0       0x30 ./Middleware/littleFS/src/lfs.o
 .text.lfs_superblock_fromle32
                0x00000000080035f0       0x70 ./Middleware/littleFS/src/lfs.o
 .text.lfs_superblock_tole32
                0x0000000008003660       0x70 ./Middleware/littleFS/src/lfs.o
 .text.lfs_mlist_isopen
                0x00000000080036d0       0x3a ./Middleware/littleFS/src/lfs.o
 .text.lfs_mlist_remove
                0x000000000800370a       0x44 ./Middleware/littleFS/src/lfs.o
 .text.lfs_mlist_append
                0x000000000800374e       0x24 ./Middleware/littleFS/src/lfs.o
 .text.lfs_alloc_lookahead
                0x0000000008003772       0x6e ./Middleware/littleFS/src/lfs.o
 .text.lfs_alloc_ack
                0x00000000080037e0       0x1e ./Middleware/littleFS/src/lfs.o
 .text.lfs_alloc_drop
                0x00000000080037fe       0x22 ./Middleware/littleFS/src/lfs.o
 .text.lfs_alloc
                0x0000000008003820      0x168 ./Middleware/littleFS/src/lfs.o
 .text.lfs_dir_getslice
                0x0000000008003988      0x1cc ./Middleware/littleFS/src/lfs.o
 .text.lfs_dir_get
                0x0000000008003b54       0x36 ./Middleware/littleFS/src/lfs.o
 .text.lfs_dir_getread
                0x0000000008003b8a      0x1b6 ./Middleware/littleFS/src/lfs.o
 .text.lfs_dir_traverse_filter
                0x0000000008003d40       0xb8 ./Middleware/littleFS/src/lfs.o
 .text.lfs_dir_traverse
                0x0000000008003df8      0x7c0 ./Middleware/littleFS/src/lfs.o
 .text.lfs_dir_fetchmatch
                0x00000000080045b8      0x6dc ./Middleware/littleFS/src/lfs.o
 .text.lfs_dir_fetch
                0x0000000008004c94       0x36 ./Middleware/littleFS/src/lfs.o
 *fill*         0x0000000008004cca        0x2 
 .text.lfs_dir_getgstate
                0x0000000008004ccc       0x64 ./Middleware/littleFS/src/lfs.o
 .text.lfs_dir_find_match
                0x0000000008004d30       0x92 ./Middleware/littleFS/src/lfs.o
 *fill*         0x0000000008004dc2        0x2 
 .text.lfs_dir_find
                0x0000000008004dc4      0x1f4 ./Middleware/littleFS/src/lfs.o
 .text.lfs_dir_commitprog
                0x0000000008004fb8       0x6c ./Middleware/littleFS/src/lfs.o
 .text.lfs_dir_commitattr
                0x0000000008005024      0x100 ./Middleware/littleFS/src/lfs.o
 .text.lfs_dir_commitcrc
                0x0000000008005124      0x278 ./Middleware/littleFS/src/lfs.o
 .text.lfs_dir_alloc
                0x000000000800539c       0xf2 ./Middleware/littleFS/src/lfs.o
 .text.lfs_dir_split
                0x000000000800548e       0xa8 ./Middleware/littleFS/src/lfs.o
 .text.lfs_dir_commit_size
                0x0000000008005536       0x2c ./Middleware/littleFS/src/lfs.o
 .text.lfs_dir_commit_commit
                0x0000000008005562       0x2a ./Middleware/littleFS/src/lfs.o
 .text.lfs_dir_needsrelocation
                0x000000000800558c       0x4c ./Middleware/littleFS/src/lfs.o
 .text.lfs_dir_compact
                0x00000000080055d8      0x3ec ./Middleware/littleFS/src/lfs.o
 .text.lfs_dir_splittingcompact
                0x00000000080059c4      0x230 ./Middleware/littleFS/src/lfs.o
 .text.lfs_dir_relocatingcommit
                0x0000000008005bf4      0x568 ./Middleware/littleFS/src/lfs.o
 .text.lfs_dir_orphaningcommit
                0x000000000800615c      0x5f4 ./Middleware/littleFS/src/lfs.o
 .text.lfs_dir_commit
                0x0000000008006750       0x4a ./Middleware/littleFS/src/lfs.o
 .text.lfs_ctz_index
                0x000000000800679a       0x70 ./Middleware/littleFS/src/lfs.o
 .text.lfs_ctz_find
                0x000000000800680a       0xd6 ./Middleware/littleFS/src/lfs.o
 .text.lfs_ctz_extend
                0x00000000080068e0      0x210 ./Middleware/littleFS/src/lfs.o
 .text.lfs_ctz_traverse
                0x0000000008006af0       0xf8 ./Middleware/littleFS/src/lfs.o
 .text.lfs_file_rawopencfg
                0x0000000008006be8      0x3a0 ./Middleware/littleFS/src/lfs.o
 .text.lfs_file_rawopen
                0x0000000008006f88       0x30 ./Middleware/littleFS/src/lfs.o
 .text.lfs_file_rawclose
                0x0000000008006fb8       0x3a ./Middleware/littleFS/src/lfs.o
 *fill*         0x0000000008006ff2        0x2 
 .text.lfs_file_relocate
                0x0000000008006ff4      0x1b4 ./Middleware/littleFS/src/lfs.o
 .text.lfs_file_outline
                0x00000000080071a8       0x42 ./Middleware/littleFS/src/lfs.o
 *fill*         0x00000000080071ea        0x2 
 .text.lfs_file_flush
                0x00000000080071ec      0x1a8 ./Middleware/littleFS/src/lfs.o
 .text.lfs_file_rawsync
                0x0000000008007394      0x118 ./Middleware/littleFS/src/lfs.o
 .text.lfs_file_flushedread
                0x00000000080074ac      0x1a4 ./Middleware/littleFS/src/lfs.o
 .text.lfs_file_rawread
                0x0000000008007650       0x6c ./Middleware/littleFS/src/lfs.o
 .text.lfs_file_flushedwrite
                0x00000000080076bc      0x24e ./Middleware/littleFS/src/lfs.o
 *fill*         0x000000000800790a        0x2 
 .text.lfs_file_rawwrite
                0x000000000800790c      0x108 ./Middleware/littleFS/src/lfs.o
 .text.lfs_init
                0x0000000008007a14      0x374 ./Middleware/littleFS/src/lfs.o
 .text.lfs_deinit
                0x0000000008007d88       0x4e ./Middleware/littleFS/src/lfs.o
 *fill*         0x0000000008007dd6        0x2 
 .text.lfs_rawformat
                0x0000000008007dd8      0x140 ./Middleware/littleFS/src/lfs.o
 .text.lfs_rawmount
                0x0000000008007f18      0x358 ./Middleware/littleFS/src/lfs.o
 .text.lfs_rawunmount
                0x0000000008008270       0x18 ./Middleware/littleFS/src/lfs.o
 .text.lfs_fs_rawtraverse
                0x0000000008008288      0x24c ./Middleware/littleFS/src/lfs.o
 .text.lfs_fs_pred
                0x00000000080084d4       0x8a ./Middleware/littleFS/src/lfs.o
 .text.lfs_fs_parent_match
                0x000000000800855e       0x84 ./Middleware/littleFS/src/lfs.o
 *fill*         0x00000000080085e2        0x2 
 .text.lfs_fs_parent
                0x00000000080085e4       0xac ./Middleware/littleFS/src/lfs.o
 .text.lfs_fs_preporphans
                0x0000000008008690       0x74 ./Middleware/littleFS/src/lfs.o
 .text.lfs_fs_prepmove
                0x0000000008008704       0x74 ./Middleware/littleFS/src/lfs.o
 .text.lfs_fs_demove
                0x0000000008008778       0xcc ./Middleware/littleFS/src/lfs.o
 .text.lfs_fs_deorphan
                0x0000000008008844      0x348 ./Middleware/littleFS/src/lfs.o
 .text.lfs_fs_forceconsistency
                0x0000000008008b8c       0x38 ./Middleware/littleFS/src/lfs.o
 .text.lfs_fs_size_count
                0x0000000008008bc4       0x26 ./Middleware/littleFS/src/lfs.o
 *fill*         0x0000000008008bea        0x2 
 .text.lfs_fs_rawsize
                0x0000000008008bec       0x34 ./Middleware/littleFS/src/lfs.o
 .text.lfs_format
                0x0000000008008c20       0x2c ./Middleware/littleFS/src/lfs.o
                0x0000000008008c20                lfs_format
 .text.lfs_mount
                0x0000000008008c4c       0x2c ./Middleware/littleFS/src/lfs.o
                0x0000000008008c4c                lfs_mount
 .text.lfs_unmount
                0x0000000008008c78       0x28 ./Middleware/littleFS/src/lfs.o
                0x0000000008008c78                lfs_unmount
 .text.lfs_file_open
                0x0000000008008ca0       0x68 ./Middleware/littleFS/src/lfs.o
                0x0000000008008ca0                lfs_file_open
 .text.lfs_file_close
                0x0000000008008d08       0x58 ./Middleware/littleFS/src/lfs.o
                0x0000000008008d08                lfs_file_close
 .text.lfs_file_read
                0x0000000008008d60       0x60 ./Middleware/littleFS/src/lfs.o
                0x0000000008008d60                lfs_file_read
 .text.lfs_file_write
                0x0000000008008dc0       0x60 ./Middleware/littleFS/src/lfs.o
                0x0000000008008dc0                lfs_file_write
 .text.lfs_crc  0x0000000008008e20       0x7c ./Middleware/littleFS/src/lfs_util.o
                0x0000000008008e20                lfs_crc
 .text._ZN6W25Q64C2EP19__SPI_HandleTypeDefP12GPIO_TypeDeft
                0x0000000008008e9c       0x3a ./modules/src/W25Qx_module.o
                0x0000000008008e9c                W25Q64::W25Q64(__SPI_HandleTypeDef*, GPIO_TypeDef*, unsigned short)
                0x0000000008008e9c                W25Q64::W25Q64(__SPI_HandleTypeDef*, GPIO_TypeDef*, unsigned short)
 .text._ZN6W25Q644initEv
                0x0000000008008ed6       0x1c ./modules/src/W25Qx_module.o
                0x0000000008008ed6                W25Q64::init()
 *fill*         0x0000000008008ef2        0x2 
 .text._ZN6W25Q6412write_enableEv
                0x0000000008008ef4       0x30 ./modules/src/W25Qx_module.o
                0x0000000008008ef4                W25Q64::write_enable()
 .text._ZN6W25Q6420read_status_registerEv
                0x0000000008008f24       0x40 ./modules/src/W25Qx_module.o
                0x0000000008008f24                W25Q64::read_status_register()
 .text._ZN6W25Q6411block_eraseEm
                0x0000000008008f64       0x58 ./modules/src/W25Qx_module.o
                0x0000000008008f64                W25Q64::block_erase(unsigned long)
 .text._ZN6W25Q6412page_programEmPht
                0x0000000008008fbc       0x74 ./modules/src/W25Qx_module.o
                0x0000000008008fbc                W25Q64::page_program(unsigned long, unsigned char*, unsigned short)
 .text._ZN6W25Q649read_dataEmPht
                0x0000000008009030       0x5e ./modules/src/W25Qx_module.o
                0x0000000008009030                W25Q64::read_data(unsigned long, unsigned char*, unsigned short)
 .text._ZN6W25Q6416wait_until_readyEv
                0x000000000800908e       0x26 ./modules/src/W25Qx_module.o
                0x000000000800908e                W25Q64::wait_until_ready()
 .text._ZN6W25Q649cs_selectEv
                0x00000000080090b4       0x1a ./modules/src/W25Qx_module.o
                0x00000000080090b4                W25Q64::cs_select()
 .text._ZN6W25Q6411cs_deselectEv
                0x00000000080090ce       0x1a ./modules/src/W25Qx_module.o
                0x00000000080090ce                W25Q64::cs_deselect()
 .text._Z10flash_initv
                0x00000000080090e8       0x14 ./modules/src/filesystem.o
                0x00000000080090e8                flash_init()
 .text._Z11w25q64_readPK10lfs_configmmPvm
                0x00000000080090fc       0x3c ./modules/src/filesystem.o
                0x00000000080090fc                w25q64_read(lfs_config const*, unsigned long, unsigned long, void*, unsigned long)
 .text._Z11w25q64_progPK10lfs_configmmPKvm
                0x0000000008009138       0x3c ./modules/src/filesystem.o
                0x0000000008009138                w25q64_prog(lfs_config const*, unsigned long, unsigned long, void const*, unsigned long)
 .text._Z12w25q64_erasePK10lfs_configm
                0x0000000008009174       0x2c ./modules/src/filesystem.o
                0x0000000008009174                w25q64_erase(lfs_config const*, unsigned long)
 .text._Z11w25q64_syncPK10lfs_config
                0x00000000080091a0       0x16 ./modules/src/filesystem.o
                0x00000000080091a0                w25q64_sync(lfs_config const*)
 *fill*         0x00000000080091b6        0x2 
 .text._Z41__static_initialization_and_destruction_0ii
                0x00000000080091b8       0x3c ./modules/src/filesystem.o
 .text._GLOBAL__sub_I_hspi1
                0x00000000080091f4       0x10 ./modules/src/filesystem.o
 .text.HAL_SPI_MspInit
                0x0000000008009204       0xd0 ./modules/src/spi_module.o
                0x0000000008009204                HAL_SPI_MspInit
 .text._ZN3SPIC2EP19__SPI_HandleTypeDeftP12GPIO_TypeDef
                0x00000000080092d4       0x30 ./modules/src/spi_module.o
                0x00000000080092d4                SPI::SPI(__SPI_HandleTypeDef*, unsigned short, GPIO_TypeDef*)
                0x00000000080092d4                SPI::SPI(__SPI_HandleTypeDef*, unsigned short, GPIO_TypeDef*)
 .text._ZN3SPI4initEv
                0x0000000008009304       0xe8 ./modules/src/spi_module.o
                0x0000000008009304                SPI::init()
 .text._ZN3SPI8transmitEPht
                0x00000000080093ec       0x28 ./modules/src/spi_module.o
                0x00000000080093ec                SPI::transmit(unsigned char*, unsigned short)
 .text._ZN3SPI7receiveEPht
                0x0000000008009414       0x28 ./modules/src/spi_module.o
                0x0000000008009414                SPI::receive(unsigned char*, unsigned short)
 .text._ZN3SPI6csHighEv
                0x000000000800943c       0x20 ./modules/src/spi_module.o
                0x000000000800943c                SPI::csHigh()
 .text._ZN3SPI5csLowEv
                0x000000000800945c       0x20 ./modules/src/spi_module.o
                0x000000000800945c                SPI::csLow()
 .text.main_cpp
                0x000000000800947c      0x134 ./project_cpp/src/project_cpp.o
                0x000000000800947c                main_cpp
 .text.__assert_func
                0x00000000080095b0       0x3c /opt/st/stm32cubeide_1.10.1/plugins/com.st.stm32cube.ide.mcu.externaltools.gnu-tools-for-stm32.10.3-2021.10.linux64_1.0.0.202111181127/tools/bin/../lib/gcc/arm-none-eabi/10.3.1/../../../../arm-none-eabi/lib/thumb/v7e-m+fp/hard/libc_nano.a(lib_a-assert.o)
                0x00000000080095b0                __assert_func
 .text.__errno  0x00000000080095ec        0xc /opt/st/stm32cubeide_1.10.1/plugins/com.st.stm32cube.ide.mcu.externaltools.gnu-tools-for-stm32.10.3-2021.10.linux64_1.0.0.202111181127/tools/bin/../lib/gcc/arm-none-eabi/10.3.1/../../../../arm-none-eabi/lib/thumb/v7e-m+fp/hard/libc_nano.a(lib_a-errno.o)
                0x00000000080095ec                __errno
 .text.fprintf  0x00000000080095f8       0x24 /opt/st/stm32cubeide_1.10.1/plugins/com.st.stm32cube.ide.mcu.externaltools.gnu-tools-for-stm32.10.3-2021.10.linux64_1.0.0.202111181127/tools/bin/../lib/gcc/arm-none-eabi/10.3.1/../../../../arm-none-eabi/lib/thumb/v7e-m+fp/hard/libc_nano.a(lib_a-fprintf.o)
                0x00000000080095f8                fprintf
                0x00000000080095f8                fiprintf
 .text.__libc_init_array
                0x000000000800961c       0x48 /opt/st/stm32cubeide_1.10.1/plugins/com.st.stm32cube.ide.mcu.externaltools.gnu-tools-for-stm32.10.3-2021.10.linux64_1.0.0.202111181127/tools/bin/../lib/gcc/arm-none-eabi/10.3.1/../../../../arm-none-eabi/lib/thumb/v7e-m+fp/hard/libc_nano.a(lib_a-init.o)
                0x000000000800961c                __libc_init_array
 .text.malloc   0x0000000008009664       0x10 /opt/st/stm32cubeide_1.10.1/plugins/com.st.stm32cube.ide.mcu.externaltools.gnu-tools-for-stm32.10.3-2021.10.linux64_1.0.0.202111181127/tools/bin/../lib/gcc/arm-none-eabi/10.3.1/../../../../arm-none-eabi/lib/thumb/v7e-m+fp/hard/libc_nano.a(lib_a-malloc.o)
                0x0000000008009664                malloc
 .text.free     0x0000000008009674       0x10 /opt/st/stm32cubeide_1.10.1/plugins/com.st.stm32cube.ide.mcu.externaltools.gnu-tools-for-stm32.10.3-2021.10.linux64_1.0.0.202111181127/tools/bin/../lib/gcc/arm-none-eabi/10.3.1/../../../../arm-none-eabi/lib/thumb/v7e-m+fp/hard/libc_nano.a(lib_a-malloc.o)
                0x0000000008009674                free
 .text.memcmp   0x0000000008009684       0x20 /opt/st/stm32cubeide_1.10.1/plugins/com.st.stm32cube.ide.mcu.externaltools.gnu-tools-for-stm32.10.3-2021.10.linux64_1.0.0.202111181127/tools/bin/../lib/gcc/arm-none-eabi/10.3.1/../../../../arm-none-eabi/lib/thumb/v7e-m+fp/hard/libc_nano.a(lib_a-memcmp.o)
                0x0000000008009684                memcmp
 .text.memcpy   0x00000000080096a4       0x1c /opt/st/stm32cubeide_1.10.1/plugins/com.st.stm32cube.ide.mcu.externaltools.gnu-tools-for-stm32.10.3-2021.10.linux64_1.0.0.202111181127/tools/bin/../lib/gcc/arm-none-eabi/10.3.1/../../../../arm-none-eabi/lib/thumb/v7e-m+fp/hard/libc_nano.a(lib_a-memcpy-stub.o)
                0x00000000080096a4                memcpy
 .text.memset   0x00000000080096c0       0x10 /opt/st/stm32cubeide_1.10.1/plugins/com.st.stm32cube.ide.mcu.externaltools.gnu-tools-for-stm32.10.3-2021.10.linux64_1.0.0.202111181127/tools/bin/../lib/gcc/arm-none-eabi/10.3.1/../../../../arm-none-eabi/lib/thumb/v7e-m+fp/hard/libc_nano.a(lib_a-memset.o)
                0x00000000080096c0                memset
 .text._free_r  0x00000000080096d0       0x98 /opt/st/stm32cubeide_1.10.1/plugins/com.st.stm32cube.ide.mcu.externaltools.gnu-tools-for-stm32.10.3-2021.10.linux64_1.0.0.202111181127/tools/bin/../lib/gcc/arm-none-eabi/10.3.1/../../../../arm-none-eabi/lib/thumb/v7e-m+fp/hard/libc_nano.a(lib_a-nano-freer.o)
                0x00000000080096d0                _free_r
 .text.sbrk_aligned
                0x0000000008009768       0x40 /opt/st/stm32cubeide_1.10.1/plugins/com.st.stm32cube.ide.mcu.externaltools.gnu-tools-for-stm32.10.3-2021.10.linux64_1.0.0.202111181127/tools/bin/../lib/gcc/arm-none-eabi/10.3.1/../../../../arm-none-eabi/lib/thumb/v7e-m+fp/hard/libc_nano.a(lib_a-nano-mallocr.o)
 .text._malloc_r
                0x00000000080097a8       0xe8 /opt/st/stm32cubeide_1.10.1/plugins/com.st.stm32cube.ide.mcu.externaltools.gnu-tools-for-stm32.10.3-2021.10.linux64_1.0.0.202111181127/tools/bin/../lib/gcc/arm-none-eabi/10.3.1/../../../../arm-none-eabi/lib/thumb/v7e-m+fp/hard/libc_nano.a(lib_a-nano-mallocr.o)
                0x00000000080097a8                _malloc_r
 .text.__sfputc_r
                0x0000000008009890       0x2e /opt/st/stm32cubeide_1.10.1/plugins/com.st.stm32cube.ide.mcu.externaltools.gnu-tools-for-stm32.10.3-2021.10.linux64_1.0.0.202111181127/tools/bin/../lib/gcc/arm-none-eabi/10.3.1/../../../../arm-none-eabi/lib/thumb/v7e-m+fp/hard/libc_nano.a(lib_a-nano-vfprintf.o)
 .text.__sfputs_r
                0x00000000080098be       0x24 /opt/st/stm32cubeide_1.10.1/plugins/com.st.stm32cube.ide.mcu.externaltools.gnu-tools-for-stm32.10.3-2021.10.linux64_1.0.0.202111181127/tools/bin/../lib/gcc/arm-none-eabi/10.3.1/../../../../arm-none-eabi/lib/thumb/v7e-m+fp/hard/libc_nano.a(lib_a-nano-vfprintf.o)
                0x00000000080098be                __sfputs_r
 *fill*         0x00000000080098e2        0x2 
 .text._vfprintf_r
                0x00000000080098e4      0x260 /opt/st/stm32cubeide_1.10.1/plugins/com.st.stm32cube.ide.mcu.externaltools.gnu-tools-for-stm32.10.3-2021.10.linux64_1.0.0.202111181127/tools/bin/../lib/gcc/arm-none-eabi/10.3.1/../../../../arm-none-eabi/lib/thumb/v7e-m+fp/hard/libc_nano.a(lib_a-nano-vfprintf.o)
                0x00000000080098e4                _vfiprintf_r
                0x00000000080098e4                _vfprintf_r
 .text._printf_common
                0x0000000008009b44       0xda /opt/st/stm32cubeide_1.10.1/plugins/com.st.stm32cube.ide.mcu.externaltools.gnu-tools-for-stm32.10.3-2021.10.linux64_1.0.0.202111181127/tools/bin/../lib/gcc/arm-none-eabi/10.3.1/../../../../arm-none-eabi/lib/thumb/v7e-m+fp/hard/libc_nano.a(lib_a-nano-vfprintf_i.o)
                0x0000000008009b44                _printf_common
 *fill*         0x0000000008009c1e        0x2 
 .text._printf_i
                0x0000000008009c20      0x24c /opt/st/stm32cubeide_1.10.1/plugins/com.st.stm32cube.ide.mcu.externaltools.gnu-tools-for-stm32.10.3-2021.10.linux64_1.0.0.202111181127/tools/bin/../lib/gcc/arm-none-eabi/10.3.1/../../../../arm-none-eabi/lib/thumb/v7e-m+fp/hard/libc_nano.a(lib_a-nano-vfprintf_i.o)
                0x0000000008009c20                _printf_i
 .text.printf   0x0000000008009e6c       0x30 /opt/st/stm32cubeide_1.10.1/plugins/com.st.stm32cube.ide.mcu.externaltools.gnu-tools-for-stm32.10.3-2021.10.linux64_1.0.0.202111181127/tools/bin/../lib/gcc/arm-none-eabi/10.3.1/../../../../arm-none-eabi/lib/thumb/v7e-m+fp/hard/libc_nano.a(lib_a-printf.o)
                0x0000000008009e6c                printf
                0x0000000008009e6c                iprintf
 .text._sbrk_r  0x0000000008009e9c       0x20 /opt/st/stm32cubeide_1.10.1/plugins/com.st.stm32cube.ide.mcu.externaltools.gnu-tools-for-stm32.10.3-2021.10.linux64_1.0.0.202111181127/tools/bin/../lib/gcc/arm-none-eabi/10.3.1/../../../../arm-none-eabi/lib/thumb/v7e-m+fp/hard/libc_nano.a(lib_a-sbrkr.o)
                0x0000000008009e9c                _sbrk_r
 .text.strchr   0x0000000008009ebc       0x1a /opt/st/stm32cubeide_1.10.1/plugins/com.st.stm32cube.ide.mcu.externaltools.gnu-tools-for-stm32.10.3-2021.10.linux64_1.0.0.202111181127/tools/bin/../lib/gcc/arm-none-eabi/10.3.1/../../../../arm-none-eabi/lib/thumb/v7e-m+fp/hard/libc_nano.a(lib_a-strchr.o)
                0x0000000008009ebc                strchr
 .text.strcspn  0x0000000008009ed6       0x22 /opt/st/stm32cubeide_1.10.1/plugins/com.st.stm32cube.ide.mcu.externaltools.gnu-tools-for-stm32.10.3-2021.10.linux64_1.0.0.202111181127/tools/bin/../lib/gcc/arm-none-eabi/10.3.1/../../../../arm-none-eabi/lib/thumb/v7e-m+fp/hard/libc_nano.a(lib_a-strcspn.o)
                0x0000000008009ed6                strcspn
 .text.strspn   0x0000000008009ef8       0x20 /opt/st/stm32cubeide_1.10.1/plugins/com.st.stm32cube.ide.mcu.externaltools.gnu-tools-for-stm32.10.3-2021.10.linux64_1.0.0.202111181127/tools/bin/../lib/gcc/arm-none-eabi/10.3.1/../../../../arm-none-eabi/lib/thumb/v7e-m+fp/hard/libc_nano.a(lib_a-strspn.o)
                0x0000000008009ef8                strspn
 .text.__swbuf_r
                0x0000000008009f18       0xa4 /opt/st/stm32cubeide_1.10.1/plugins/com.st.stm32cube.ide.mcu.externaltools.gnu-tools-for-stm32.10.3-2021.10.linux64_1.0.0.202111181127/tools/bin/../lib/gcc/arm-none-eabi/10.3.1/../../../../arm-none-eabi/lib/thumb/v7e-m+fp/hard/libc_nano.a(lib_a-wbuf.o)
                0x0000000008009f18                __swbuf_r
 .text.__swsetup_r
                0x0000000008009fbc       0xdc /opt/st/stm32cubeide_1.10.1/plugins/com.st.stm32cube.ide.mcu.externaltools.gnu-tools-for-stm32.10.3-2021.10.linux64_1.0.0.202111181127/tools/bin/../lib/gcc/arm-none-eabi/10.3.1/../../../../arm-none-eabi/lib/thumb/v7e-m+fp/hard/libc_nano.a(lib_a-wsetup.o)
                0x0000000008009fbc                __swsetup_r
 .text.abort    0x000000000800a098        0xe /opt/st/stm32cubeide_1.10.1/plugins/com.st.stm32cube.ide.mcu.externaltools.gnu-tools-for-stm32.10.3-2021.10.linux64_1.0.0.202111181127/tools/bin/../lib/gcc/arm-none-eabi/10.3.1/../../../../arm-none-eabi/lib/thumb/v7e-m+fp/hard/libc_nano.a(lib_a-abort.o)
                0x000000000800a098                abort
 *fill*         0x000000000800a0a6        0x2 
 .text.__sflush_r
                0x000000000800a0a8      0x10c /opt/st/stm32cubeide_1.10.1/plugins/com.st.stm32cube.ide.mcu.externaltools.gnu-tools-for-stm32.10.3-2021.10.linux64_1.0.0.202111181127/tools/bin/../lib/gcc/arm-none-eabi/10.3.1/../../../../arm-none-eabi/lib/thumb/v7e-m+fp/hard/libc_nano.a(lib_a-fflush.o)
                0x000000000800a0a8                __sflush_r
 .text._fflush_r
                0x000000000800a1b4       0x78 /opt/st/stm32cubeide_1.10.1/plugins/com.st.stm32cube.ide.mcu.externaltools.gnu-tools-for-stm32.10.3-2021.10.linux64_1.0.0.202111181127/tools/bin/../lib/gcc/arm-none-eabi/10.3.1/../../../../arm-none-eabi/lib/thumb/v7e-m+fp/hard/libc_nano.a(lib_a-fflush.o)
                0x000000000800a1b4                _fflush_r
 .text.std      0x000000000800a22c       0x48 /opt/st/stm32cubeide_1.10.1/plugins/com.st.stm32cube.ide.mcu.externaltools.gnu-tools-for-stm32.10.3-2021.10.linux64_1.0.0.202111181127/tools/bin/../lib/gcc/arm-none-eabi/10.3.1/../../../../arm-none-eabi/lib/thumb/v7e-m+fp/hard/libc_nano.a(lib_a-findfp.o)
 .text._cleanup_r
                0x000000000800a274        0xc /opt/st/stm32cubeide_1.10.1/plugins/com.st.stm32cube.ide.mcu.externaltools.gnu-tools-for-stm32.10.3-2021.10.linux64_1.0.0.202111181127/tools/bin/../lib/gcc/arm-none-eabi/10.3.1/../../../../arm-none-eabi/lib/thumb/v7e-m+fp/hard/libc_nano.a(lib_a-findfp.o)
                0x000000000800a274                _cleanup_r
 .text.__sfmoreglue
                0x000000000800a280       0x2c /opt/st/stm32cubeide_1.10.1/plugins/com.st.stm32cube.ide.mcu.externaltools.gnu-tools-for-stm32.10.3-2021.10.linux64_1.0.0.202111181127/tools/bin/../lib/gcc/arm-none-eabi/10.3.1/../../../../arm-none-eabi/lib/thumb/v7e-m+fp/hard/libc_nano.a(lib_a-findfp.o)
                0x000000000800a280                __sfmoreglue
 .text.__sfp_lock_acquire
                0x000000000800a2ac        0xc /opt/st/stm32cubeide_1.10.1/plugins/com.st.stm32cube.ide.mcu.externaltools.gnu-tools-for-stm32.10.3-2021.10.linux64_1.0.0.202111181127/tools/bin/../lib/gcc/arm-none-eabi/10.3.1/../../../../arm-none-eabi/lib/thumb/v7e-m+fp/hard/libc_nano.a(lib_a-findfp.o)
                0x000000000800a2ac                __sfp_lock_acquire
 .text.__sfp_lock_release
                0x000000000800a2b8        0xc /opt/st/stm32cubeide_1.10.1/plugins/com.st.stm32cube.ide.mcu.externaltools.gnu-tools-for-stm32.10.3-2021.10.linux64_1.0.0.202111181127/tools/bin/../lib/gcc/arm-none-eabi/10.3.1/../../../../arm-none-eabi/lib/thumb/v7e-m+fp/hard/libc_nano.a(lib_a-findfp.o)
                0x000000000800a2b8                __sfp_lock_release
 .text.__sinit_lock_acquire
                0x000000000800a2c4        0xc /opt/st/stm32cubeide_1.10.1/plugins/com.st.stm32cube.ide.mcu.externaltools.gnu-tools-for-stm32.10.3-2021.10.linux64_1.0.0.202111181127/tools/bin/../lib/gcc/arm-none-eabi/10.3.1/../../../../arm-none-eabi/lib/thumb/v7e-m+fp/hard/libc_nano.a(lib_a-findfp.o)
                0x000000000800a2c4                __sinit_lock_acquire
 .text.__sinit_lock_release
                0x000000000800a2d0        0xc /opt/st/stm32cubeide_1.10.1/plugins/com.st.stm32cube.ide.mcu.externaltools.gnu-tools-for-stm32.10.3-2021.10.linux64_1.0.0.202111181127/tools/bin/../lib/gcc/arm-none-eabi/10.3.1/../../../../arm-none-eabi/lib/thumb/v7e-m+fp/hard/libc_nano.a(lib_a-findfp.o)
                0x000000000800a2d0                __sinit_lock_release
 .text.__sinit  0x000000000800a2dc       0x70 /opt/st/stm32cubeide_1.10.1/plugins/com.st.stm32cube.ide.mcu.externaltools.gnu-tools-for-stm32.10.3-2021.10.linux64_1.0.0.202111181127/tools/bin/../lib/gcc/arm-none-eabi/10.3.1/../../../../arm-none-eabi/lib/thumb/v7e-m+fp/hard/libc_nano.a(lib_a-findfp.o)
                0x000000000800a2dc                __sinit
 .text.__sfp    0x000000000800a34c       0x8c /opt/st/stm32cubeide_1.10.1/plugins/com.st.stm32cube.ide.mcu.externaltools.gnu-tools-for-stm32.10.3-2021.10.linux64_1.0.0.202111181127/tools/bin/../lib/gcc/arm-none-eabi/10.3.1/../../../../arm-none-eabi/lib/thumb/v7e-m+fp/hard/libc_nano.a(lib_a-findfp.o)
                0x000000000800a34c                __sfp
 .text._fwalk_reent
                0x000000000800a3d8       0x3e /opt/st/stm32cubeide_1.10.1/plugins/com.st.stm32cube.ide.mcu.externaltools.gnu-tools-for-stm32.10.3-2021.10.linux64_1.0.0.202111181127/tools/bin/../lib/gcc/arm-none-eabi/10.3.1/../../../../arm-none-eabi/lib/thumb/v7e-m+fp/hard/libc_nano.a(lib_a-fwalk.o)
                0x000000000800a3d8                _fwalk_reent
 .text.__retarget_lock_init_recursive
                0x000000000800a416        0x2 /opt/st/stm32cubeide_1.10.1/plugins/com.st.stm32cube.ide.mcu.externaltools.gnu-tools-for-stm32.10.3-2021.10.linux64_1.0.0.202111181127/tools/bin/../lib/gcc/arm-none-eabi/10.3.1/../../../../arm-none-eabi/lib/thumb/v7e-m+fp/hard/libc_nano.a(lib_a-lock.o)
                0x000000000800a416                __retarget_lock_init_recursive
 .text.__retarget_lock_acquire_recursive
                0x000000000800a418        0x2 /opt/st/stm32cubeide_1.10.1/plugins/com.st.stm32cube.ide.mcu.externaltools.gnu-tools-for-stm32.10.3-2021.10.linux64_1.0.0.202111181127/tools/bin/../lib/gcc/arm-none-eabi/10.3.1/../../../../arm-none-eabi/lib/thumb/v7e-m+fp/hard/libc_nano.a(lib_a-lock.o)
                0x000000000800a418                __retarget_lock_acquire_recursive
 .text.__retarget_lock_release_recursive
                0x000000000800a41a        0x2 /opt/st/stm32cubeide_1.10.1/plugins/com.st.stm32cube.ide.mcu.externaltools.gnu-tools-for-stm32.10.3-2021.10.linux64_1.0.0.202111181127/tools/bin/../lib/gcc/arm-none-eabi/10.3.1/../../../../arm-none-eabi/lib/thumb/v7e-m+fp/hard/libc_nano.a(lib_a-lock.o)
                0x000000000800a41a                __retarget_lock_release_recursive
 .text.__swhatbuf_r
                0x000000000800a41c       0x4a /opt/st/stm32cubeide_1.10.1/plugins/com.st.stm32cube.ide.mcu.externaltools.gnu-tools-for-stm32.10.3-2021.10.linux64_1.0.0.202111181127/tools/bin/../lib/gcc/arm-none-eabi/10.3.1/../../../../arm-none-eabi/lib/thumb/v7e-m+fp/hard/libc_nano.a(lib_a-makebuf.o)
                0x000000000800a41c                __swhatbuf_r
 *fill*         0x000000000800a466        0x2 
 .text.__smakebuf_r
                0x000000000800a468       0x80 /opt/st/stm32cubeide_1.10.1/plugins/com.st.stm32cube.ide.mcu.externaltools.gnu-tools-for-stm32.10.3-2021.10.linux64_1.0.0.202111181127/tools/bin/../lib/gcc/arm-none-eabi/10.3.1/../../../../arm-none-eabi/lib/thumb/v7e-m+fp/hard/libc_nano.a(lib_a-makebuf.o)
                0x000000000800a468                __smakebuf_r
 .text.__malloc_lock
                0x000000000800a4e8        0xc /opt/st/stm32cubeide_1.10.1/plugins/com.st.stm32cube.ide.mcu.externaltools.gnu-tools-for-stm32.10.3-2021.10.linux64_1.0.0.202111181127/tools/bin/../lib/gcc/arm-none-eabi/10.3.1/../../../../arm-none-eabi/lib/thumb/v7e-m+fp/hard/libc_nano.a(lib_a-mlock.o)
                0x000000000800a4e8                __malloc_lock
 .text.__malloc_unlock
                0x000000000800a4f4        0xc /opt/st/stm32cubeide_1.10.1/plugins/com.st.stm32cube.ide.mcu.externaltools.gnu-tools-for-stm32.10.3-2021.10.linux64_1.0.0.202111181127/tools/bin/../lib/gcc/arm-none-eabi/10.3.1/../../../../arm-none-eabi/lib/thumb/v7e-m+fp/hard/libc_nano.a(lib_a-mlock.o)
                0x000000000800a4f4                __malloc_unlock
 .text._raise_r
                0x000000000800a500       0x50 /opt/st/stm32cubeide_1.10.1/plugins/com.st.stm32cube.ide.mcu.externaltools.gnu-tools-for-stm32.10.3-2021.10.linux64_1.0.0.202111181127/tools/bin/../lib/gcc/arm-none-eabi/10.3.1/../../../../arm-none-eabi/lib/thumb/v7e-m+fp/hard/libc_nano.a(lib_a-signal.o)
                0x000000000800a500                _raise_r
 .text.raise    0x000000000800a550       0x10 /opt/st/stm32cubeide_1.10.1/plugins/com.st.stm32cube.ide.mcu.externaltools.gnu-tools-for-stm32.10.3-2021.10.linux64_1.0.0.202111181127/tools/bin/../lib/gcc/arm-none-eabi/10.3.1/../../../../arm-none-eabi/lib/thumb/v7e-m+fp/hard/libc_nano.a(lib_a-signal.o)
                0x000000000800a550                raise
 .text._kill_r  0x000000000800a560       0x24 /opt/st/stm32cubeide_1.10.1/plugins/com.st.stm32cube.ide.mcu.externaltools.gnu-tools-for-stm32.10.3-2021.10.linux64_1.0.0.202111181127/tools/bin/../lib/gcc/arm-none-eabi/10.3.1/../../../../arm-none-eabi/lib/thumb/v7e-m+fp/hard/libc_nano.a(lib_a-signalr.o)
                0x000000000800a560                _kill_r
 .text._getpid_r
                0x000000000800a584        0x4 /opt/st/stm32cubeide_1.10.1/plugins/com.st.stm32cube.ide.mcu.externaltools.gnu-tools-for-stm32.10.3-2021.10.linux64_1.0.0.202111181127/tools/bin/../lib/gcc/arm-none-eabi/10.3.1/../../../../arm-none-eabi/lib/thumb/v7e-m+fp/hard/libc_nano.a(lib_a-signalr.o)
                0x000000000800a584                _getpid_r
 .text.__sread  0x000000000800a588       0x22 /opt/st/stm32cubeide_1.10.1/plugins/com.st.stm32cube.ide.mcu.externaltools.gnu-tools-for-stm32.10.3-2021.10.linux64_1.0.0.202111181127/tools/bin/../lib/gcc/arm-none-eabi/10.3.1/../../../../arm-none-eabi/lib/thumb/v7e-m+fp/hard/libc_nano.a(lib_a-stdio.o)
                0x000000000800a588                __sread
 .text.__swrite
                0x000000000800a5aa       0x38 /opt/st/stm32cubeide_1.10.1/plugins/com.st.stm32cube.ide.mcu.externaltools.gnu-tools-for-stm32.10.3-2021.10.linux64_1.0.0.202111181127/tools/bin/../lib/gcc/arm-none-eabi/10.3.1/../../../../arm-none-eabi/lib/thumb/v7e-m+fp/hard/libc_nano.a(lib_a-stdio.o)
                0x000000000800a5aa                __swrite
 .text.__sseek  0x000000000800a5e2       0x24 /opt/st/stm32cubeide_1.10.1/plugins/com.st.stm32cube.ide.mcu.externaltools.gnu-tools-for-stm32.10.3-2021.10.linux64_1.0.0.202111181127/tools/bin/../lib/gcc/arm-none-eabi/10.3.1/../../../../arm-none-eabi/lib/thumb/v7e-m+fp/hard/libc_nano.a(lib_a-stdio.o)
                0x000000000800a5e2                __sseek
 .text.__sclose
                0x000000000800a606        0x8 /opt/st/stm32cubeide_1.10.1/plugins/com.st.stm32cube.ide.mcu.externaltools.gnu-tools-for-stm32.10.3-2021.10.linux64_1.0.0.202111181127/tools/bin/../lib/gcc/arm-none-eabi/10.3.1/../../../../arm-none-eabi/lib/thumb/v7e-m+fp/hard/libc_nano.a(lib_a-stdio.o)
                0x000000000800a606                __sclose
 *fill*         0x000000000800a60e        0x2 
 .text._write_r
                0x000000000800a610       0x24 /opt/st/stm32cubeide_1.10.1/plugins/com.st.stm32cube.ide.mcu.externaltools.gnu-tools-for-stm32.10.3-2021.10.linux64_1.0.0.202111181127/tools/bin/../lib/gcc/arm-none-eabi/10.3.1/../../../../arm-none-eabi/lib/thumb/v7e-m+fp/hard/libc_nano.a(lib_a-writer.o)
                0x000000000800a610                _write_r
 .text._close_r
                0x000000000800a634       0x20 /opt/st/stm32cubeide_1.10.1/plugins/com.st.stm32cube.ide.mcu.externaltools.gnu-tools-for-stm32.10.3-2021.10.linux64_1.0.0.202111181127/tools/bin/../lib/gcc/arm-none-eabi/10.3.1/../../../../arm-none-eabi/lib/thumb/v7e-m+fp/hard/libc_nano.a(lib_a-closer.o)
                0x000000000800a634                _close_r
 .text._fstat_r
                0x000000000800a654       0x24 /opt/st/stm32cubeide_1.10.1/plugins/com.st.stm32cube.ide.mcu.externaltools.gnu-tools-for-stm32.10.3-2021.10.linux64_1.0.0.202111181127/tools/bin/../lib/gcc/arm-none-eabi/10.3.1/../../../../arm-none-eabi/lib/thumb/v7e-m+fp/hard/libc_nano.a(lib_a-fstatr.o)
                0x000000000800a654                _fstat_r
 .text._isatty_r
                0x000000000800a678       0x20 /opt/st/stm32cubeide_1.10.1/plugins/com.st.stm32cube.ide.mcu.externaltools.gnu-tools-for-stm32.10.3-2021.10.linux64_1.0.0.202111181127/tools/bin/../lib/gcc/arm-none-eabi/10.3.1/../../../../arm-none-eabi/lib/thumb/v7e-m+fp/hard/libc_nano.a(lib_a-isattyr.o)
                0x000000000800a678                _isatty_r
 .text._lseek_r
                0x000000000800a698       0x24 /opt/st/stm32cubeide_1.10.1/plugins/com.st.stm32cube.ide.mcu.externaltools.gnu-tools-for-stm32.10.3-2021.10.linux64_1.0.0.202111181127/tools/bin/../lib/gcc/arm-none-eabi/10.3.1/../../../../arm-none-eabi/lib/thumb/v7e-m+fp/hard/libc_nano.a(lib_a-lseekr.o)
                0x000000000800a698                _lseek_r
 .text._read_r  0x000000000800a6bc       0x24 /opt/st/stm32cubeide_1.10.1/plugins/com.st.stm32cube.ide.mcu.externaltools.gnu-tools-for-stm32.10.3-2021.10.linux64_1.0.0.202111181127/tools/bin/../lib/gcc/arm-none-eabi/10.3.1/../../../../arm-none-eabi/lib/thumb/v7e-m+fp/hard/libc_nano.a(lib_a-readr.o)
                0x000000000800a6bc                _read_r
 *(.glue_7)
 .glue_7        0x000000000800a6e0        0x0 linker stubs
 *(.glue_7t)
 .glue_7t       0x000000000800a6e0        0x0 linker stubs
 *(.eh_frame)
 .eh_frame      0x000000000800a6e0        0x0 /opt/st/stm32cubeide_1.10.1/plugins/com.st.stm32cube.ide.mcu.externaltools.gnu-tools-for-stm32.10.3-2021.10.linux64_1.0.0.202111181127/tools/bin/../lib/gcc/arm-none-eabi/10.3.1/thumb/v7e-m+fp/hard/crtbegin.o
 *(.init)
 .init          0x000000000800a6e0        0x4 /opt/st/stm32cubeide_1.10.1/plugins/com.st.stm32cube.ide.mcu.externaltools.gnu-tools-for-stm32.10.3-2021.10.linux64_1.0.0.202111181127/tools/bin/../lib/gcc/arm-none-eabi/10.3.1/thumb/v7e-m+fp/hard/crti.o
                0x000000000800a6e0                _init
 .init          0x000000000800a6e4        0x8 /opt/st/stm32cubeide_1.10.1/plugins/com.st.stm32cube.ide.mcu.externaltools.gnu-tools-for-stm32.10.3-2021.10.linux64_1.0.0.202111181127/tools/bin/../lib/gcc/arm-none-eabi/10.3.1/thumb/v7e-m+fp/hard/crtn.o
 *(.fini)
 .fini          0x000000000800a6ec        0x4 /opt/st/stm32cubeide_1.10.1/plugins/com.st.stm32cube.ide.mcu.externaltools.gnu-tools-for-stm32.10.3-2021.10.linux64_1.0.0.202111181127/tools/bin/../lib/gcc/arm-none-eabi/10.3.1/thumb/v7e-m+fp/hard/crti.o
                0x000000000800a6ec                _fini
 .fini          0x000000000800a6f0        0x8 /opt/st/stm32cubeide_1.10.1/plugins/com.st.stm32cube.ide.mcu.externaltools.gnu-tools-for-stm32.10.3-2021.10.linux64_1.0.0.202111181127/tools/bin/../lib/gcc/arm-none-eabi/10.3.1/thumb/v7e-m+fp/hard/crtn.o
                0x000000000800a6f8                . = ALIGN (0x4)
                0x000000000800a6f8                _etext = .

.vfp11_veneer   0x000000000800a6f8        0x0
 .vfp11_veneer  0x000000000800a6f8        0x0 linker stubs

.v4_bx          0x000000000800a6f8        0x0
 .v4_bx         0x000000000800a6f8        0x0 linker stubs

.iplt           0x000000000800a6f8        0x0
 .iplt          0x000000000800a6f8        0x0 /opt/st/stm32cubeide_1.10.1/plugins/com.st.stm32cube.ide.mcu.externaltools.gnu-tools-for-stm32.10.3-2021.10.linux64_1.0.0.202111181127/tools/bin/../lib/gcc/arm-none-eabi/10.3.1/thumb/v7e-m+fp/hard/crtbegin.o

.rodata         0x000000000800a6f8      0xc0c
                0x000000000800a6f8                . = ALIGN (0x4)
 *(.rodata)
 .rodata        0x000000000800a6f8      0x936 ./Middleware/littleFS/src/lfs.o
 *fill*         0x000000000800b02e        0x2 
 .rodata        0x000000000800b030       0x2f ./project_cpp/src/project_cpp.o
 *(.rodata*)
 *fill*         0x000000000800b05f        0x1 
 .rodata.AHBPrescTable
                0x000000000800b060       0x10 ./Core/Src/system_stm32f4xx.o
                0x000000000800b060                AHBPrescTable
 .rodata.__func__.25
                0x000000000800b070        0xc ./Middleware/littleFS/src/lfs.o
 .rodata.__func__.24
                0x000000000800b07c        0xd ./Middleware/littleFS/src/lfs.o
 *fill*         0x000000000800b089        0x3 
 .rodata.__func__.23
                0x000000000800b08c        0xc ./Middleware/littleFS/src/lfs.o
 .rodata.__func__.22
                0x000000000800b098        0xc ./Middleware/littleFS/src/lfs.o
 .rodata.__func__.21
                0x000000000800b0a4        0xd ./Middleware/littleFS/src/lfs.o
 *fill*         0x000000000800b0b1        0x3 
 .rodata.__func__.20
                0x000000000800b0b4       0x11 ./Middleware/littleFS/src/lfs.o
 *fill*         0x000000000800b0c5        0x3 
 .rodata.__func__.19
                0x000000000800b0c8       0x10 ./Middleware/littleFS/src/lfs.o
 .rodata.__func__.18
                0x000000000800b0d8       0x19 ./Middleware/littleFS/src/lfs.o
 *fill*         0x000000000800b0f1        0x3 
 .rodata.__func__.17
                0x000000000800b0f4       0x18 ./Middleware/littleFS/src/lfs.o
 .rodata.defaults.16
                0x000000000800b10c        0xc ./Middleware/littleFS/src/lfs.o
 .rodata.__func__.15
                0x000000000800b118       0x11 ./Middleware/littleFS/src/lfs.o
 *fill*         0x000000000800b129        0x3 
 .rodata.__func__.14
                0x000000000800b12c       0x12 ./Middleware/littleFS/src/lfs.o
 *fill*         0x000000000800b13e        0x2 
 .rodata.__func__.12
                0x000000000800b140        0x9 ./Middleware/littleFS/src/lfs.o
 *fill*         0x000000000800b149        0x3 
 .rodata.__func__.11
                0x000000000800b14c       0x13 ./Middleware/littleFS/src/lfs.o
 *fill*         0x000000000800b15f        0x1 
 .rodata.__func__.10
                0x000000000800b160        0xe ./Middleware/littleFS/src/lfs.o
 *fill*         0x000000000800b16e        0x2 
 .rodata.__func__.8
                0x000000000800b170        0xf ./Middleware/littleFS/src/lfs.o
 *fill*         0x000000000800b17f        0x1 
 .rodata.__func__.6
                0x000000000800b180        0xe ./Middleware/littleFS/src/lfs.o
 *fill*         0x000000000800b18e        0x2 
 .rodata.__func__.5
                0x000000000800b190        0xf ./Middleware/littleFS/src/lfs.o
 *fill*         0x000000000800b19f        0x1 
 .rodata.rtable.0
                0x000000000800b1a0       0x40 ./Middleware/littleFS/src/lfs_util.o
 .rodata._ZL16CMD_WRITE_ENABLE
                0x000000000800b1e0        0x1 ./modules/src/W25Qx_module.o
 .rodata._ZL19CMD_READ_STATUS_REG
                0x000000000800b1e1        0x1 ./modules/src/W25Qx_module.o
 *fill*         0x000000000800b1e2        0x2 
 .rodata._ZL3cfg
                0x000000000800b1e4       0x4c ./project_cpp/src/project_cpp.o
 .rodata.__assert_func.str1.1
                0x000000000800b230       0x3c /opt/st/stm32cubeide_1.10.1/plugins/com.st.stm32cube.ide.mcu.externaltools.gnu-tools-for-stm32.10.3-2021.10.linux64_1.0.0.202111181127/tools/bin/../lib/gcc/arm-none-eabi/10.3.1/../../../../arm-none-eabi/lib/thumb/v7e-m+fp/hard/libc_nano.a(lib_a-assert.o)
                                         0x3d (size before relaxing)
 .rodata._global_impure_ptr
                0x000000000800b26c        0x4 /opt/st/stm32cubeide_1.10.1/plugins/com.st.stm32cube.ide.mcu.externaltools.gnu-tools-for-stm32.10.3-2021.10.linux64_1.0.0.202111181127/tools/bin/../lib/gcc/arm-none-eabi/10.3.1/../../../../arm-none-eabi/lib/thumb/v7e-m+fp/hard/libc_nano.a(lib_a-impure.o)
                0x000000000800b26c                _global_impure_ptr
 .rodata._vfprintf_r.str1.1
                0x000000000800b270       0x11 /opt/st/stm32cubeide_1.10.1/plugins/com.st.stm32cube.ide.mcu.externaltools.gnu-tools-for-stm32.10.3-2021.10.linux64_1.0.0.202111181127/tools/bin/../lib/gcc/arm-none-eabi/10.3.1/../../../../arm-none-eabi/lib/thumb/v7e-m+fp/hard/libc_nano.a(lib_a-nano-vfprintf.o)
 .rodata._printf_i.str1.1
                0x000000000800b281       0x22 /opt/st/stm32cubeide_1.10.1/plugins/com.st.stm32cube.ide.mcu.externaltools.gnu-tools-for-stm32.10.3-2021.10.linux64_1.0.0.202111181127/tools/bin/../lib/gcc/arm-none-eabi/10.3.1/../../../../arm-none-eabi/lib/thumb/v7e-m+fp/hard/libc_nano.a(lib_a-nano-vfprintf_i.o)
 *fill*         0x000000000800b2a3        0x1 
 .rodata.__sf_fake_stderr
                0x000000000800b2a4       0x20 /opt/st/stm32cubeide_1.10.1/plugins/com.st.stm32cube.ide.mcu.externaltools.gnu-tools-for-stm32.10.3-2021.10.linux64_1.0.0.202111181127/tools/bin/../lib/gcc/arm-none-eabi/10.3.1/../../../../arm-none-eabi/lib/thumb/v7e-m+fp/hard/libc_nano.a(lib_a-findfp.o)
                0x000000000800b2a4                __sf_fake_stderr
 .rodata.__sf_fake_stdin
                0x000000000800b2c4       0x20 /opt/st/stm32cubeide_1.10.1/plugins/com.st.stm32cube.ide.mcu.externaltools.gnu-tools-for-stm32.10.3-2021.10.linux64_1.0.0.202111181127/tools/bin/../lib/gcc/arm-none-eabi/10.3.1/../../../../arm-none-eabi/lib/thumb/v7e-m+fp/hard/libc_nano.a(lib_a-findfp.o)
                0x000000000800b2c4                __sf_fake_stdin
 .rodata.__sf_fake_stdout
                0x000000000800b2e4       0x20 /opt/st/stm32cubeide_1.10.1/plugins/com.st.stm32cube.ide.mcu.externaltools.gnu-tools-for-stm32.10.3-2021.10.linux64_1.0.0.202111181127/tools/bin/../lib/gcc/arm-none-eabi/10.3.1/../../../../arm-none-eabi/lib/thumb/v7e-m+fp/hard/libc_nano.a(lib_a-findfp.o)
                0x000000000800b2e4                __sf_fake_stdout
                0x000000000800b304                . = ALIGN (0x4)

.ARM.extab      0x000000000800b304        0x0
                0x000000000800b304                . = ALIGN (0x4)
 *(.ARM.extab* .gnu.linkonce.armextab.*)
                0x000000000800b304                . = ALIGN (0x4)

.ARM            0x000000000800b304        0x8
                0x000000000800b304                . = ALIGN (0x4)
                0x000000000800b304                __exidx_start = .
 *(.ARM.exidx*)
 .ARM.exidx     0x000000000800b304        0x8 /opt/st/stm32cubeide_1.10.1/plugins/com.st.stm32cube.ide.mcu.externaltools.gnu-tools-for-stm32.10.3-2021.10.linux64_1.0.0.202111181127/tools/bin/../lib/gcc/arm-none-eabi/10.3.1/thumb/v7e-m+fp/hard/libgcc.a(_udivmoddi4.o)
                0x000000000800b30c                __exidx_end = .
                0x000000000800b30c                . = ALIGN (0x4)

.rel.dyn        0x000000000800b30c        0x0
 .rel.iplt      0x000000000800b30c        0x0 /opt/st/stm32cubeide_1.10.1/plugins/com.st.stm32cube.ide.mcu.externaltools.gnu-tools-for-stm32.10.3-2021.10.linux64_1.0.0.202111181127/tools/bin/../lib/gcc/arm-none-eabi/10.3.1/thumb/v7e-m+fp/hard/crtbegin.o

.preinit_array  0x000000000800b30c        0x0
                0x000000000800b30c                . = ALIGN (0x4)
                0x000000000800b30c                PROVIDE (__preinit_array_start = .)
 *(.preinit_array*)
                0x000000000800b30c                PROVIDE (__preinit_array_end = .)
                0x000000000800b30c                . = ALIGN (0x4)

.init_array     0x000000000800b30c        0x8
                0x000000000800b30c                . = ALIGN (0x4)
                0x000000000800b30c                PROVIDE (__init_array_start = .)
 *(SORT_BY_NAME(.init_array.*))
 *(.init_array*)
 .init_array    0x000000000800b30c        0x4 /opt/st/stm32cubeide_1.10.1/plugins/com.st.stm32cube.ide.mcu.externaltools.gnu-tools-for-stm32.10.3-2021.10.linux64_1.0.0.202111181127/tools/bin/../lib/gcc/arm-none-eabi/10.3.1/thumb/v7e-m+fp/hard/crtbegin.o
 .init_array    0x000000000800b310        0x4 ./modules/src/filesystem.o
                0x000000000800b314                PROVIDE (__init_array_end = .)
                0x000000000800b314                . = ALIGN (0x4)

.fini_array     0x000000000800b314        0x4
                0x000000000800b314                . = ALIGN (0x4)
                [!provide]                        PROVIDE (__fini_array_start = .)
 *(SORT_BY_NAME(.fini_array.*))
 *(.fini_array*)
 .fini_array    0x000000000800b314        0x4 /opt/st/stm32cubeide_1.10.1/plugins/com.st.stm32cube.ide.mcu.externaltools.gnu-tools-for-stm32.10.3-2021.10.linux64_1.0.0.202111181127/tools/bin/../lib/gcc/arm-none-eabi/10.3.1/thumb/v7e-m+fp/hard/crtbegin.o
                [!provide]                        PROVIDE (__fini_array_end = .)
                0x000000000800b318                . = ALIGN (0x4)
                0x000000000800b318                _sidata = LOADADDR (.data)

.data           0x0000000020000000       0x70 load address 0x000000000800b318
                0x0000000020000000                . = ALIGN (0x4)
                0x0000000020000000                _sdata = .
 *(.data)
 *(.data*)
 .data.SystemCoreClock
                0x0000000020000000        0x4 ./Core/Src/system_stm32f4xx.o
                0x0000000020000000                SystemCoreClock
 .data.uwTickPrio
                0x0000000020000004        0x4 ./Drivers/STM32F4xx_HAL_Driver/Src/stm32f4xx_hal.o
                0x0000000020000004                uwTickPrio
 .data.uwTickFreq
                0x0000000020000008        0x1 ./Drivers/STM32F4xx_HAL_Driver/Src/stm32f4xx_hal.o
                0x0000000020000008                uwTickFreq
 *fill*         0x0000000020000009        0x3 
 .data._impure_ptr
                0x000000002000000c        0x4 /opt/st/stm32cubeide_1.10.1/plugins/com.st.stm32cube.ide.mcu.externaltools.gnu-tools-for-stm32.10.3-2021.10.linux64_1.0.0.202111181127/tools/bin/../lib/gcc/arm-none-eabi/10.3.1/../../../../arm-none-eabi/lib/thumb/v7e-m+fp/hard/libc_nano.a(lib_a-impure.o)
                0x000000002000000c                _impure_ptr
 .data.impure_data
                0x0000000020000010       0x60 /opt/st/stm32cubeide_1.10.1/plugins/com.st.stm32cube.ide.mcu.externaltools.gnu-tools-for-stm32.10.3-2021.10.linux64_1.0.0.202111181127/tools/bin/../lib/gcc/arm-none-eabi/10.3.1/../../../../arm-none-eabi/lib/thumb/v7e-m+fp/hard/libc_nano.a(lib_a-impure.o)
 *(.RamFunc)
 *(.RamFunc*)
                0x0000000020000070                . = ALIGN (0x4)
                0x0000000020000070                _edata = .
                0x000000000800b388                _siccmram = LOADADDR (.ccmram)

.igot.plt       0x0000000020000070        0x0 load address 0x000000000800b388
 .igot.plt      0x0000000020000070        0x0 /opt/st/stm32cubeide_1.10.1/plugins/com.st.stm32cube.ide.mcu.externaltools.gnu-tools-for-stm32.10.3-2021.10.linux64_1.0.0.202111181127/tools/bin/../lib/gcc/arm-none-eabi/10.3.1/thumb/v7e-m+fp/hard/crtbegin.o

.ccmram         0x0000000010000000        0x0 load address 0x000000000800b388
                0x0000000010000000                . = ALIGN (0x4)
                0x0000000010000000                _sccmram = .
 *(.ccmram)
 *(.ccmram*)
                0x0000000010000000                . = ALIGN (0x4)
                0x0000000010000000                _eccmram = .
                0x0000000010000000                . = ALIGN (0x4)

.bss            0x0000000020000070      0x164
                0x0000000020000070                _sbss = .
                0x0000000020000070                __bss_start__ = _sbss
 *(.bss)
 .bss           0x0000000020000070       0x1c /opt/st/stm32cubeide_1.10.1/plugins/com.st.stm32cube.ide.mcu.externaltools.gnu-tools-for-stm32.10.3-2021.10.linux64_1.0.0.202111181127/tools/bin/../lib/gcc/arm-none-eabi/10.3.1/thumb/v7e-m+fp/hard/crtbegin.o
 *(.bss*)
 .bss.__sbrk_heap_end
                0x000000002000008c        0x4 ./Core/Src/sysmem.o
 .bss.uwTick    0x0000000020000090        0x4 ./Drivers/STM32F4xx_HAL_Driver/Src/stm32f4xx_hal.o
                0x0000000020000090                uwTick
 .bss.hspi1     0x0000000020000094       0x58 ./modules/src/filesystem.o
                0x0000000020000094                hspi1
 .bss.myFlash   0x00000000200000ec       0x18 ./modules/src/filesystem.o
                0x00000000200000ec                myFlash
 .bss.hdma_spi1_rx
                0x0000000020000104       0x60 ./modules/src/spi_module.o
                0x0000000020000104                hdma_spi1_rx
 .bss.hdma_spi1_tx
                0x0000000020000164       0x60 ./modules/src/spi_module.o
                0x0000000020000164                hdma_spi1_tx
 .bss.__malloc_free_list
                0x00000000200001c4        0x4 /opt/st/stm32cubeide_1.10.1/plugins/com.st.stm32cube.ide.mcu.externaltools.gnu-tools-for-stm32.10.3-2021.10.linux64_1.0.0.202111181127/tools/bin/../lib/gcc/arm-none-eabi/10.3.1/../../../../arm-none-eabi/lib/thumb/v7e-m+fp/hard/libc_nano.a(lib_a-nano-mallocr.o)
                0x00000000200001c4                __malloc_free_list
 .bss.__malloc_sbrk_start
                0x00000000200001c8        0x4 /opt/st/stm32cubeide_1.10.1/plugins/com.st.stm32cube.ide.mcu.externaltools.gnu-tools-for-stm32.10.3-2021.10.linux64_1.0.0.202111181127/tools/bin/../lib/gcc/arm-none-eabi/10.3.1/../../../../arm-none-eabi/lib/thumb/v7e-m+fp/hard/libc_nano.a(lib_a-nano-mallocr.o)
                0x00000000200001c8                __malloc_sbrk_start
 .bss.__lock___malloc_recursive_mutex
                0x00000000200001cc        0x1 /opt/st/stm32cubeide_1.10.1/plugins/com.st.stm32cube.ide.mcu.externaltools.gnu-tools-for-stm32.10.3-2021.10.linux64_1.0.0.202111181127/tools/bin/../lib/gcc/arm-none-eabi/10.3.1/../../../../arm-none-eabi/lib/thumb/v7e-m+fp/hard/libc_nano.a(lib_a-lock.o)
                0x00000000200001cc                __lock___malloc_recursive_mutex
 .bss.__lock___sfp_recursive_mutex
                0x00000000200001cd        0x1 /opt/st/stm32cubeide_1.10.1/plugins/com.st.stm32cube.ide.mcu.externaltools.gnu-tools-for-stm32.10.3-2021.10.linux64_1.0.0.202111181127/tools/bin/../lib/gcc/arm-none-eabi/10.3.1/../../../../arm-none-eabi/lib/thumb/v7e-m+fp/hard/libc_nano.a(lib_a-lock.o)
                0x00000000200001cd                __lock___sfp_recursive_mutex
 .bss.__lock___sinit_recursive_mutex
                0x00000000200001ce        0x1 /opt/st/stm32cubeide_1.10.1/plugins/com.st.stm32cube.ide.mcu.externaltools.gnu-tools-for-stm32.10.3-2021.10.linux64_1.0.0.202111181127/tools/bin/../lib/gcc/arm-none-eabi/10.3.1/../../../../arm-none-eabi/lib/thumb/v7e-m+fp/hard/libc_nano.a(lib_a-lock.o)
                0x00000000200001ce                __lock___sinit_recursive_mutex
 *fill*         0x00000000200001cf        0x1 
 .bss.errno     0x00000000200001d0        0x4 /opt/st/stm32cubeide_1.10.1/plugins/com.st.stm32cube.ide.mcu.externaltools.gnu-tools-for-stm32.10.3-2021.10.linux64_1.0.0.202111181127/tools/bin/../lib/gcc/arm-none-eabi/10.3.1/../../../../arm-none-eabi/lib/thumb/v7e-m+fp/hard/libc_nano.a(lib_a-reent.o)
                0x00000000200001d0                errno
 *(COMMON)
                0x00000000200001d4                . = ALIGN (0x4)
                0x00000000200001d4                _ebss = .
                0x00000000200001d4                __bss_end__ = _ebss

._user_heap_stack
                0x00000000200001d4      0x604
                0x00000000200001d8                . = ALIGN (0x8)
 *fill*         0x00000000200001d4        0x4 
                [!provide]                        PROVIDE (end = .)
                0x00000000200001d8                PROVIDE (_end = .)
                0x00000000200003d8                . = (. + _Min_Heap_Size)
 *fill*         0x00000000200001d8      0x200 
                0x00000000200007d8                . = (. + _Min_Stack_Size)
 *fill*         0x00000000200003d8      0x400 
                0x00000000200007d8                . = ALIGN (0x8)

/DISCARD/
 libc.a(*)
 libm.a(*)
 libgcc.a(*)

.ARM.attributes
                0x0000000000000000       0x30
 *(.ARM.attributes)
 .ARM.attributes
                0x0000000000000000       0x1e /opt/st/stm32cubeide_1.10.1/plugins/com.st.stm32cube.ide.mcu.externaltools.gnu-tools-for-stm32.10.3-2021.10.linux64_1.0.0.202111181127/tools/bin/../lib/gcc/arm-none-eabi/10.3.1/thumb/v7e-m+fp/hard/crti.o
 .ARM.attributes
                0x000000000000001e       0x34 /opt/st/stm32cubeide_1.10.1/plugins/com.st.stm32cube.ide.mcu.externaltools.gnu-tools-for-stm32.10.3-2021.10.linux64_1.0.0.202111181127/tools/bin/../lib/gcc/arm-none-eabi/10.3.1/thumb/v7e-m+fp/hard/crtbegin.o
 .ARM.attributes
                0x0000000000000052       0x34 ./Core/Src/main.o
 .ARM.attributes
                0x0000000000000086       0x34 ./Core/Src/stm32f4xx_hal_msp.o
 .ARM.attributes
                0x00000000000000ba       0x34 ./Core/Src/stm32f4xx_it.o
 .ARM.attributes
                0x00000000000000ee       0x34 ./Core/Src/syscalls.o
 .ARM.attributes
                0x0000000000000122       0x34 ./Core/Src/sysmem.o
 .ARM.attributes
                0x0000000000000156       0x34 ./Core/Src/system_stm32f4xx.o
 .ARM.attributes
                0x000000000000018a       0x21 ./Core/Startup/startup_stm32f429zitx.o
 .ARM.attributes
                0x00000000000001ab       0x34 ./Drivers/STM32F4xx_HAL_Driver/Src/stm32f4xx_hal.o
 .ARM.attributes
                0x00000000000001df       0x34 ./Drivers/STM32F4xx_HAL_Driver/Src/stm32f4xx_hal_cortex.o
 .ARM.attributes
                0x0000000000000213       0x34 ./Drivers/STM32F4xx_HAL_Driver/Src/stm32f4xx_hal_dma.o
 .ARM.attributes
                0x0000000000000247       0x34 ./Drivers/STM32F4xx_HAL_Driver/Src/stm32f4xx_hal_gpio.o
 .ARM.attributes
                0x000000000000027b       0x34 ./Drivers/STM32F4xx_HAL_Driver/Src/stm32f4xx_hal_rcc.o
 .ARM.attributes
                0x00000000000002af       0x34 ./Drivers/STM32F4xx_HAL_Driver/Src/stm32f4xx_hal_spi.o
 .ARM.attributes
                0x00000000000002e3       0x34 ./Middleware/littleFS/src/lfs.o
 .ARM.attributes
                0x0000000000000317       0x34 ./Middleware/littleFS/src/lfs_util.o
 .ARM.attributes
                0x000000000000034b       0x34 ./modules/src/W25Qx_module.o
 .ARM.attributes
                0x000000000000037f       0x34 ./modules/src/filesystem.o
 .ARM.attributes
                0x00000000000003b3       0x34 ./modules/src/spi_module.o
 .ARM.attributes
                0x00000000000003e7       0x34 ./project_cpp/src/project_cpp.o
 .ARM.attributes
                0x000000000000041b       0x34 /opt/st/stm32cubeide_1.10.1/plugins/com.st.stm32cube.ide.mcu.externaltools.gnu-tools-for-stm32.10.3-2021.10.linux64_1.0.0.202111181127/tools/bin/../lib/gcc/arm-none-eabi/10.3.1/../../../../arm-none-eabi/lib/thumb/v7e-m+fp/hard/libc_nano.a(lib_a-assert.o)
 .ARM.attributes
                0x000000000000044f       0x34 /opt/st/stm32cubeide_1.10.1/plugins/com.st.stm32cube.ide.mcu.externaltools.gnu-tools-for-stm32.10.3-2021.10.linux64_1.0.0.202111181127/tools/bin/../lib/gcc/arm-none-eabi/10.3.1/../../../../arm-none-eabi/lib/thumb/v7e-m+fp/hard/libc_nano.a(lib_a-errno.o)
 .ARM.attributes
                0x0000000000000483       0x34 /opt/st/stm32cubeide_1.10.1/plugins/com.st.stm32cube.ide.mcu.externaltools.gnu-tools-for-stm32.10.3-2021.10.linux64_1.0.0.202111181127/tools/bin/../lib/gcc/arm-none-eabi/10.3.1/../../../../arm-none-eabi/lib/thumb/v7e-m+fp/hard/libc_nano.a(lib_a-fprintf.o)
 .ARM.attributes
                0x00000000000004b7       0x34 /opt/st/stm32cubeide_1.10.1/plugins/com.st.stm32cube.ide.mcu.externaltools.gnu-tools-for-stm32.10.3-2021.10.linux64_1.0.0.202111181127/tools/bin/../lib/gcc/arm-none-eabi/10.3.1/../../../../arm-none-eabi/lib/thumb/v7e-m+fp/hard/libc_nano.a(lib_a-impure.o)
 .ARM.attributes
                0x00000000000004eb       0x34 /opt/st/stm32cubeide_1.10.1/plugins/com.st.stm32cube.ide.mcu.externaltools.gnu-tools-for-stm32.10.3-2021.10.linux64_1.0.0.202111181127/tools/bin/../lib/gcc/arm-none-eabi/10.3.1/../../../../arm-none-eabi/lib/thumb/v7e-m+fp/hard/libc_nano.a(lib_a-init.o)
 .ARM.attributes
                0x000000000000051f       0x34 /opt/st/stm32cubeide_1.10.1/plugins/com.st.stm32cube.ide.mcu.externaltools.gnu-tools-for-stm32.10.3-2021.10.linux64_1.0.0.202111181127/tools/bin/../lib/gcc/arm-none-eabi/10.3.1/../../../../arm-none-eabi/lib/thumb/v7e-m+fp/hard/libc_nano.a(lib_a-malloc.o)
 .ARM.attributes
                0x0000000000000553       0x34 /opt/st/stm32cubeide_1.10.1/plugins/com.st.stm32cube.ide.mcu.externaltools.gnu-tools-for-stm32.10.3-2021.10.linux64_1.0.0.202111181127/tools/bin/../lib/gcc/arm-none-eabi/10.3.1/../../../../arm-none-eabi/lib/thumb/v7e-m+fp/hard/libc_nano.a(lib_a-memcmp.o)
 .ARM.attributes
                0x0000000000000587       0x34 /opt/st/stm32cubeide_1.10.1/plugins/com.st.stm32cube.ide.mcu.externaltools.gnu-tools-for-stm32.10.3-2021.10.linux64_1.0.0.202111181127/tools/bin/../lib/gcc/arm-none-eabi/10.3.1/../../../../arm-none-eabi/lib/thumb/v7e-m+fp/hard/libc_nano.a(lib_a-memcpy-stub.o)
 .ARM.attributes
                0x00000000000005bb       0x34 /opt/st/stm32cubeide_1.10.1/plugins/com.st.stm32cube.ide.mcu.externaltools.gnu-tools-for-stm32.10.3-2021.10.linux64_1.0.0.202111181127/tools/bin/../lib/gcc/arm-none-eabi/10.3.1/../../../../arm-none-eabi/lib/thumb/v7e-m+fp/hard/libc_nano.a(lib_a-memset.o)
 .ARM.attributes
                0x00000000000005ef       0x34 /opt/st/stm32cubeide_1.10.1/plugins/com.st.stm32cube.ide.mcu.externaltools.gnu-tools-for-stm32.10.3-2021.10.linux64_1.0.0.202111181127/tools/bin/../lib/gcc/arm-none-eabi/10.3.1/../../../../arm-none-eabi/lib/thumb/v7e-m+fp/hard/libc_nano.a(lib_a-nano-freer.o)
 .ARM.attributes
                0x0000000000000623       0x34 /opt/st/stm32cubeide_1.10.1/plugins/com.st.stm32cube.ide.mcu.externaltools.gnu-tools-for-stm32.10.3-2021.10.linux64_1.0.0.202111181127/tools/bin/../lib/gcc/arm-none-eabi/10.3.1/../../../../arm-none-eabi/lib/thumb/v7e-m+fp/hard/libc_nano.a(lib_a-nano-mallocr.o)
 .ARM.attributes
                0x0000000000000657       0x34 /opt/st/stm32cubeide_1.10.1/plugins/com.st.stm32cube.ide.mcu.externaltools.gnu-tools-for-stm32.10.3-2021.10.linux64_1.0.0.202111181127/tools/bin/../lib/gcc/arm-none-eabi/10.3.1/../../../../arm-none-eabi/lib/thumb/v7e-m+fp/hard/libc_nano.a(lib_a-nano-vfprintf.o)
 .ARM.attributes
                0x000000000000068b       0x34 /opt/st/stm32cubeide_1.10.1/plugins/com.st.stm32cube.ide.mcu.externaltools.gnu-tools-for-stm32.10.3-2021.10.linux64_1.0.0.202111181127/tools/bin/../lib/gcc/arm-none-eabi/10.3.1/../../../../arm-none-eabi/lib/thumb/v7e-m+fp/hard/libc_nano.a(lib_a-nano-vfprintf_i.o)
 .ARM.attributes
                0x00000000000006bf       0x34 /opt/st/stm32cubeide_1.10.1/plugins/com.st.stm32cube.ide.mcu.externaltools.gnu-tools-for-stm32.10.3-2021.10.linux64_1.0.0.202111181127/tools/bin/../lib/gcc/arm-none-eabi/10.3.1/../../../../arm-none-eabi/lib/thumb/v7e-m+fp/hard/libc_nano.a(lib_a-printf.o)
 .ARM.attributes
                0x00000000000006f3       0x34 /opt/st/stm32cubeide_1.10.1/plugins/com.st.stm32cube.ide.mcu.externaltools.gnu-tools-for-stm32.10.3-2021.10.linux64_1.0.0.202111181127/tools/bin/../lib/gcc/arm-none-eabi/10.3.1/../../../../arm-none-eabi/lib/thumb/v7e-m+fp/hard/libc_nano.a(lib_a-sbrkr.o)
 .ARM.attributes
                0x0000000000000727       0x34 /opt/st/stm32cubeide_1.10.1/plugins/com.st.stm32cube.ide.mcu.externaltools.gnu-tools-for-stm32.10.3-2021.10.linux64_1.0.0.202111181127/tools/bin/../lib/gcc/arm-none-eabi/10.3.1/../../../../arm-none-eabi/lib/thumb/v7e-m+fp/hard/libc_nano.a(lib_a-strchr.o)
 .ARM.attributes
                0x000000000000075b       0x34 /opt/st/stm32cubeide_1.10.1/plugins/com.st.stm32cube.ide.mcu.externaltools.gnu-tools-for-stm32.10.3-2021.10.linux64_1.0.0.202111181127/tools/bin/../lib/gcc/arm-none-eabi/10.3.1/../../../../arm-none-eabi/lib/thumb/v7e-m+fp/hard/libc_nano.a(lib_a-strcspn.o)
 .ARM.attributes
                0x000000000000078f       0x17 /opt/st/stm32cubeide_1.10.1/plugins/com.st.stm32cube.ide.mcu.externaltools.gnu-tools-for-stm32.10.3-2021.10.linux64_1.0.0.202111181127/tools/bin/../lib/gcc/arm-none-eabi/10.3.1/../../../../arm-none-eabi/lib/thumb/v7e-m+fp/hard/libc_nano.a(lib_a-strlen.o)
 .ARM.attributes
                0x00000000000007a6       0x34 /opt/st/stm32cubeide_1.10.1/plugins/com.st.stm32cube.ide.mcu.externaltools.gnu-tools-for-stm32.10.3-2021.10.linux64_1.0.0.202111181127/tools/bin/../lib/gcc/arm-none-eabi/10.3.1/../../../../arm-none-eabi/lib/thumb/v7e-m+fp/hard/libc_nano.a(lib_a-strspn.o)
 .ARM.attributes
                0x00000000000007da       0x34 /opt/st/stm32cubeide_1.10.1/plugins/com.st.stm32cube.ide.mcu.externaltools.gnu-tools-for-stm32.10.3-2021.10.linux64_1.0.0.202111181127/tools/bin/../lib/gcc/arm-none-eabi/10.3.1/../../../../arm-none-eabi/lib/thumb/v7e-m+fp/hard/libc_nano.a(lib_a-wbuf.o)
 .ARM.attributes
                0x000000000000080e       0x34 /opt/st/stm32cubeide_1.10.1/plugins/com.st.stm32cube.ide.mcu.externaltools.gnu-tools-for-stm32.10.3-2021.10.linux64_1.0.0.202111181127/tools/bin/../lib/gcc/arm-none-eabi/10.3.1/../../../../arm-none-eabi/lib/thumb/v7e-m+fp/hard/libc_nano.a(lib_a-wsetup.o)
 .ARM.attributes
                0x0000000000000842       0x34 /opt/st/stm32cubeide_1.10.1/plugins/com.st.stm32cube.ide.mcu.externaltools.gnu-tools-for-stm32.10.3-2021.10.linux64_1.0.0.202111181127/tools/bin/../lib/gcc/arm-none-eabi/10.3.1/../../../../arm-none-eabi/lib/thumb/v7e-m+fp/hard/libc_nano.a(lib_a-abort.o)
 .ARM.attributes
                0x0000000000000876       0x34 /opt/st/stm32cubeide_1.10.1/plugins/com.st.stm32cube.ide.mcu.externaltools.gnu-tools-for-stm32.10.3-2021.10.linux64_1.0.0.202111181127/tools/bin/../lib/gcc/arm-none-eabi/10.3.1/../../../../arm-none-eabi/lib/thumb/v7e-m+fp/hard/libc_nano.a(lib_a-fflush.o)
 .ARM.attributes
                0x00000000000008aa       0x34 /opt/st/stm32cubeide_1.10.1/plugins/com.st.stm32cube.ide.mcu.externaltools.gnu-tools-for-stm32.10.3-2021.10.linux64_1.0.0.202111181127/tools/bin/../lib/gcc/arm-none-eabi/10.3.1/../../../../arm-none-eabi/lib/thumb/v7e-m+fp/hard/libc_nano.a(lib_a-findfp.o)
 .ARM.attributes
                0x00000000000008de       0x34 /opt/st/stm32cubeide_1.10.1/plugins/com.st.stm32cube.ide.mcu.externaltools.gnu-tools-for-stm32.10.3-2021.10.linux64_1.0.0.202111181127/tools/bin/../lib/gcc/arm-none-eabi/10.3.1/../../../../arm-none-eabi/lib/thumb/v7e-m+fp/hard/libc_nano.a(lib_a-fwalk.o)
 .ARM.attributes
                0x0000000000000912       0x34 /opt/st/stm32cubeide_1.10.1/plugins/com.st.stm32cube.ide.mcu.externaltools.gnu-tools-for-stm32.10.3-2021.10.linux64_1.0.0.202111181127/tools/bin/../lib/gcc/arm-none-eabi/10.3.1/../../../../arm-none-eabi/lib/thumb/v7e-m+fp/hard/libc_nano.a(lib_a-lock.o)
 .ARM.attributes
                0x0000000000000946       0x34 /opt/st/stm32cubeide_1.10.1/plugins/com.st.stm32cube.ide.mcu.externaltools.gnu-tools-for-stm32.10.3-2021.10.linux64_1.0.0.202111181127/tools/bin/../lib/gcc/arm-none-eabi/10.3.1/../../../../arm-none-eabi/lib/thumb/v7e-m+fp/hard/libc_nano.a(lib_a-makebuf.o)
 .ARM.attributes
                0x000000000000097a       0x1c /opt/st/stm32cubeide_1.10.1/plugins/com.st.stm32cube.ide.mcu.externaltools.gnu-tools-for-stm32.10.3-2021.10.linux64_1.0.0.202111181127/tools/bin/../lib/gcc/arm-none-eabi/10.3.1/../../../../arm-none-eabi/lib/thumb/v7e-m+fp/hard/libc_nano.a(lib_a-memchr.o)
 .ARM.attributes
                0x0000000000000996       0x34 /opt/st/stm32cubeide_1.10.1/plugins/com.st.stm32cube.ide.mcu.externaltools.gnu-tools-for-stm32.10.3-2021.10.linux64_1.0.0.202111181127/tools/bin/../lib/gcc/arm-none-eabi/10.3.1/../../../../arm-none-eabi/lib/thumb/v7e-m+fp/hard/libc_nano.a(lib_a-mlock.o)
 .ARM.attributes
                0x00000000000009ca       0x34 /opt/st/stm32cubeide_1.10.1/plugins/com.st.stm32cube.ide.mcu.externaltools.gnu-tools-for-stm32.10.3-2021.10.linux64_1.0.0.202111181127/tools/bin/../lib/gcc/arm-none-eabi/10.3.1/../../../../arm-none-eabi/lib/thumb/v7e-m+fp/hard/libc_nano.a(lib_a-reent.o)
 .ARM.attributes
                0x00000000000009fe       0x34 /opt/st/stm32cubeide_1.10.1/plugins/com.st.stm32cube.ide.mcu.externaltools.gnu-tools-for-stm32.10.3-2021.10.linux64_1.0.0.202111181127/tools/bin/../lib/gcc/arm-none-eabi/10.3.1/../../../../arm-none-eabi/lib/thumb/v7e-m+fp/hard/libc_nano.a(lib_a-signal.o)
 .ARM.attributes