../modules/src/filesystem.cpp:15:7:void W25Q64Init()	8	static
../modules/src/filesystem.cpp:20:7:void W25Q64Read(uint32_t, uint8_t*, uint16_t)	24	static
../modules/src/filesystem.cpp:25:7:void W25Q64Write(uint32_t, uint8_t*, uint16_t)	24	static
../modules/src/filesystem.cpp:30:7:void W25Q64EraseBlock(uint32_t)	16	static
../modules/src/filesystem.cpp:35:7:void W25Q64EraseSector(uint32_t)	16	static
../modules/src/filesystem.cpp:39:1:void __static_initialization_and_destruction_0(int, int)	16	static
../modules/src/filesystem.cpp:39:1:cpp)	8	static
