22:14:49 **** Incremental Build of configuration Debug for project Flash_Module ****
make -j20 all 
arm-none-eabi-g++ "../project_cpp/src/project_cpp.cpp" -mcpu=cortex-m4 -std=gnu++14 -g3 -DDEBUG -DUSE_HAL_DRIVER -DSTM32F429xx -c -I../Core/Inc -I"/home/renatobarresi/Renato/CESE_fiuba/Tesis/Code/Flash_Module/Middleware/littleFS/inc" -I"/home/renatobarresi/Renato/CESE_fiuba/Tesis/Code/Flash_Module/modules/inc" -I"/home/renatobarresi/Renato/CESE_fiuba/Tesis/Code/Flash_Module/project_cpp/inc" -I../Drivers/STM32F4xx_HAL_Driver/Inc -I../Drivers/STM32F4xx_HAL_Driver/Inc/Legacy -I../Drivers/CMSIS/Device/ST/STM32F4xx/Include -I../Drivers/CMSIS/Include -I"/home/renatobarresi/Renato/CESE_fiuba/Tesis/Code/Flash_Module/Middleware/littleFS/inc" -O0 -ffunction-sections -fdata-sections -fno-exceptions -fno-rtti -fno-use-cxa-atexit -Wall -fstack-usage -MMD -MP -MF"project_cpp/src/project_cpp.d" -MT"project_cpp/src/project_cpp.o" --specs=nano.specs -mfpu=fpv4-sp-d16 -mfloat-abi=hard -mthumb -o "project_cpp/src/project_cpp.o"
arm-none-eabi-g++ "../modules/src/filesystem.cpp" -mcpu=cortex-m4 -std=gnu++14 -g3 -DDEBUG -DUSE_HAL_DRIVER -DSTM32F429xx -c -I../Core/Inc -I"/home/renatobarresi/Renato/CESE_fiuba/Tesis/Code/Flash_Module/modules/inc" -I"/home/renatobarresi/Renato/CESE_fiuba/Tesis/Code/Flash_Module/project_cpp/inc" -I../Drivers/STM32F4xx_HAL_Driver/Inc -I../Drivers/STM32F4xx_HAL_Driver/Inc/Legacy -I../Drivers/CMSIS/Device/ST/STM32F4xx/Include -I../Drivers/CMSIS/Include -O0 -ffunction-sections -fdata-sections -fno-exceptions -fno-rtti -fno-use-cxa-atexit -Wall -fstack-usage -MMD -MP -MF"modules/src/filesystem.d" -MT"modules/src/filesystem.o" --specs=nano.specs -mfpu=fpv4-sp-d16 -mfloat-abi=hard -mthumb -o "modules/src/filesystem.o"
../modules/src/filesystem.cpp: In function 'int flash_init()':
../modules/src/filesystem.cpp:16:1: warning: no return statement in function returning non-void [-Wreturn-type]
   16 | }
      | ^
arm-none-eabi-g++ -o "Flash_Module.elf" @"objects.list"   -mcpu=cortex-m4 -T"/home/renatobarresi/Renato/CESE_fiuba/Tesis/Code/Flash_Module/STM32F429ZITX_FLASH.ld" --specs=nosys.specs -Wl,-Map="Flash_Module.map" -Wl,--gc-sections -static --specs=nano.specs -mfpu=fpv4-sp-d16 -mfloat-abi=hard -mthumb -Wl,--start-group -lc -lm -lstdc++ -lsupc++ -Wl,--end-group
Finished building target: Flash_Module.elf
 
arm-none-eabi-size   Flash_Module.elf 
arm-none-eabi-objdump -h -S  Flash_Module.elf  > "Flash_Module.list"
   text	   data	    bss	    dec	    hex	filename
  45832	    124	   1896	  47852	   baec	Flash_Module.elf
Finished building: default.size.stdout
 
Finished building: Flash_Module.list
 
22:14:52 **** Incremental Build of configuration Debug for project Flash_Module ****
make -j20 all 
arm-none-eabi-size   Flash_Module.elf 
   text	   data	    bss	    dec	    hex	filename
  45832	    124	   1896	  47852	   baec	Flash_Module.elf
Finished building: default.size.stdout
 
